<html>
<body>
<pre>
<h1>礦ision Build Log</h1>
<h2>Tool Versions:</h2>
IDE-Version: μVision V5.14.0.0
Copyright (C) 2015 ARM Ltd and ARM Germany GmbH. All rights reserved.
License Information: mjoimj Hs, nmjio, LIC=32BVE-5I6WR-AQ70M-XU4T3-3TT5R-0C3XR
 
Tool Versions:
Toolchain:       MDK-ARM Standard  Version: 5.14.0.0
Toolchain Path:  d:\Keil_5\ARM\ARMCC\Bin
C Compiler:      Armcc.exe V5.05 update 1 (build 106)
Assembler:       Armasm.exe V5.05 update 1 (build 106)
Linker/Locator:  ArmLink.exe V5.05 update 1 (build 106)
Library Manager: ArmAr.exe V5.05 update 1 (build 106)
Hex Converter:   FromElf.exe V5.05 update 1 (build 106)
CPU DLL:         SARMCM3.DLL V5.14.0.0
Dialog DLL:      DARMSTM.DLL V1.65.0.0
Target DLL:      Segger\JL2CM3.dll V2.99.13.0
Dialog DLL:      TARMSTM.DLL V1.64.0.0
 
<h2>Project:</h2>
C:\Users\Hs\Desktop\新建文件夹\国赛正式版_应该是最终\USER\OV7670.uvprojx
Project File Date:  08/11/2017

<h2>Output:</h2>
Build target 'OV7670'
compiling key.c...
linking...
Program Size: Code=30914 RO-data=7074 RW-data=460 ZI-data=52684  
FromELF: creating hex file...
"..\OBJ\OV7670.axf" - 0 Error(s), 0 Warning(s).

<h2>Collection of Component include folders:</h2>
  C:\Users\Hs\Desktop\新建文件夹\国赛正式版_应该是最终\USER\RTE
  d:\Keil_5\ARM\PACK\Keil\STM32F1xx_DFP\1.0.5\Device\Include

<h2>Collection of Component Files used:</h2>
</pre>
</body>
</html>
