Component: ARM Compiler 5.05 update 1 (build 106) Tool: armlink [4d0efa]

==============================================================================

Section Cross References

    main.o(.text) refers to faddsub_clz.o(x$fpl$fsub) for __aeabi_fsub
    main.o(.text) refers to ffix.o(x$fpl$ffix) for __aeabi_f2iz
    main.o(.text) refers to stm32f10x_tim.o(.text) for TIM_SetCompare2
    main.o(.text) refers to delay.o(.text) for delay_ms
    main.o(.text) refers to misc.o(.text) for NVIC_PriorityGroupConfig
    main.o(.text) refers to usart.o(.text) for uart_init
    main.o(.text) refers to led.o(.text) for LED_Init
    main.o(.text) refers to control.o(.text) for PID_Init
    main.o(.text) refers to adc.o(.text) for Adc_Init
    main.o(.text) refers to pwm.o(.text) for TIM1_PWM_Init
    main.o(.text) refers to timer.o(.text) for TIM2_Int_Init
    main.o(.text) refers to encoder.o(.text) for ENC_Init
    main.o(.text) refers to key.o(.text) for Init_Keyboard_Interrupt
    main.o(.text) refers to lcd.o(.text) for LCD_Init
    main.o(.text) refers to ffixu.o(x$fpl$ffixu) for __aeabi_f2uiz
    main.o(.text) refers to frleqf.o(x$fpl$frleqf) for __aeabi_cfrcmple
    main.o(.text) refers to fleqf.o(x$fpl$fleqf) for __aeabi_cfcmple
    main.o(.text) refers to control.o(.bss) for pid
    main.o(.text) refers to lcd.o(.data) for POINT_COLOR
    system_stm32f10x.o(.text) refers to system_stm32f10x.o(.data) for SystemCoreClock
    led.o(.text) refers to stm32f10x_rcc.o(.text) for RCC_APB2PeriphClockCmd
    led.o(.text) refers to stm32f10x_gpio.o(.text) for GPIO_Init
    key.o(.text) refers to stm32f10x_rcc.o(.text) for RCC_APB2PeriphClockCmd
    key.o(.text) refers to stm32f10x_gpio.o(.text) for GPIO_Init
    key.o(.text) refers to stm32f10x_exti.o(.text) for EXTI_ClearITPendingBit
    key.o(.text) refers to misc.o(.text) for NVIC_Init
    key.o(.text) refers to faddsub_clz.o(x$fpl$fadd) for __aeabi_fadd
    key.o(.text) refers to faddsub_clz.o(x$fpl$fsub) for __aeabi_fsub
    key.o(.text) refers to key.o(.data) for key_data
    key.o(.text) refers to control.o(.bss) for pid
    lcd.o(.text) refers to _printf_percent.o(.ARM.Collect$$_printf_percent$$00000000) for _printf_percent
    lcd.o(.text) refers to _printf_x.o(.ARM.Collect$$_printf_percent$$0000000C) for _printf_x
    lcd.o(.text) refers to _printf_hex_int.o(.text) for _printf_longlong_hex
    lcd.o(.text) refers to delay.o(.text) for delay_us
    lcd.o(.text) refers to lcd.o(.bss) for lcddev
    lcd.o(.text) refers to lcd.o(.data) for POINT_COLOR
    lcd.o(.text) refers to dflt_clz.o(x$fpl$dfltu) for __aeabi_ui2d
    lcd.o(.text) refers to dmul.o(x$fpl$dmul) for __aeabi_dmul
    lcd.o(.text) refers to dfixu.o(x$fpl$dfixu) for __aeabi_d2uiz
    lcd.o(.text) refers to stm32f10x_rcc.o(.text) for RCC_AHBPeriphClockCmd
    lcd.o(.text) refers to stm32f10x_gpio.o(.text) for GPIO_Init
    lcd.o(.text) refers to stm32f10x_fsmc.o(.text) for FSMC_NORSRAMInit
    lcd.o(.text) refers to noretval__2printf.o(.text) for __2printf
    lcd.o(.text) refers to lcd.o(.constdata) for asc2_1206
    rtc.o(.text) refers to _printf_percent.o(.ARM.Collect$$_printf_percent$$00000000) for _printf_percent
    rtc.o(.text) refers to _printf_d.o(.ARM.Collect$$_printf_percent$$00000009) for _printf_d
    rtc.o(.text) refers to _printf_dec.o(.text) for _printf_int_dec
    rtc.o(.text) refers to misc.o(.text) for NVIC_Init
    rtc.o(.text) refers to stm32f10x_rtc.o(.text) for RTC_GetCounter
    rtc.o(.text) refers to stm32f10x_rcc.o(.text) for RCC_APB1PeriphClockCmd
    rtc.o(.text) refers to stm32f10x_pwr.o(.text) for PWR_BackupAccessCmd
    rtc.o(.text) refers to stm32f10x_bkp.o(.text) for BKP_ReadBackupRegister
    rtc.o(.text) refers to delay.o(.text) for delay_ms
    rtc.o(.text) refers to noretval__2printf.o(.text) for __2printf
    rtc.o(.text) refers to rtc.o(.constdata) for table_week
    rtc.o(.text) refers to rtc.o(.data) for daycnt
    rtc.o(.text) refers to rtc.o(.bss) for calendar
    qd.o(.text) refers to frleqf.o(x$fpl$frleqf) for __aeabi_cfrcmple
    qd.o(.text) refers to ffixu.o(x$fpl$ffixu) for __aeabi_f2uiz
    qd.o(.text) refers to stm32f10x_tim.o(.text) for TIM_SetCompare2
    qd.o(.text) refers to fleqf.o(x$fpl$fleqf) for __aeabi_cfcmple
    qd.o(.text) refers to faddsub_clz.o(x$fpl$fsub) for __aeabi_fsub
    qd.o(.text) refers to timer.o(.text) for up_moto3
    qd.o(.text) refers to control.o(.bss) for pid
    pwm.o(.text) refers to stm32f10x_rcc.o(.text) for RCC_APB1PeriphClockCmd
    pwm.o(.text) refers to stm32f10x_gpio.o(.text) for GPIO_Init
    pwm.o(.text) refers to stm32f10x_tim.o(.text) for TIM_TimeBaseInit
    adc.o(.text) refers to stm32f10x_rcc.o(.text) for RCC_APB2PeriphClockCmd
    adc.o(.text) refers to stm32f10x_gpio.o(.text) for GPIO_Init
    adc.o(.text) refers to stm32f10x_adc.o(.text) for ADC_DeInit
    control.o(.text) refers to f2d.o(x$fpl$f2d) for __aeabi_f2d
    control.o(.text) refers to ddiv.o(x$fpl$ddiv) for __aeabi_ddiv
[...]
    .ARM.Collect$$rtentry$$0000000A          0x080001c2   Section        4  __rtentry2.o(.ARM.Collect$$rtentry$$0000000A)
    .ARM.Collect$$rtentry$$0000000C          0x080001c6   Section        0  __rtentry2.o(.ARM.Collect$$rtentry$$0000000C)
    .ARM.Collect$$rtentry$$0000000D          0x080001c6   Section        8  __rtentry2.o(.ARM.Collect$$rtentry$$0000000D)
    .ARM.Collect$$rtexit$$00000000           0x080001ce   Section        2  rtexit.o(.ARM.Collect$$rtexit$$00000000)
    .ARM.Collect$$rtexit$$00000002           0x080001d0   Section        0  rtexit2.o(.ARM.Collect$$rtexit$$00000002)
    .ARM.Collect$$rtexit$$00000003           0x080001d0   Section        4  rtexit2.o(.ARM.Collect$$rtexit$$00000003)
    .ARM.Collect$$rtexit$$00000004           0x080001d4   Section        6  rtexit2.o(.ARM.Collect$$rtexit$$00000004)
    .text                                    0x080001dc   Section        0  main.o(.text)
    .text                                    0x08000398   Section        0  stm32f10x_it.o(.text)
    .text                                    0x080003b4   Section        0  system_stm32f10x.o(.text)
    SetSysClockTo72                          0x080003b5   Thumb Code   214  system_stm32f10x.o(.text)
    SetSysClock                              0x0800048b   Thumb Code     8  system_stm32f10x.o(.text)
    .text                                    0x08000594   Section        0  led.o(.text)
    .text                                    0x080005e0   Section        0  key.o(.text)
    .text                                    0x080009ec   Section        0  lcd.o(.text)
    .text                                    0x08005444   Section        0  rtc.o(.text)
    RTC_NVIC_Config                          0x08005445   Thumb Code    32  rtc.o(.text)
    .text                                    0x080058bc   Section        0  qd.o(.text)
    .text                                    0x08005a18   Section        0  pwm.o(.text)
    .text                                    0x08005bbc   Section        0  adc.o(.text)
    .text                                    0x08005ca8   Section        0  control.o(.text)
    .text                                    0x080061d4   Section        0  timer.o(.text)
    .text                                    0x080064e0   Section        0  encoder.o(.text)
    .text                                    0x080065d4   Section        0  delay.o(.text)
    .text                                    0x080066a8   Section        0  usart.o(.text)
    .text                                    0x080067e8   Section       64  startup_stm32f10x_hd.o(.text)
    .text                                    0x08006828   Section        0  misc.o(.text)
    .text                                    0x08006904   Section        0  stm32f10x_bkp.o(.text)
    .text                                    0x080069c8   Section        0  stm32f10x_fsmc.o(.text)
    .text                                    0x08006fd4   Section        0  stm32f10x_gpio.o(.text)
    .text                                    0x08007330   Section        0  stm32f10x_pwr.o(.text)
    .text                                    0x080073fc   Section        0  stm32f10x_rcc.o(.text)
    .text                                    0x080077a0   Section        0  stm32f10x_usart.o(.text)
    .text                                    0x08007ba8   Section        0  stm32f10x_rtc.o(.text)
    .text                                    0x08007cf0   Section        0  stm32f10x_tim.o(.text)
    TI4_Config                               0x08008197   Thumb Code   130  stm32f10x_tim.o(.text)
    TI3_Config                               0x0800822b   Thumb Code   122  stm32f10x_tim.o(.text)
    TI2_Config                               0x080082bf   Thumb Code   130  stm32f10x_tim.o(.text)
    TI1_Config                               0x08008353   Thumb Code   108  stm32f10x_tim.o(.text)
    .text                                    0x08008b0c   Section        0  stm32f10x_adc.o(.text)
    .text                                    0x08008f5c   Section        0  stm32f10x_exti.o(.text)
    .text                                    0x08009078   Section        2  use_no_semi_2.o(.text)
    .text                                    0x0800907c   Section        0  noretval__2printf.o(.text)
    .text                                    0x08009094   Section        0  _printf_dec.o(.text)
    .text                                    0x0800910c   Section        0  _printf_hex_int.o(.text)
    .text                                    0x08009164   Section        0  __printf_flags_ss_wp.o(.text)
    .text                                    0x080092ec   Section        0  heapauxi.o(.text)
    .text                                    0x080092f2   Section        2  use_no_semi.o(.text)
    .text                                    0x080092f4   Section        0  _printf_intcommon.o(.text)
    .text                                    0x080093a8   Section        0  _printf_char_file.o(.text)
    .text                                    0x080093cc   Section        0  _printf_char_common.o(.text)
    _printf_input_char                       0x080093cd   Thumb Code    10  _printf_char_common.o(.text)
    .text                                    0x080093fc   Section        0  ferror.o(.text)
    .text                                    0x08009404   Section       74  sys_stackheap_outer.o(.text)
    .text                                    0x0800944e   Section        0  exit.o(.text)
    .text                                    0x0800945c   Section        8  libspace.o(.text)
    i._is_digit                              0x08009464   Section        0  __printf_wp.o(i._is_digit)
    x$fpl$d2f                                0x08009474   Section       98  d2f.o(x$fpl$d2f)
    x$fpl$ddiv                               0x080094d8   Section      688  ddiv.o(x$fpl$ddiv)
    ddiv_entry                               0x080094df   Thumb Code     0  ddiv.o(x$fpl$ddiv)
    x$fpl$dfixu                              0x08009788   Section       90  dfixu.o(x$fpl$dfixu)
    x$fpl$dfltu                              0x080097e2   Section       38  dflt_clz.o(x$fpl$dfltu)
    x$fpl$dmul                               0x08009808   Section      340  dmul.o(x$fpl$dmul)
    x$fpl$dnaninf                            0x0800995c   Section      156  dnaninf.o(x$fpl$dnaninf)
    x$fpl$dretinf                            0x080099f8   Section       12  dretinf.o(x$fpl$dretinf)
    x$fpl$f2d                                0x08009a04   Section       86  f2d.o(x$fpl$f2d)
    x$fpl$fadd                               0x08009a5c   Section      196  faddsub_clz.o(x$fpl$fadd)
    _fadd1                                   0x08009a6b   Thumb Code     0  faddsub_clz.o(x$fpl$fadd)
    x$fpl$fcmpinf                            0x08009b20   Section       24  fcmpi.o(x$fpl$fcmpinf)
    x$fpl$ffix                               0x08009b38   Section       54  ffix.o(x$fpl$ffix)
    x$fpl$ffixu                              0x08009b70   Section       62  ffixu.o(x$fpl$ffixu)
    x$fpl$fflt                               0x08009bb0   Section       48  fflt_clz.o(x$fpl$fflt)
    x$fpl$ffltu                              0x08009be0   Section       38  fflt_clz.o(x$fpl$ffltu)
    x$fpl$fleqf                              0x08009c08   Section      104  fleqf.o(x$fpl$fleqf)
    x$fpl$fmul                               0x08009c70   Section      258  fmul.o(x$fpl$fmul)
    x$fpl$fnaninf                            0x08009d72   Section      140  fnaninf.o(x$fpl$fnaninf)
    x$fpl$fretinf                            0x08009dfe   Section       10  fretinf.o(x$fpl$fretinf)
    x$fpl$frleqf                             0x08009e08   Section       98  frleqf.o(x$fpl$frleqf)
    x$fpl$fsub                               0x08009e6c   Section      234  faddsub_clz.o(x$fpl$fsub)
    _fsub1                                   0x08009e7b   Thumb Code     0  faddsub_clz.o(x$fpl$fsub)
    .constdata                               0x08009f56   Section     6080  lcd.o(.constdata)
    x$fpl$usenofp                            0x08009f56   Section        0  usenofp.o(x$fpl$usenofp)
    .constdata                               0x0800b716   Section       24  rtc.o(.constdata)
    .constdata                               0x0800b72e   Section       40  _printf_hex_int.o(.constdata)
    uc_hextab                                0x0800b72e   Data          20  _printf_hex_int.o(.constdata)
    lc_hextab                                0x0800b742   Data          20  _printf_hex_int.o(.constdata)
    .constdata                               0x0800b756   Section       17  __printf_flags_ss_wp.o(.constdata)
    maptable                                 0x0800b756   Data          17  __printf_flags_ss_wp.o(.constdata)
    .data                                    0x20000000   Section       20  system_stm32f10x.o(.data)
    .data                                    0x20000014   Section       21  key.o(.data)
    .data                                    0x2000002a   Section        4  lcd.o(.data)
    .data                                    0x2000002e   Section        2  rtc.o(.data)
    daycnt                                   0x2000002e   Data           2  rtc.o(.data)
    .data                                    0x20000030   Section      116  control.o(.data)
    Velocity                                 0x20000038   Data           4  control.o(.data)
    Encoder_Least                            0x2000003c   Data           4  control.o(.data)
    Encoder                                  0x20000040   Data           4  control.o(.data)
    S_encoder                                0x20000044   Data           4  control.o(.data)
    encoder_last                             0x20000048   Data           4  control.o(.data)
    err                                      0x2000004c   Data           4  control.o(.data)
    i                                        0x20000050   Data           4  control.o(.data)
    Bias                                     0x20000054   Data           4  control.o(.data)
    Bias_last                                0x20000058   Data           4  control.o(.data)
    Velocity                                 0x2000005c   Data           4  control.o(.data)
    Encoder_Least                            0x20000060   Data           4  control.o(.data)
    Encoder                                  0x20000064   Data           4  control.o(.data)
    S_encoder                                0x20000068   Data           4  control.o(.data)
    encoder_last                             0x2000006c   Data           4  control.o(.data)
    err                                      0x20000070   Data           4  control.o(.data)
    i                                        0x20000074   Data           4  control.o(.data)
    Bias                                     0x20000078   Data           4  control.o(.data)
    Bias_last                                0x2000007c   Data           4  control.o(.data)
    Velocity                                 0x20000080   Data           4  control.o(.data)
    Encoder_Least                            0x20000084   Data           4  control.o(.data)
    Encoder                                  0x20000088   Data           4  control.o(.data)
    S_encoder                                0x2000008c   Data           4  control.o(.data)
    encoder_last                             0x20000090   Data           4  control.o(.data)
    err                                      0x20000094   Data           4  control.o(.data)
    i                                        0x20000098   Data           4  control.o(.data)
    Bias                                     0x2000009c   Data           4  control.o(.data)
    Bias_last                                0x200000a0   Data           4  control.o(.data)
    .data                                    0x200000a4   Section        4  delay.o(.data)
    fac_us                                   0x200000a4   Data           1  delay.o(.data)
    fac_ms                                   0x200000a6   Data           2  delay.o(.data)
    .data                                    0x200000a8   Section        6  usart.o(.data)
    .data                                    0x200000ae   Section       20  stm32f10x_rcc.o(.data)
    APBAHBPrescTable                         0x200000ae   Data          16  stm32f10x_rcc.o(.data)
    ADCPrescTable                            0x200000be   Data           4  stm32f10x_rcc.o(.data)
    .bss                                     0x200000c4   Section       14  lcd.o(.bss)
    .bss                                     0x200000d2   Section       10  rtc.o(.bss)
    .bss                                     0x200000dc   Section       72  control.o(.bss)
    .bss                                     0x20000124   Section      200  usart.o(.bss)
    .bss                                     0x200001ec   Section       96  libspace.o(.bss)
    HEAP                                     0x20000250   Section      512  startup_stm32f10x_hd.o(HEAP)
    Heap_Mem                                 0x20000250   Data         512  startup_stm32f10x_hd.o(HEAP)
    STACK                                    0x20000450   Section     1024  startup_stm32f10x_hd.o(STACK)
    Stack_Mem                                0x20000450   Data        1024  startup_stm32f10x_hd.o(STACK)
    __initial_sp                             0x20000850   Data           0  startup_stm32f10x_hd.o(STACK)

    Global Symbols

    Symbol Name                              Value     Ov Type        Size  Object(Section)

    BuildAttributes$$THM_ISAv4$P$D$K$B$S$PE$A:L22UL41UL21$X:L11$S22US41US21$IEEE1$IW$USESV6$~STKCKD$USESV7$~SHL$OSPACE$ROPI$EBA8$UX$STANDARDLIB$REQ8$PRES8$EABIv2 0x00000000   Number         0  anon$$obj.o ABSOLUTE
    __ARM_use_no_argv                        0x00000000   Number         0  main.o ABSOLUTE
    _printf_flags                            0x00000000   Number         0  printf_stubs.o ABSOLUTE
    _printf_return_value                     0x00000000   Number         0  printf_stubs.o ABSOLUTE
    _printf_sizespec                         0x00000000   Number         0  printf_stubs.o ABSOLUTE
    _printf_widthprec                        0x00000000   Number         0  printf_stubs.o ABSOLUTE
    __ARM_exceptions_init                     - Undefined Weak Reference
    __alloca_initialize                       - Undefined Weak Reference
    __arm_preinit_                            - Undefined Weak Reference
    __cpp_initialize__aeabi_                  - Undefined Weak Reference
    __cxa_finalize                            - Undefined Weak Reference
    __rt_locale                               - Undefined Weak Reference
    __sigvec_lookup                           - Undefined Weak Reference
    _atexit_init                              - Undefined Weak Reference
    _call_atexit_fns                          - Undefined Weak Reference
    _clock_init                               - Undefined Weak Reference
    _fp_trap_init                             - Undefined Weak Reference
    _fp_trap_shutdown                         - Undefined Weak Reference
    _get_lc_collate                           - Undefined Weak Reference
    _get_lc_ctype                             - Undefined Weak Reference
    _get_lc_monetary                          - Undefined Weak Reference
    _get_lc_numeric                           - Undefined Weak Reference
    _get_lc_time                              - Undefined Weak Reference
    _getenv_init                              - Undefined Weak Reference
    _handle_redirection                       - Undefined Weak Reference
    _init_alloc                               - Undefined Weak Reference
    _init_user_alloc                          - Undefined Weak Reference
    _initio                                   - Undefined Weak Reference
    _mutex_acquire                            - Undefined Weak Reference
    _mutex_release                            - Undefined Weak Reference
    _printf_mbtowc                            - Undefined Weak Reference
    _printf_truncate_signed                   - Undefined Weak Reference
    _printf_truncate_unsigned                 - Undefined Weak Reference
    _rand_init                                - Undefined Weak Reference
    _signal_finish                            - Undefined Weak Reference
    _signal_init                              - Undefined Weak Reference
    _terminate_alloc                          - Undefined Weak Reference
    _terminate_user_alloc                     - Undefined Weak Reference
    _terminateio                              - Undefined Weak Reference
    __Vectors_Size                           0x00000130   Number         0  startup_stm32f10x_hd.o ABSOLUTE
    __Vectors                                0x08000000   Data           4  startup_stm32f10x_hd.o(RESET)
    __Vectors_End                            0x08000130   Data           0  startup_stm32f10x_hd.o(RESET)
    __main                                   0x08000131   Thumb Code     8  __main.o(!!!main)
    __scatterload                            0x08000139   Thumb Code     0  __scatter.o(!!!scatter)
    __scatterload_rt2                        0x08000139   Thumb Code    44  __scatter.o(!!!scatter)
    __scatterload_rt2_thumb_only             0x08000139   Thumb Code     0  __scatter.o(!!!scatter)
    __scatterload_null                       0x08000147   Thumb Code     0  __scatter.o(!!!scatter)
    __scatterload_copy                       0x0800016d   Thumb Code    26  __scatter_copy.o(!!handler_copy)
    __scatterload_zeroinit                   0x08000189   Thumb Code    28  __scatter_zi.o(!!handler_zi)
    _printf_d                                0x080001a5   Thumb Code     0  _printf_d.o(.ARM.Collect$$_printf_percent$$00000009)
    _printf_percent                          0x080001a5   Thumb Code     0  _printf_percent.o(.ARM.Collect$$_printf_percent$$00000000)
    _printf_x                                0x080001ab   Thumb Code     0  _printf_x.o(.ARM.Collect$$_printf_percent$$0000000C)
    _printf_percent_end                      0x080001b1   Thumb Code     0  _printf_percent_end.o(.ARM.Collect$$_printf_percent$$00000017)
    __rt_lib_init                            0x080001b5   Thumb Code     0  libinit.o(.ARM.Collect$$libinit$$00000000)
    __rt_lib_init_alloca_1                   0x080001b7   Thumb Code     0  libinit2.o(.ARM.Collect$$libinit$$0000002E)
    __rt_lib_init_argv_1                     0x080001b7   Thumb Code     0  libinit2.o(.ARM.Collect$$libinit$$0000002C)
    __rt_lib_init_atexit_1                   0x080001b7   Thumb Code     0  libinit2.o(.ARM.Collect$$libinit$$0000001B)
    __rt_lib_init_clock_1                    0x080001b7   Thumb Code     0  libinit2.o(.ARM.Collect$$libinit$$00000021)
    __rt_lib_init_cpp_1                      0x080001b7   Thumb Code     0  libinit2.o(.ARM.Collect$$libinit$$00000032)
    __rt_lib_init_exceptions_1               0x080001b7   Thumb Code     0  libinit2.o(.ARM.Collect$$libinit$$00000030)
    __rt_lib_init_fp_1                       0x080001b7   Thumb Code     0  libinit2.o(.ARM.Collect$$libinit$$00000002)
    __rt_lib_init_fp_trap_1                  0x080001b7   Thumb Code     0  libinit2.o(.ARM.Collect$$libinit$$0000001F)
    __rt_lib_init_getenv_1                   0x080001b7   Thumb Code     0  libinit2.o(.ARM.Collect$$libinit$$00000023)
    __rt_lib_init_heap_1                     0x080001b7   Thumb Code     0  libinit2.o(.ARM.Collect$$libinit$$0000000A)
    __rt_lib_init_lc_collate_1               0x080001b7   Thumb Code     0  libinit2.o(.ARM.Collect$$libinit$$00000011)
    __rt_lib_init_lc_ctype_1                 0x080001b7   Thumb Code     0  libinit2.o(.ARM.Collect$$libinit$$00000013)
    __rt_lib_init_lc_monetary_1              0x080001b7   Thumb Code     0  libinit2.o(.ARM.Collect$$libinit$$00000015)
    __rt_lib_init_lc_numeric_1               0x080001b7   Thumb Code     0  libinit2.o(.ARM.Collect$$libinit$$00000017)
    __rt_lib_init_lc_time_1                  0x080001b7   Thumb Code     0  libinit2.o(.ARM.Collect$$libinit$$00000019)
    __rt_lib_init_preinit_1                  0x080001b7   Thumb Code     0  libinit2.o(.ARM.Collect$$libinit$$00000004)
    __rt_lib_init_rand_1                     0x080001b7   Thumb Code     0  libinit2.o(.ARM.Collect$$libinit$$0000000E)
    __rt_lib_init_return                     0x080001b7   Thumb Code     0  libinit2.o(.ARM.Collect$$libinit$$00000033)
    __rt_lib_init_signal_1                   0x080001b7   Thumb Code     0  libinit2.o(.ARM.Collect$$libinit$$0000001D)
    __rt_lib_init_stdio_1                    0x080001b7   Thumb Code     0  libinit2.o(.ARM.Collect$$libinit$$00000025)
    __rt_lib_init_user_alloc_1               0x080001b7   Thumb Code     0  libinit2.o(.ARM.Collect$$libinit$$0000000C)
    __rt_lib_shutdown                        0x080001b9   Thumb Code     0  libshutdown.o(.ARM.Collect$$libshutdown$$00000000)
    __rt_lib_shutdown_fp_trap_1              0x080001bb   Thumb Code     0  libshutdown2.o(.ARM.Collect$$libshutdown$$00000006)
    __rt_lib_shutdown_heap_1                 0x080001bb   Thumb Code     0  libshutdown2.o(.ARM.Collect$$libshutdown$$0000000E)
    __rt_lib_shutdown_return                 0x080001bb   Thumb Code     0  libshutdown2.o(.ARM.Collect$$libshutdown$$0000000F)
    __rt_lib_shutdown_signal_1               0x080001bb   Thumb Code     0  libshutdown2.o(.ARM.Collect$$libshutdown$$00000009)
    __rt_lib_shutdown_stdio_1                0x080001bb   Thumb Code     0  libshutdown2.o(.ARM.Collect$$libshutdown$$00000003)
    __rt_lib_shutdown_user_alloc_1           0x080001bb   Thumb Code     0  libshutdown2.o(.ARM.Collect$$libshutdown$$0000000B)
    __rt_entry                               0x080001bd   Thumb Code     0  __rtentry.o(.ARM.Collect$$rtentry$$00000000)
    __rt_entry_presh_1                       0x080001bd   Thumb Code     0  __rtentry2.o(.ARM.Collect$$rtentry$$00000002)
    __rt_entry_sh                            0x080001bd   Thumb Code     0  __rtentry4.o(.ARM.Collect$$rtentry$$00000004)
    __rt_entry_li                            0x080001c3   Thumb Code     0  __rtentry2.o(.ARM.Collect$$rtentry$$0000000A)
    __rt_entry_postsh_1                      0x080001c3   Thumb Code     0  __rtentry2.o(.ARM.Collect$$rtentry$$00000009)
    __rt_entry_main                          0x080001c7   Thumb Code     0  __rtentry2.o(.ARM.Collect$$rtentry$$0000000D)
    __rt_entry_postli_1                      0x080001c7   Thumb Code     0  __rtentry2.o(.ARM.Collect$$rtentry$$0000000C)
    __rt_exit                                0x080001cf   Thumb Code     0  rtexit.o(.ARM.Collect$$rtexit$$00000000)
    __rt_exit_ls                             0x080001d1   Thumb Code     0  rtexit2.o(.ARM.Collect$$rtexit$$00000003)
    __rt_exit_prels_1                        0x080001d1   Thumb Code     0  rtexit2.o(.ARM.Collect$$rtexit$$00000002)
    __rt_exit_exit                           0x080001d5   Thumb Code     0  rtexit2.o(.ARM.Collect$$rtexit$$00000004)
    up_moto                                  0x080001dd   Thumb Code   108  main.o(.text)
    main                                     0x08000249   Thumb Code   280  main.o(.text)
    NMI_Handler                              0x08000399   Thumb Code     2  stm32f10x_it.o(.text)
    HardFault_Handler                        0x0800039b   Thumb Code     4  stm32f10x_it.o(.text)
    MemManage_Handler                        0x0800039f   Thumb Code     4  stm32f10x_it.o(.text)
    BusFault_Handler                         0x080003a3   Thumb Code     4  stm32f10x_it.o(.text)
    UsageFault_Handler                       0x080003a7   Thumb Code     4  stm32f10x_it.o(.text)
    SVC_Handler                              0x080003ab   Thumb Code     2  stm32f10x_it.o(.text)
    DebugMon_Handler                         0x080003ad   Thumb Code     2  stm32f10x_it.o(.text)
    PendSV_Handler                           0x080003af   Thumb Code     2  stm32f10x_it.o(.text)
    SysTick_Handler                          0x080003b1   Thumb Code     2  stm32f10x_it.o(.text)
    SystemInit                               0x08000493   Thumb Code    78  system_stm32f10x.o(.text)
    SystemCoreClockUpdate                    0x080004e1   Thumb Code   142  system_stm32f10x.o(.text)
    LED_Init                                 0x08000595   Thumb Code    68  led.o(.text)
    Delay                                    0x080005e1   Thumb Code    18  key.o(.text)
    KEY4x4_Init                              0x080005f3   Thumb Code    72  key.o(.text)
    Init_Keyboard_Interrupt                  0x0800063b   Thumb Code   140  key.o(.text)
    Key_scan                                 0x080006c7   Thumb Code   454  key.o(.text)
    Function                                 0x0800088d   Thumb Code   284  key.o(.text)
    EXTI15_10_IRQHandler                     0x080009a9   Thumb Code    22  key.o(.text)
    LCD_WR_REG                               0x080009ed   Thumb Code     6  lcd.o(.text)
    LCD_WR_DATA                              0x080009f3   Thumb Code     8  lcd.o(.text)
    LCD_RD_DATA                              0x080009fb   Thumb Code    16  lcd.o(.text)
    LCD_WriteReg                             0x08000a0b   Thumb Code    10  lcd.o(.text)
    LCD_ReadReg                              0x08000a15   Thumb Code    22  lcd.o(.text)
    LCD_WriteRAM_Prepare                     0x08000a2b   Thumb Code    10  lcd.o(.text)
    LCD_WriteRAM                             0x08000a35   Thumb Code     8  lcd.o(.text)
    LCD_BGR2RGB                              0x08000a3d   Thumb Code    26  lcd.o(.text)
    opt_delay                                0x08000a57   Thumb Code    14  lcd.o(.text)
    LCD_SetCursor                            0x08000a65   Thumb Code   418  lcd.o(.text)
    LCD_ReadPoint                            0x08000c07   Thumb Code   360  lcd.o(.text)
    LCD_DisplayOn                            0x08000d6f   Thumb Code   102  lcd.o(.text)
    LCD_DisplayOff                           0x08000dd5   Thumb Code    90  lcd.o(.text)
    LCD_Scan_Dir                             0x08000e2f   Thumb Code   744  lcd.o(.text)
    LCD_DrawPoint                            0x08001117   Thumb Code    28  lcd.o(.text)
    LCD_Fast_DrawPoint                       0x08001133   Thumb Code   384  lcd.o(.text)
    LCD_SSD_BackLightSet                     0x080012b3   Thumb Code    80  lcd.o(.text)
    LCD_Display_Dir                          0x08001303   Thumb Code   444  lcd.o(.text)
    LCD_Set_Window                           0x080014bf   Thumb Code   540  lcd.o(.text)
    LCD_Clear                                0x080016db   Thumb Code   100  lcd.o(.text)
    LCD_Init                                 0x0800173f   Thumb Code 14184  lcd.o(.text)
    LCD_Fill                                 0x08004ea7   Thumb Code   178  lcd.o(.text)
    LCD_Color_Fill                           0x08004f59   Thumb Code   106  lcd.o(.text)
    LCD_DrawLine                             0x08004fc3   Thumb Code   176  lcd.o(.text)
    LCD_DrawRectangle                        0x08005073   Thumb Code    60  lcd.o(.text)
    LCD_Draw_Circle                          0x080050af   Thumb Code   152  lcd.o(.text)
    LCD_ShowChar                             0x08005147   Thumb Code   272  lcd.o(.text)
    LCD_Pow                                  0x08005257   Thumb Code    22  lcd.o(.text)
    LCD_ShowNum                              0x0800526d   Thumb Code   148  lcd.o(.text)
    LCD_ShowxNum                             0x08005301   Thumb Code   220  lcd.o(.text)
    LCD_ShowString                           0x080053dd   Thumb Code   102  lcd.o(.text)
    RTC_Get_Week                             0x08005465   Thumb Code   116  rtc.o(.text)
    Is_Leap_Year                             0x080054d9   Thumb Code    58  rtc.o(.text)
    RTC_Get                                  0x08005513   Thumb Code   240  rtc.o(.text)
    RTC_Set                                  0x08005603   Thumb Code   184  rtc.o(.text)
    RTC_Init                                 0x080056bb   Thumb Code   192  rtc.o(.text)
    RTC_IRQHandler                           0x0800577b   Thumb Code    76  rtc.o(.text)
    RTC_Alarm_Set                            0x080057c7   Thumb Code   184  rtc.o(.text)
    QD_Init_1                                0x080058bd   Thumb Code   122  qd.o(.text)
    QD_Init_2                                0x08005937   Thumb Code   100  qd.o(.text)
    QD_Init_3                                0x0800599b   Thumb Code   108  qd.o(.text)
    TIM3_PWM_Init                            0x08005a19   Thumb Code   122  pwm.o(.text)
    TIM5_PWM_Init                            0x08005a93   Thumb Code   140  pwm.o(.text)
    TIM1_PWM_Init                            0x08005b1f   Thumb Code   142  pwm.o(.text)
    Adc_Init                                 0x08005bbd   Thumb Code   142  adc.o(.text)
    Get_Adc                                  0x08005c4b   Thumb Code    46  adc.o(.text)
    Get_Adc_Average                          0x08005c79   Thumb Code    40  adc.o(.text)
    PID_Init                                 0x08005ca9   Thumb Code    46  control.o(.text)
    velocity_mode1                           0x08005cd7   Thumb Code   214  control.o(.text)
    balance_mode1                            0x08005dad   Thumb Code   142  control.o(.text)
    velocity_mode2                           0x08005e3b   Thumb Code   214  control.o(.text)
    balance_mode2                            0x08005f11   Thumb Code   142  control.o(.text)
    velocity_mode3                           0x08005f9f   Thumb Code   214  control.o(.text)
    balance_mode3                            0x08006075   Thumb Code   340  control.o(.text)
    TIM2_Int_Init                            0x080061d5   Thumb Code    92  timer.o(.text)
    TIM6_Init                                0x08006231   Thumb Code   108  timer.o(.text)
    TIM2_IRQHandler                          0x0800629d   Thumb Code   416  timer.o(.text)
    up_moto2                                 0x0800643d   Thumb Code    56  timer.o(.text)
    up_moto3                                 0x08006475   Thumb Code    58  timer.o(.text)
    ENC_Init                                 0x080064e1   Thumb Code   188  encoder.o(.text)
    Read_Encoder                             0x0800659d   Thumb Code    22  encoder.o(.text)
    TIM4_IRQHandler                          0x080065b3   Thumb Code    24  encoder.o(.text)
    delay_init                               0x080065d5   Thumb Code    50  delay.o(.text)
    delay_us                                 0x08006607   Thumb Code    72  delay.o(.text)
    delay_ms                                 0x0800664f   Thumb Code    72  delay.o(.text)
    _sys_exit                                0x080066a9   Thumb Code     6  usart.o(.text)
    fputc                                    0x080066af   Thumb Code    24  usart.o(.text)
    uart_init                                0x080066c7   Thumb Code   152  usart.o(.text)
    USART1_IRQHandler                        0x0800675f   Thumb Code   122  usart.o(.text)
    Reset_Handler                            0x080067e9   Thumb Code     8  startup_stm32f10x_hd.o(.text)
    ADC1_2_IRQHandler                        0x08006803   Thumb Code     0  startup_stm32f10x_hd.o(.text)
    ADC3_IRQHandler                          0x08006803   Thumb Code     0  startup_stm32f10x_hd.o(.text)
    CAN1_RX1_IRQHandler                      0x08006803   Thumb Code     0  startup_stm32f10x_hd.o(.text)
    CAN1_SCE_IRQHandler                      0x08006803   Thumb Code     0  startup_stm32f10x_hd.o(.text)
    DMA1_Channel1_IRQHandler                 0x08006803   Thumb Code     0  startup_stm32f10x_hd.o(.text)
    DMA1_Channel2_IRQHandler                 0x08006803   Thumb Code     0  startup_stm32f10x_hd.o(.text)
    DMA1_Channel3_IRQHandler                 0x08006803   Thumb Code     0  startup_stm32f10x_hd.o(.text)
    DMA1_Channel4_IRQHandler                 0x08006803   Thumb Code     0  startup_stm32f10x_hd.o(.text)
    DMA1_Channel5_IRQHandler                 0x08006803   Thumb Code     0  startup_stm32f10x_hd.o(.text)
    DMA1_Channel6_IRQHandler                 0x08006803   Thumb Code     0  startup_stm32f10x_hd.o(.text)
    DMA1_Channel7_IRQHandler                 0x08006803   Thumb Code     0  startup_stm32f10x_hd.o(.text)
    DMA2_Channel1_IRQHandler                 0x08006803   Thumb Code     0  startup_stm32f10x_hd.o(.text)
    DMA2_Channel2_IRQHandler                 0x08006803   Thumb Code     0  startup_stm32f10x_hd.o(.text)
    DMA2_Channel3_IRQHandler                 0x08006803   Thumb Code     0  startup_stm32f10x_hd.o(.text)
    DMA2_Channel4_5_IRQHandler               0x08006803   Thumb Code     0  startup_stm32f10x_hd.o(.text)
    EXTI0_IRQHandler                         0x08006803   Thumb Code     0  startup_stm32f10x_hd.o(.text)
    EXTI1_IRQHandler                         0x08006803   Thumb Code     0  startup_stm32f10x_hd.o(.text)
    EXTI2_IRQHandler                         0x08006803   Thumb Code     0  startup_stm32f10x_hd.o(.text)
    EXTI3_IRQHandler                         0x08006803   Thumb Code     0  startup_stm32f10x_hd.o(.text)
    EXTI4_IRQHandler                         0x08006803   Thumb Code     0  startup_stm32f10x_hd.o(.text)
    EXTI9_5_IRQHandler                       0x08006803   Thumb Code     0  startup_stm32f10x_hd.o(.text)
    FLASH_IRQHandler                         0x08006803   Thumb Code     0  startup_stm32f10x_hd.o(.text)
    FSMC_IRQHandler                          0x08006803   Thumb Code     0  startup_stm32f10x_hd.o(.text)
    I2C1_ER_IRQHandler                       0x08006803   Thumb Code     0  startup_stm32f10x_hd.o(.text)
    I2C1_EV_IRQHandler                       0x08006803   Thumb Code     0  startup_stm32f10x_hd.o(.text)
    I2C2_ER_IRQHandler                       0x08006803   Thumb Code     0  startup_stm32f10x_hd.o(.text)
    I2C2_EV_IRQHandler                       0x08006803   Thumb Code     0  startup_stm32f10x_hd.o(.text)
    PVD_IRQHandler                           0x08006803   Thumb Code     0  startup_stm32f10x_hd.o(.text)
    RCC_IRQHandler                           0x08006803   Thumb Code     0  startup_stm32f10x_hd.o(.text)
    RTCAlarm_IRQHandler                      0x08006803   Thumb Code     0  startup_stm32f10x_hd.o(.text)
    SDIO_IRQHandler                          0x08006803   Thumb Code     0  startup_stm32f10x_hd.o(.text)
    SPI1_IRQHandler                          0x08006803   Thumb Code     0  startup_stm32f10x_hd.o(.text)
    SPI2_IRQHandler                          0x08006803   Thumb Code     0  startup_stm32f10x_hd.o(.text)
    SPI3_IRQHandler                          0x08006803   Thumb Code     0  startup_stm32f10x_hd.o(.text)
    TAMPER_IRQHandler                        0x08006803   Thumb Code     0  startup_stm32f10x_hd.o(.text)
    TIM1_BRK_IRQHandler                      0x08006803   Thumb Code     0  startup_stm32f10x_hd.o(.text)
    TIM1_CC_IRQHandler                       0x08006803   Thumb Code     0  startup_stm32f10x_hd.o(.text)
    TIM1_TRG_COM_IRQHandler                  0x08006803   Thumb Code     0  startup_stm32f10x_hd.o(.text)
    TIM1_UP_IRQHandler                       0x08006803   Thumb Code     0  startup_stm32f10x_hd.o(.text)
    TIM3_IRQHandler                          0x08006803   Thumb Code     0  startup_stm32f10x_hd.o(.text)
    TIM5_IRQHandler                          0x08006803   Thumb Code     0  startup_stm32f10x_hd.o(.text)
    TIM6_IRQHandler                          0x08006803   Thumb Code     0  startup_stm32f10x_hd.o(.text)
    TIM7_IRQHandler                          0x08006803   Thumb Code     0  startup_stm32f10x_hd.o(.text)
    TIM8_BRK_IRQHandler                      0x08006803   Thumb Code     0  startup_stm32f10x_hd.o(.text)
    TIM8_CC_IRQHandler                       0x08006803   Thumb Code     0  startup_stm32f10x_hd.o(.text)
    TIM8_TRG_COM_IRQHandler                  0x08006803   Thumb Code     0  startup_stm32f10x_hd.o(.text)
    TIM8_UP_IRQHandler                       0x08006803   Thumb Code     0  startup_stm32f10x_hd.o(.text)
    UART4_IRQHandler                         0x08006803   Thumb Code     0  startup_stm32f10x_hd.o(.text)
    UART5_IRQHandler                         0x08006803   Thumb Code     0  startup_stm32f10x_hd.o(.text)
    USART2_IRQHandler                        0x08006803   Thumb Code     0  startup_stm32f10x_hd.o(.text)
    USART3_IRQHandler                        0x08006803   Thumb Code     0  startup_stm32f10x_hd.o(.text)
    USBWakeUp_IRQHandler                     0x08006803   Thumb Code     0  startup_stm32f10x_hd.o(.text)
    USB_HP_CAN1_TX_IRQHandler                0x08006803   Thumb Code     0  startup_stm32f10x_hd.o(.text)
    USB_LP_CAN1_RX0_IRQHandler               0x08006803   Thumb Code     0  startup_stm32f10x_hd.o(.text)
    WWDG_IRQHandler                          0x08006803   Thumb Code     0  startup_stm32f10x_hd.o(.text)
    __user_initial_stackheap                 0x08006805   Thumb Code     0  startup_stm32f10x_hd.o(.text)
    NVIC_PriorityGroupConfig                 0x08006829   Thumb Code    10  misc.o(.text)
    NVIC_Init                                0x08006833   Thumb Code   100  misc.o(.text)
    NVIC_SetVectorTable                      0x08006897   Thumb Code    14  misc.o(.text)
    NVIC_SystemLPConfig                      0x080068a5   Thumb Code    34  misc.o(.text)
    SysTick_CLKSourceConfig                  0x080068c7   Thumb Code    40  misc.o(.text)
    BKP_DeInit                               0x08006905   Thumb Code    16  stm32f10x_bkp.o(.text)
    BKP_TamperPinLevelConfig                 0x08006915   Thumb Code     6  stm32f10x_bkp.o(.text)
    BKP_TamperPinCmd                         0x0800691b   Thumb Code     8  stm32f10x_bkp.o(.text)
    BKP_ITConfig                             0x08006923   Thumb Code     8  stm32f10x_bkp.o(.text)
    BKP_RTCOutputConfig                      0x0800692b   Thumb Code    22  stm32f10x_bkp.o(.text)
    BKP_SetRTCCalibrationValue               0x08006941   Thumb Code    22  stm32f10x_bkp.o(.text)
    BKP_WriteBackupRegister                  0x08006957   Thumb Code    24  stm32f10x_bkp.o(.text)
    BKP_ReadBackupRegister                   0x0800696f   Thumb Code    26  stm32f10x_bkp.o(.text)
    BKP_GetFlagStatus                        0x08006989   Thumb Code    10  stm32f10x_bkp.o(.text)
    BKP_ClearFlag                            0x08006993   Thumb Code    18  stm32f10x_bkp.o(.text)
    BKP_GetITStatus                          0x080069a5   Thumb Code    10  stm32f10x_bkp.o(.text)
    BKP_ClearITPendingBit                    0x080069af   Thumb Code    18  stm32f10x_bkp.o(.text)
    FSMC_NORSRAMDeInit                       0x080069c9   Thumb Code    54  stm32f10x_fsmc.o(.text)
    FSMC_NANDDeInit                          0x080069ff   Thumb Code    62  stm32f10x_fsmc.o(.text)
    FSMC_PCCARDDeInit                        0x08006a3d   Thumb Code    36  stm32f10x_fsmc.o(.text)
    FSMC_NORSRAMInit                         0x08006a61   Thumb Code   230  stm32f10x_fsmc.o(.text)
    FSMC_NANDInit                            0x08006b47   Thumb Code   132  stm32f10x_fsmc.o(.text)
    FSMC_PCCARDInit                          0x08006bcb   Thumb Code   130  stm32f10x_fsmc.o(.text)
    FSMC_NORSRAMStructInit                   0x08006c4d   Thumb Code   114  stm32f10x_fsmc.o(.text)
    FSMC_NANDStructInit                      0x08006cbf   Thumb Code    54  stm32f10x_fsmc.o(.text)
    FSMC_PCCARDStructInit                    0x08006cf5   Thumb Code    60  stm32f10x_fsmc.o(.text)
    FSMC_NORSRAMCmd                          0x08006d31   Thumb Code    46  stm32f10x_fsmc.o(.text)
    FSMC_NANDCmd                             0x08006d5f   Thumb Code    86  stm32f10x_fsmc.o(.text)
    FSMC_PCCARDCmd                           0x08006db5   Thumb Code    44  stm32f10x_fsmc.o(.text)
    FSMC_NANDECCCmd                          0x08006de1   Thumb Code    90  stm32f10x_fsmc.o(.text)
    FSMC_GetECC                              0x08006e3b   Thumb Code    24  stm32f10x_fsmc.o(.text)
    FSMC_ITConfig                            0x08006e53   Thumb Code   128  stm32f10x_fsmc.o(.text)
    FSMC_GetFlagStatus                       0x08006ed3   Thumb Code    54  stm32f10x_fsmc.o(.text)
    FSMC_ClearFlag                           0x08006f09   Thumb Code    62  stm32f10x_fsmc.o(.text)
    FSMC_GetITStatus                         0x08006f47   Thumb Code    64  stm32f10x_fsmc.o(.text)
    FSMC_ClearITPendingBit                   0x08006f87   Thumb Code    68  stm32f10x_fsmc.o(.text)
    GPIO_DeInit                              0x08006fd5   Thumb Code   172  stm32f10x_gpio.o(.text)
    GPIO_AFIODeInit                          0x08007081   Thumb Code    20  stm32f10x_gpio.o(.text)
    GPIO_Init                                0x08007095   Thumb Code   278  stm32f10x_gpio.o(.text)
    GPIO_StructInit                          0x080071ab   Thumb Code    16  stm32f10x_gpio.o(.text)
    GPIO_ReadInputDataBit                    0x080071bb   Thumb Code    18  stm32f10x_gpio.o(.text)
    GPIO_ReadInputData                       0x080071cd   Thumb Code     8  stm32f10x_gpio.o(.text)
    GPIO_ReadOutputDataBit                   0x080071d5   Thumb Code    18  stm32f10x_gpio.o(.text)
    GPIO_ReadOutputData                      0x080071e7   Thumb Code     8  stm32f10x_gpio.o(.text)
    GPIO_SetBits                             0x080071ef   Thumb Code     4  stm32f10x_gpio.o(.text)
    GPIO_ResetBits                           0x080071f3   Thumb Code     4  stm32f10x_gpio.o(.text)
    GPIO_WriteBit                            0x080071f7   Thumb Code    10  stm32f10x_gpio.o(.text)
    GPIO_Write                               0x08007201   Thumb Code     4  stm32f10x_gpio.o(.text)
    GPIO_PinLockConfig                       0x08007205   Thumb Code    18  stm32f10x_gpio.o(.text)
    GPIO_EventOutputConfig                   0x08007217   Thumb Code    26  stm32f10x_gpio.o(.text)
    GPIO_EventOutputCmd                      0x08007231   Thumb Code     6  stm32f10x_gpio.o(.text)
    GPIO_PinRemapConfig                      0x08007237   Thumb Code   138  stm32f10x_gpio.o(.text)
    GPIO_EXTILineConfig                      0x080072c1   Thumb Code    66  stm32f10x_gpio.o(.text)
    GPIO_ETH_MediaInterfaceConfig            0x08007303   Thumb Code     8  stm32f10x_gpio.o(.text)
    PWR_DeInit                               0x08007331   Thumb Code    22  stm32f10x_pwr.o(.text)
    PWR_BackupAccessCmd                      0x08007347   Thumb Code     6  stm32f10x_pwr.o(.text)
    PWR_PVDCmd                               0x0800734d   Thumb Code     6  stm32f10x_pwr.o(.text)
    PWR_PVDLevelConfig                       0x08007353   Thumb Code    18  stm32f10x_pwr.o(.text)
    PWR_WakeUpPinCmd                         0x08007365   Thumb Code     8  stm32f10x_pwr.o(.text)
    PWR_EnterSTOPMode                        0x0800736d   Thumb Code    54  stm32f10x_pwr.o(.text)
    PWR_EnterSTANDBYMode                     0x080073a3   Thumb Code    42  stm32f10x_pwr.o(.text)
    PWR_GetFlagStatus                        0x080073cd   Thumb Code    20  stm32f10x_pwr.o(.text)
    PWR_ClearFlag                            0x080073e1   Thumb Code    14  stm32f10x_pwr.o(.text)
    RCC_DeInit                               0x080073fd   Thumb Code    64  stm32f10x_rcc.o(.text)
    RCC_HSEConfig                            0x0800743d   Thumb Code    70  stm32f10x_rcc.o(.text)
    RCC_GetFlagStatus                        0x08007483   Thumb Code    56  stm32f10x_rcc.o(.text)
    RCC_WaitForHSEStartUp                    0x080074bb   Thumb Code    56  stm32f10x_rcc.o(.text)
    RCC_AdjustHSICalibrationValue            0x080074f3   Thumb Code    20  stm32f10x_rcc.o(.text)
    RCC_HSICmd                               0x08007507   Thumb Code     6  stm32f10x_rcc.o(.text)
    RCC_PLLConfig                            0x0800750d   Thumb Code    24  stm32f10x_rcc.o(.text)
    RCC_PLLCmd                               0x08007525   Thumb Code     6  stm32f10x_rcc.o(.text)
    RCC_SYSCLKConfig                         0x0800752b   Thumb Code    18  stm32f10x_rcc.o(.text)
    RCC_GetSYSCLKSource                      0x0800753d   Thumb Code    10  stm32f10x_rcc.o(.text)
    RCC_HCLKConfig                           0x08007547   Thumb Code    18  stm32f10x_rcc.o(.text)
    RCC_PCLK1Config                          0x08007559   Thumb Code    18  stm32f10x_rcc.o(.text)
    RCC_PCLK2Config                          0x0800756b   Thumb Code    20  stm32f10x_rcc.o(.text)
    RCC_ITConfig                             0x0800757f   Thumb Code    26  stm32f10x_rcc.o(.text)
    RCC_USBCLKConfig                         0x08007599   Thumb Code     8  stm32f10x_rcc.o(.text)
    RCC_ADCCLKConfig                         0x080075a1   Thumb Code    18  stm32f10x_rcc.o(.text)
    RCC_LSEConfig                            0x080075b3   Thumb Code    50  stm32f10x_rcc.o(.text)
    RCC_LSICmd                               0x080075e5   Thumb Code     6  stm32f10x_rcc.o(.text)
    RCC_RTCCLKConfig                         0x080075eb   Thumb Code    12  stm32f10x_rcc.o(.text)
    RCC_RTCCLKCmd                            0x080075f7   Thumb Code     8  stm32f10x_rcc.o(.text)
    RCC_GetClocksFreq                        0x080075ff   Thumb Code   192  stm32f10x_rcc.o(.text)
    RCC_AHBPeriphClockCmd                    0x080076bf   Thumb Code    26  stm32f10x_rcc.o(.text)
    RCC_APB2PeriphClockCmd                   0x080076d9   Thumb Code    26  stm32f10x_rcc.o(.text)
    RCC_APB1PeriphClockCmd                   0x080076f3   Thumb Code    26  stm32f10x_rcc.o(.text)
    RCC_APB2PeriphResetCmd                   0x0800770d   Thumb Code    26  stm32f10x_rcc.o(.text)
    RCC_APB1PeriphResetCmd                   0x08007727   Thumb Code    26  stm32f10x_rcc.o(.text)
    RCC_BackupResetCmd                       0x08007741   Thumb Code     8  stm32f10x_rcc.o(.text)
    RCC_ClockSecuritySystemCmd               0x08007749   Thumb Code     6  stm32f10x_rcc.o(.text)
    RCC_MCOConfig                            0x0800774f   Thumb Code     6  stm32f10x_rcc.o(.text)
    RCC_ClearFlag                            0x08007755   Thumb Code    14  stm32f10x_rcc.o(.text)
    RCC_GetITStatus                          0x08007763   Thumb Code    20  stm32f10x_rcc.o(.text)
    RCC_ClearITPendingBit                    0x08007777   Thumb Code     6  stm32f10x_rcc.o(.text)
    USART_DeInit                             0x080077a1   Thumb Code   134  stm32f10x_usart.o(.text)
    USART_Init                               0x08007827   Thumb Code   210  stm32f10x_usart.o(.text)
    USART_StructInit                         0x080078f9   Thumb Code    24  stm32f10x_usart.o(.text)
    USART_ClockInit                          0x08007911   Thumb Code    34  stm32f10x_usart.o(.text)
    USART_ClockStructInit                    0x08007933   Thumb Code    12  stm32f10x_usart.o(.text)
    USART_Cmd                                0x0800793f   Thumb Code    24  stm32f10x_usart.o(.text)
    USART_ITConfig                           0x08007957   Thumb Code    74  stm32f10x_usart.o(.text)
    USART_DMACmd                             0x080079a1   Thumb Code    18  stm32f10x_usart.o(.text)
    USART_SetAddress                         0x080079b3   Thumb Code    18  stm32f10x_usart.o(.text)
    USART_WakeUpConfig                       0x080079c5   Thumb Code    18  stm32f10x_usart.o(.text)
    USART_ReceiverWakeUpCmd                  0x080079d7   Thumb Code    24  stm32f10x_usart.o(.text)
    USART_LINBreakDetectLengthConfig         0x080079ef   Thumb Code    18  stm32f10x_usart.o(.text)
    USART_LINCmd                             0x08007a01   Thumb Code    24  stm32f10x_usart.o(.text)
    USART_SendData                           0x08007a19   Thumb Code     8  stm32f10x_usart.o(.text)
    USART_ReceiveData                        0x08007a21   Thumb Code    10  stm32f10x_usart.o(.text)
    USART_SendBreak                          0x08007a2b   Thumb Code    10  stm32f10x_usart.o(.text)
    USART_SetGuardTime                       0x08007a35   Thumb Code    16  stm32f10x_usart.o(.text)
    USART_SetPrescaler                       0x08007a45   Thumb Code    16  stm32f10x_usart.o(.text)
    USART_SmartCardCmd                       0x08007a55   Thumb Code    24  stm32f10x_usart.o(.text)
    USART_SmartCardNACKCmd                   0x08007a6d   Thumb Code    24  stm32f10x_usart.o(.text)
    USART_HalfDuplexCmd                      0x08007a85   Thumb Code    24  stm32f10x_usart.o(.text)
    USART_OverSampling8Cmd                   0x08007a9d   Thumb Code    22  stm32f10x_usart.o(.text)
    USART_OneBitMethodCmd                    0x08007ab3   Thumb Code    24  stm32f10x_usart.o(.text)
    USART_IrDAConfig                         0x08007acb   Thumb Code    18  stm32f10x_usart.o(.text)
    USART_IrDACmd                            0x08007add   Thumb Code    24  stm32f10x_usart.o(.text)
    USART_GetFlagStatus                      0x08007af5   Thumb Code    26  stm32f10x_usart.o(.text)
    USART_ClearFlag                          0x08007b0f   Thumb Code    18  stm32f10x_usart.o(.text)
    USART_GetITStatus                        0x08007b21   Thumb Code    84  stm32f10x_usart.o(.text)
    USART_ClearITPendingBit                  0x08007b75   Thumb Code    52  stm32f10x_usart.o(.text)
    RTC_ITConfig                             0x08007ba9   Thumb Code    26  stm32f10x_rtc.o(.text)
    RTC_EnterConfigMode                      0x08007bc3   Thumb Code    18  stm32f10x_rtc.o(.text)
    RTC_ExitConfigMode                       0x08007bd5   Thumb Code    20  stm32f10x_rtc.o(.text)
    RTC_GetCounter                           0x08007be9   Thumb Code    18  stm32f10x_rtc.o(.text)
    RTC_SetCounter                           0x08007bfb   Thumb Code    26  stm32f10x_rtc.o(.text)
    RTC_SetPrescaler                         0x08007c15   Thumb Code    28  stm32f10x_rtc.o(.text)
    RTC_SetAlarm                             0x08007c31   Thumb Code    26  stm32f10x_rtc.o(.text)
    RTC_GetDivider                           0x08007c4b   Thumb Code    22  stm32f10x_rtc.o(.text)
    RTC_WaitForLastTask                      0x08007c61   Thumb Code    18  stm32f10x_rtc.o(.text)
    RTC_WaitForSynchro                       0x08007c73   Thumb Code    36  stm32f10x_rtc.o(.text)
    RTC_GetFlagStatus                        0x08007c97   Thumb Code    22  stm32f10x_rtc.o(.text)
    RTC_ClearFlag                            0x08007cad   Thumb Code    16  stm32f10x_rtc.o(.text)
    RTC_GetITStatus                          0x08007cbd   Thumb Code    32  stm32f10x_rtc.o(.text)
    RTC_ClearITPendingBit                    0x08007cdd   Thumb Code    16  stm32f10x_rtc.o(.text)
    TIM_DeInit                               0x08007cf1   Thumb Code   424  stm32f10x_tim.o(.text)
    TIM_TimeBaseInit                         0x08007e99   Thumb Code   122  stm32f10x_tim.o(.text)
    TIM_OC1Init                              0x08007f13   Thumb Code   132  stm32f10x_tim.o(.text)
    TIM_OC2Init                              0x08007f97   Thumb Code   154  stm32f10x_tim.o(.text)
    TIM_OC3Init                              0x08008031   Thumb Code   150  stm32f10x_tim.o(.text)
    TIM_OC4Init                              0x080080c7   Thumb Code   182  stm32f10x_tim.o(.text)
    TIM_SetIC4Prescaler                      0x0800817d   Thumb Code    26  stm32f10x_tim.o(.text)
    TIM_SetIC3Prescaler                      0x08008219   Thumb Code    18  stm32f10x_tim.o(.text)
    TIM_SetIC2Prescaler                      0x080082a5   Thumb Code    26  stm32f10x_tim.o(.text)
    TIM_SetIC1Prescaler                      0x08008341   Thumb Code    18  stm32f10x_tim.o(.text)
    TIM_ICInit                               0x080083bf   Thumb Code   150  stm32f10x_tim.o(.text)
    TIM_PWMIConfig                           0x08008455   Thumb Code   124  stm32f10x_tim.o(.text)
    TIM_BDTRConfig                           0x080084d1   Thumb Code    32  stm32f10x_tim.o(.text)
    TIM_TimeBaseStructInit                   0x080084f1   Thumb Code    18  stm32f10x_tim.o(.text)
    TIM_OCStructInit                         0x08008503   Thumb Code    20  stm32f10x_tim.o(.text)
    TIM_ICStructInit                         0x08008517   Thumb Code    18  stm32f10x_tim.o(.text)
    TIM_BDTRStructInit                       0x08008529   Thumb Code    40  stm32f10x_tim.o(.text)
    TIM_Cmd                                  0x08008551   Thumb Code    24  stm32f10x_tim.o(.text)
    TIM_CtrlPWMOutputs                       0x08008569   Thumb Code    30  stm32f10x_tim.o(.text)
    TIM_ITConfig                             0x08008587   Thumb Code    18  stm32f10x_tim.o(.text)
    TIM_GenerateEvent                        0x08008599   Thumb Code     4  stm32f10x_tim.o(.text)
    TIM_DMAConfig                            0x0800859d   Thumb Code    10  stm32f10x_tim.o(.text)
    TIM_DMACmd                               0x080085a7   Thumb Code    18  stm32f10x_tim.o(.text)
    TIM_InternalClockConfig                  0x080085b9   Thumb Code    12  stm32f10x_tim.o(.text)
    TIM_SelectInputTrigger                   0x080085c5   Thumb Code    18  stm32f10x_tim.o(.text)
    TIM_ITRxExternalClockConfig              0x080085d7   Thumb Code    24  stm32f10x_tim.o(.text)
    TIM_TIxExternalClockConfig               0x080085ef   Thumb Code    62  stm32f10x_tim.o(.text)
    TIM_ETRConfig                            0x0800862d   Thumb Code    28  stm32f10x_tim.o(.text)
    TIM_ETRClockMode1Config                  0x08008649   Thumb Code    54  stm32f10x_tim.o(.text)
    TIM_ETRClockMode2Config                  0x0800867f   Thumb Code    32  stm32f10x_tim.o(.text)
    TIM_PrescalerConfig                      0x0800869f   Thumb Code     6  stm32f10x_tim.o(.text)
    TIM_CounterModeConfig                    0x080086a5   Thumb Code    18  stm32f10x_tim.o(.text)
    TIM_EncoderInterfaceConfig               0x080086b7   Thumb Code    66  stm32f10x_tim.o(.text)
    TIM_ForcedOC1Config                      0x080086f9   Thumb Code    18  stm32f10x_tim.o(.text)
    TIM_ForcedOC2Config                      0x0800870b   Thumb Code    26  stm32f10x_tim.o(.text)
    TIM_ForcedOC3Config                      0x08008725   Thumb Code    18  stm32f10x_tim.o(.text)
    TIM_ForcedOC4Config                      0x08008737   Thumb Code    26  stm32f10x_tim.o(.text)
    TIM_ARRPreloadConfig                     0x08008751   Thumb Code    24  stm32f10x_tim.o(.text)
    TIM_SelectCOM                            0x08008769   Thumb Code    24  stm32f10x_tim.o(.text)
    TIM_SelectCCDMA                          0x08008781   Thumb Code    24  stm32f10x_tim.o(.text)
    TIM_CCPreloadControl                     0x08008799   Thumb Code    24  stm32f10x_tim.o(.text)
    TIM_OC1PreloadConfig                     0x080087b1   Thumb Code    18  stm32f10x_tim.o(.text)
    TIM_OC2PreloadConfig                     0x080087c3   Thumb Code    26  stm32f10x_tim.o(.text)
    TIM_OC3PreloadConfig                     0x080087dd   Thumb Code    18  stm32f10x_tim.o(.text)
    TIM_OC4PreloadConfig                     0x080087ef   Thumb Code    26  stm32f10x_tim.o(.text)
    TIM_OC1FastConfig                        0x08008809   Thumb Code    18  stm32f10x_tim.o(.text)
    TIM_OC2FastConfig                        0x0800881b   Thumb Code    26  stm32f10x_tim.o(.text)
    TIM_OC3FastConfig                        0x08008835   Thumb Code    18  stm32f10x_tim.o(.text)
    TIM_OC4FastConfig                        0x08008847   Thumb Code    26  stm32f10x_tim.o(.text)
    TIM_ClearOC1Ref                          0x08008861   Thumb Code    18  stm32f10x_tim.o(.text)
    TIM_ClearOC2Ref                          0x08008873   Thumb Code    24  stm32f10x_tim.o(.text)
    TIM_ClearOC3Ref                          0x0800888b   Thumb Code    18  stm32f10x_tim.o(.text)
    TIM_ClearOC4Ref                          0x0800889d   Thumb Code    24  stm32f10x_tim.o(.text)
    TIM_OC1PolarityConfig                    0x080088b5   Thumb Code    18  stm32f10x_tim.o(.text)
    TIM_OC1NPolarityConfig                   0x080088c7   Thumb Code    18  stm32f10x_tim.o(.text)
    TIM_OC2PolarityConfig                    0x080088d9   Thumb Code    26  stm32f10x_tim.o(.text)
    TIM_OC2NPolarityConfig                   0x080088f3   Thumb Code    26  stm32f10x_tim.o(.text)
    TIM_OC3PolarityConfig                    0x0800890d   Thumb Code    26  stm32f10x_tim.o(.text)
    TIM_OC3NPolarityConfig                   0x08008927   Thumb Code    26  stm32f10x_tim.o(.text)
    TIM_OC4PolarityConfig                    0x08008941   Thumb Code    26  stm32f10x_tim.o(.text)
    TIM_CCxCmd                               0x0800895b   Thumb Code    30  stm32f10x_tim.o(.text)
    TIM_CCxNCmd                              0x08008979   Thumb Code    30  stm32f10x_tim.o(.text)
    TIM_SelectOCxM                           0x08008997   Thumb Code    82  stm32f10x_tim.o(.text)
    TIM_UpdateDisableConfig                  0x080089e9   Thumb Code    24  stm32f10x_tim.o(.text)
    TIM_UpdateRequestConfig                  0x08008a01   Thumb Code    24  stm32f10x_tim.o(.text)
    TIM_SelectHallSensor                     0x08008a19   Thumb Code    24  stm32f10x_tim.o(.text)
    TIM_SelectOnePulseMode                   0x08008a31   Thumb Code    18  stm32f10x_tim.o(.text)
    TIM_SelectOutputTrigger                  0x08008a43   Thumb Code    18  stm32f10x_tim.o(.text)
    TIM_SelectSlaveMode                      0x08008a55   Thumb Code    18  stm32f10x_tim.o(.text)
    TIM_SelectMasterSlaveMode                0x08008a67   Thumb Code    18  stm32f10x_tim.o(.text)
    TIM_SetCounter                           0x08008a79   Thumb Code     4  stm32f10x_tim.o(.text)
    TIM_SetAutoreload                        0x08008a7d   Thumb Code     4  stm32f10x_tim.o(.text)
    TIM_SetCompare1                          0x08008a81   Thumb Code     4  stm32f10x_tim.o(.text)
    TIM_SetCompare2                          0x08008a85   Thumb Code     4  stm32f10x_tim.o(.text)
    TIM_SetCompare3                          0x08008a89   Thumb Code     4  stm32f10x_tim.o(.text)
    TIM_SetCompare4                          0x08008a8d   Thumb Code     6  stm32f10x_tim.o(.text)
    TIM_SetClockDivision                     0x08008a93   Thumb Code    18  stm32f10x_tim.o(.text)
    TIM_GetCapture1                          0x08008aa5   Thumb Code     6  stm32f10x_tim.o(.text)
    TIM_GetCapture2                          0x08008aab   Thumb Code     6  stm32f10x_tim.o(.text)
    TIM_GetCapture3                          0x08008ab1   Thumb Code     6  stm32f10x_tim.o(.text)
    TIM_GetCapture4                          0x08008ab7   Thumb Code     8  stm32f10x_tim.o(.text)
    TIM_GetCounter                           0x08008abf   Thumb Code     6  stm32f10x_tim.o(.text)
    TIM_GetPrescaler                         0x08008ac5   Thumb Code     6  stm32f10x_tim.o(.text)
    TIM_GetFlagStatus                        0x08008acb   Thumb Code    18  stm32f10x_tim.o(.text)
    TIM_ClearFlag                            0x08008add   Thumb Code     6  stm32f10x_tim.o(.text)
    TIM_GetITStatus                          0x08008ae3   Thumb Code    34  stm32f10x_tim.o(.text)
    TIM_ClearITPendingBit                    0x08008b05   Thumb Code     6  stm32f10x_tim.o(.text)
    ADC_DeInit                               0x08008b0d   Thumb Code    78  stm32f10x_adc.o(.text)
    ADC_Init                                 0x08008b5b   Thumb Code    70  stm32f10x_adc.o(.text)
    ADC_StructInit                           0x08008ba1   Thumb Code    18  stm32f10x_adc.o(.text)
    ADC_Cmd                                  0x08008bb3   Thumb Code    22  stm32f10x_adc.o(.text)
    ADC_DMACmd                               0x08008bc9   Thumb Code    22  stm32f10x_adc.o(.text)
    ADC_ITConfig                             0x08008bdf   Thumb Code    24  stm32f10x_adc.o(.text)
    ADC_ResetCalibration                     0x08008bf7   Thumb Code    10  stm32f10x_adc.o(.text)
    ADC_GetResetCalibrationStatus            0x08008c01   Thumb Code    20  stm32f10x_adc.o(.text)
    ADC_StartCalibration                     0x08008c15   Thumb Code    10  stm32f10x_adc.o(.text)
    ADC_GetCalibrationStatus                 0x08008c1f   Thumb Code    20  stm32f10x_adc.o(.text)
    ADC_SoftwareStartConvCmd                 0x08008c33   Thumb Code    22  stm32f10x_adc.o(.text)
    ADC_GetSoftwareStartConvStatus           0x08008c49   Thumb Code    20  stm32f10x_adc.o(.text)
    ADC_DiscModeChannelCountConfig           0x08008c5d   Thumb Code    24  stm32f10x_adc.o(.text)
    ADC_DiscModeCmd                          0x08008c75   Thumb Code    22  stm32f10x_adc.o(.text)
    ADC_RegularChannelConfig                 0x08008c8b   Thumb Code   184  stm32f10x_adc.o(.text)
    ADC_ExternalTrigConvCmd                  0x08008d43   Thumb Code    22  stm32f10x_adc.o(.text)
    ADC_GetConversionValue                   0x08008d59   Thumb Code     8  stm32f10x_adc.o(.text)
    ADC_GetDualModeConversionValue           0x08008d61   Thumb Code     8  stm32f10x_adc.o(.text)
    ADC_AutoInjectedConvCmd                  0x08008d69   Thumb Code    22  stm32f10x_adc.o(.text)
    ADC_InjectedDiscModeCmd                  0x08008d7f   Thumb Code    22  stm32f10x_adc.o(.text)
    ADC_ExternalTrigInjectedConvConfig       0x08008d95   Thumb Code    16  stm32f10x_adc.o(.text)
    ADC_ExternalTrigInjectedConvCmd          0x08008da5   Thumb Code    22  stm32f10x_adc.o(.text)
    ADC_SoftwareStartInjectedConvCmd         0x08008dbb   Thumb Code    22  stm32f10x_adc.o(.text)
    ADC_GetSoftwareStartInjectedConvCmdStatus 0x08008dd1   Thumb Code    20  stm32f10x_adc.o(.text)
    ADC_InjectedChannelConfig                0x08008de5   Thumb Code   130  stm32f10x_adc.o(.text)
    ADC_InjectedSequencerLengthConfig        0x08008e67   Thumb Code    24  stm32f10x_adc.o(.text)
    ADC_SetInjectedOffset                    0x08008e7f   Thumb Code    20  stm32f10x_adc.o(.text)
    ADC_GetInjectedConversionValue           0x08008e93   Thumb Code    28  stm32f10x_adc.o(.text)
    ADC_AnalogWatchdogCmd                    0x08008eaf   Thumb Code    16  stm32f10x_adc.o(.text)
    ADC_AnalogWatchdogThresholdsConfig       0x08008ebf   Thumb Code     6  stm32f10x_adc.o(.text)
    ADC_AnalogWatchdogSingleChannelConfig    0x08008ec5   Thumb Code    16  stm32f10x_adc.o(.text)
    ADC_TempSensorVrefintCmd                 0x08008ed5   Thumb Code    64  stm32f10x_adc.o(.text)
    ADC_GetFlagStatus                        0x08008f15   Thumb Code    18  stm32f10x_adc.o(.text)
    ADC_ClearFlag                            0x08008f27   Thumb Code     6  stm32f10x_adc.o(.text)
    ADC_GetITStatus                          0x08008f2d   Thumb Code    36  stm32f10x_adc.o(.text)
    ADC_ClearITPendingBit                    0x08008f51   Thumb Code    10  stm32f10x_adc.o(.text)
    EXTI_DeInit                              0x08008f5d   Thumb Code    28  stm32f10x_exti.o(.text)
    EXTI_Init                                0x08008f79   Thumb Code   142  stm32f10x_exti.o(.text)
    EXTI_StructInit                          0x08009007   Thumb Code    16  stm32f10x_exti.o(.text)
    EXTI_GenerateSWInterrupt                 0x08009017   Thumb Code    16  stm32f10x_exti.o(.text)
    EXTI_GetFlagStatus                       0x08009027   Thumb Code    22  stm32f10x_exti.o(.text)
    EXTI_ClearFlag                           0x0800903d   Thumb Code     8  stm32f10x_exti.o(.text)
    EXTI_GetITStatus                         0x08009045   Thumb Code    34  stm32f10x_exti.o(.text)
    EXTI_ClearITPendingBit                   0x08009067   Thumb Code     8  stm32f10x_exti.o(.text)
    __use_no_semihosting                     0x08009079   Thumb Code     2  use_no_semi_2.o(.text)
    __2printf                                0x0800907d   Thumb Code    20  noretval__2printf.o(.text)
    _printf_int_dec                          0x08009095   Thumb Code   104  _printf_dec.o(.text)
    _printf_int_hex                          0x0800910d   Thumb Code    84  _printf_hex_int.o(.text)
    _printf_longlong_hex                     0x0800910d   Thumb Code     0  _printf_hex_int.o(.text)
    __printf                                 0x08009165   Thumb Code   388  __printf_flags_ss_wp.o(.text)
    __use_two_region_memory                  0x080092ed   Thumb Code     2  heapauxi.o(.text)
    __rt_heap_escrow$2region                 0x080092ef   Thumb Code     2  heapauxi.o(.text)
    __rt_heap_expand$2region                 0x080092f1   Thumb Code     2  heapauxi.o(.text)
    __I$use$semihosting                      0x080092f3   Thumb Code     0  use_no_semi.o(.text)
    __use_no_semihosting_swi                 0x080092f3   Thumb Code     2  use_no_semi.o(.text)
    _printf_int_common                       0x080092f5   Thumb Code   178  _printf_intcommon.o(.text)
    _printf_char_file                        0x080093a9   Thumb Code    32  _printf_char_file.o(.text)
    _printf_char_common                      0x080093d7   Thumb Code    32  _printf_char_common.o(.text)
    ferror                                   0x080093fd   Thumb Code     8  ferror.o(.text)
    __user_setup_stackheap                   0x08009405   Thumb Code    74  sys_stackheap_outer.o(.text)
    exit                                     0x0800944f   Thumb Code    12  exit.o(.text)
    __user_libspace                          0x0800945d   Thumb Code     8  libspace.o(.text)
    __user_perproc_libspace                  0x0800945d   Thumb Code     0  libspace.o(.text)
    __user_perthread_libspace                0x0800945d   Thumb Code     0  libspace.o(.text)
    _is_digit                                0x08009465   Thumb Code    14  __printf_wp.o(i._is_digit)
    __aeabi_d2f                              0x08009475   Thumb Code     0  d2f.o(x$fpl$d2f)
    _d2f                                     0x08009475   Thumb Code    98  d2f.o(x$fpl$d2f)
    __aeabi_ddiv                             0x080094d9   Thumb Code     0  ddiv.o(x$fpl$ddiv)
    _ddiv                                    0x080094d9   Thumb Code   552  ddiv.o(x$fpl$ddiv)
    __aeabi_d2uiz                            0x08009789   Thumb Code     0  dfixu.o(x$fpl$dfixu)
    _dfixu                                   0x08009789   Thumb Code    90  dfixu.o(x$fpl$dfixu)
    __aeabi_ui2d                             0x080097e3   Thumb Code     0  dflt_clz.o(x$fpl$dfltu)
    _dfltu                                   0x080097e3   Thumb Code    38  dflt_clz.o(x$fpl$dfltu)
    __aeabi_dmul                             0x08009809   Thumb Code     0  dmul.o(x$fpl$dmul)
    _dmul                                    0x08009809   Thumb Code   332  dmul.o(x$fpl$dmul)
    __fpl_dnaninf                            0x0800995d   Thumb Code   156  dnaninf.o(x$fpl$dnaninf)
    __fpl_dretinf                            0x080099f9   Thumb Code    12  dretinf.o(x$fpl$dretinf)
    __aeabi_f2d                              0x08009a05   Thumb Code     0  f2d.o(x$fpl$f2d)
    _f2d                                     0x08009a05   Thumb Code    86  f2d.o(x$fpl$f2d)
    __aeabi_fadd                             0x08009a5d   Thumb Code     0  faddsub_clz.o(x$fpl$fadd)
    _fadd                                    0x08009a5d   Thumb Code   196  faddsub_clz.o(x$fpl$fadd)
    __fpl_fcmp_Inf                           0x08009b21   Thumb Code    24  fcmpi.o(x$fpl$fcmpinf)
    __aeabi_f2iz                             0x08009b39   Thumb Code     0  ffix.o(x$fpl$ffix)
    _ffix                                    0x08009b39   Thumb Code    54  ffix.o(x$fpl$ffix)
    __aeabi_f2uiz                            0x08009b71   Thumb Code     0  ffixu.o(x$fpl$ffixu)
    _ffixu                                   0x08009b71   Thumb Code    62  ffixu.o(x$fpl$ffixu)
    __aeabi_i2f                              0x08009bb1   Thumb Code     0  fflt_clz.o(x$fpl$fflt)
    _fflt                                    0x08009bb1   Thumb Code    48  fflt_clz.o(x$fpl$fflt)
    __aeabi_ui2f                             0x08009be1   Thumb Code     0  fflt_clz.o(x$fpl$ffltu)
    _ffltu                                   0x08009be1   Thumb Code    38  fflt_clz.o(x$fpl$ffltu)
    __aeabi_cfcmple                          0x08009c09   Thumb Code     0  fleqf.o(x$fpl$fleqf)
    _fcmple                                  0x08009c09   Thumb Code   104  fleqf.o(x$fpl$fleqf)
    __fpl_fcmple_InfNaN                      0x08009c5b   Thumb Code     0  fleqf.o(x$fpl$fleqf)
    __aeabi_fmul                             0x08009c71   Thumb Code     0  fmul.o(x$fpl$fmul)
    _fmul                                    0x08009c71   Thumb Code   258  fmul.o(x$fpl$fmul)
    __fpl_fnaninf                            0x08009d73   Thumb Code   140  fnaninf.o(x$fpl$fnaninf)
    __fpl_fretinf                            0x08009dff   Thumb Code    10  fretinf.o(x$fpl$fretinf)
    __aeabi_cfrcmple                         0x08009e09   Thumb Code     0  frleqf.o(x$fpl$frleqf)
    _frcmple                                 0x08009e09   Thumb Code    98  frleqf.o(x$fpl$frleqf)
    __aeabi_fsub                             0x08009e6d   Thumb Code     0  faddsub_clz.o(x$fpl$fsub)
    _fsub                                    0x08009e6d   Thumb Code   234  faddsub_clz.o(x$fpl$fsub)
    __I$use$fp                               0x08009f56   Number         0  usenofp.o(x$fpl$usenofp)
    asc2_1206                                0x08009f56   Data        1140  lcd.o(.constdata)
    asc2_1608                                0x0800a3ca   Data        1520  lcd.o(.constdata)
    asc2_2412                                0x0800a9ba   Data        3420  lcd.o(.constdata)
    table_week                               0x0800b716   Data          12  rtc.o(.constdata)
    mon_table                                0x0800b722   Data          12  rtc.o(.constdata)
    Region$$Table$$Base                      0x0800b768   Number         0  anon$$obj.o(Region$$Table)
    Region$$Table$$Limit                     0x0800b788   Number         0  anon$$obj.o(Region$$Table)
    SystemCoreClock                          0x20000000   Data           4  system_stm32f10x.o(.data)
    AHBPrescTable                            0x20000004   Data          16  system_stm32f10x.o(.data)
    mode_flag1                               0x20000014   Data           1  key.o(.data)
    mode_flag2                               0x20000015   Data           1  key.o(.data)
    mode_flag3                               0x20000016   Data           1  key.o(.data)
    key_data                                 0x20000017   Data          16  key.o(.data)
    Keyboard_Change_Flag                     0x20000027   Data           1  key.o(.data)
    key_pressed_flag                         0x20000028   Data           1  key.o(.data)
    POINT_COLOR                              0x2000002a   Data           2  lcd.o(.data)
    BACK_COLOR                               0x2000002c   Data           2  lcd.o(.data)
    sign_flag                                0x20000030   Data           1  control.o(.data)
    target                                   0x20000034   Data           4  control.o(.data)
    __stdout                                 0x200000a8   Data           4  usart.o(.data)
    USART_RX_STA                             0x200000ac   Data           2  usart.o(.data)
    lcddev                                   0x200000c4   Data          14  lcd.o(.bss)
    calendar                                 0x200000d2   Data          10  rtc.o(.bss)
    pid                                      0x200000dc   Data          72  control.o(.bss)
    USART_RX_BUF                             0x20000124   Data         200  usart.o(.bss)
    __libspace_start                         0x200001ec   Data          96  libspace.o(.bss)
    __temporary_stack_top$libspace           0x2000024c   Data           0  libspace.o(.bss)



==============================================================================

Memory Map of the image

  Image Entry point : 0x08000131

  Load Region LR_IROM1 (Base: 0x08000000, Size: 0x0000b84c, Max: 0x00080000, ABSOLUTE)

    Execution Region ER_IROM1 (Base: 0x08000000, Size: 0x0000b788, Max: 0x00080000, ABSOLUTE)

    Base Addr    Size         Type   Attr      Idx    E Section Name        Object

    0x08000000   0x00000130   Data   RO          460    RESET               startup_stm32f10x_hd.o
    0x08000130   0x00000008   Code   RO          705  * !!!main             c_w.l(__main.o)
    0x08000138   0x00000034   Code   RO          931    !!!scatter          c_w.l(__scatter.o)
    0x0800016c   0x0000001a   Code   RO          933    !!handler_copy      c_w.l(__scatter_copy.o)
    0x08000186   0x00000002   PAD
    0x08000188   0x0000001c   Code   RO          935    !!handler_zi        c_w.l(__scatter_zi.o)
    0x080001a4   0x00000000   Code   RO          702    .ARM.Collect$$_printf_percent$$00000000  c_w.l(_printf_percent.o)
    0x080001a4   0x00000006   Code   RO          700    .ARM.Collect$$_printf_percent$$00000009  c_w.l(_printf_d.o)
    0x080001aa   0x00000006   Code   RO          699    .ARM.Collect$$_printf_percent$$0000000C  c_w.l(_printf_x.o)
    0x080001b0   0x00000004   Code   RO          762    .ARM.Collect$$_printf_percent$$00000017  c_w.l(_printf_percent_end.o)
    0x080001b4   0x00000002   Code   RO          806    .ARM.Collect$$libinit$$00000000  c_w.l(libinit.o)
    0x080001b6   0x00000000   Code   RO          813    .ARM.Collect$$libinit$$00000002  c_w.l(libinit2.o)
    0x080001b6   0x00000000   Code   RO          815    .ARM.Collect$$libinit$$00000004  c_w.l(libinit2.o)
    0x080001b6   0x00000000   Code   RO          818    .ARM.Collect$$libinit$$0000000A  c_w.l(libinit2.o)
    0x080001b6   0x00000000   Code   RO          820    .ARM.Collect$$libinit$$0000000C  c_w.l(libinit2.o)
    0x080001b6   0x00000000   Code   RO          822    .ARM.Collect$$libinit$$0000000E  c_w.l(libinit2.o)
    0x080001b6   0x00000000   Code   RO          825    .ARM.Collect$$libinit$$00000011  c_w.l(libinit2.o)
    0x080001b6   0x00000000   Code   RO          827    .ARM.Collect$$libinit$$00000013  c_w.l(libinit2.o)
    0x080001b6   0x00000000   Code   RO          829    .ARM.Collect$$libinit$$00000015  c_w.l(libinit2.o)
    0x080001b6   0x00000000   Code   RO          831    .ARM.Collect$$libinit$$00000017  c_w.l(libinit2.o)
    0x080001b6   0x00000000   Code   RO          833    .ARM.Collect$$libinit$$00000019  c_w.l(libinit2.o)
    0x080001b6   0x00000000   Code   RO          835    .ARM.Collect$$libinit$$0000001B  c_w.l(libinit2.o)
    0x080001b6   0x00000000   Code   RO          837    .ARM.Collect$$libinit$$0000001D  c_w.l(libinit2.o)
    0x080001b6   0x00000000   Code   RO          839    .ARM.Collect$$libinit$$0000001F  c_w.l(libinit2.o)
    0x080001b6   0x00000000   Code   RO          841    .ARM.Collect$$libinit$$00000021  c_w.l(libinit2.o)
    0x080001b6   0x00000000   Code   RO          843    .ARM.Collect$$libinit$$00000023  c_w.l(libinit2.o)
    0x080001b6   0x00000000   Code   RO          845    .ARM.Collect$$libinit$$00000025  c_w.l(libinit2.o)
    0x080001b6   0x00000000   Code   RO          849    .ARM.Collect$$libinit$$0000002C  c_w.l(libinit2.o)
    0x080001b6   0x00000000   Code   RO          851    .ARM.Collect$$libinit$$0000002E  c_w.l(libinit2.o)
    0x080001b6   0x00000000   Code   RO          853    .ARM.Collect$$libinit$$00000030  c_w.l(libinit2.o)
    0x080001b6   0x00000000   Code   RO          855    .ARM.Collect$$libinit$$00000032  c_w.l(libinit2.o)
    0x080001b6   0x00000002   Code   RO          856    .ARM.Collect$$libinit$$00000033  c_w.l(libinit2.o)
    0x080001b8   0x00000002   Code   RO          874    .ARM.Collect$$libshutdown$$00000000  c_w.l(libshutdown.o)
    0x080001ba   0x00000000   Code   RO          885    .ARM.Collect$$libshutdown$$00000003  c_w.l(libshutdown2.o)
    0x080001ba   0x00000000   Code   RO          888    .ARM.Collect$$libshutdown$$00000006  c_w.l(libshutdown2.o)
    0x080001ba   0x00000000   Code   RO          891    .ARM.Collect$$libshutdown$$00000009  c_w.l(libshutdown2.o)
    0x080001ba   0x00000000   Code   RO          893    .ARM.Collect$$libshutdown$$0000000B  c_w.l(libshutdown2.o)
    0x080001ba   0x00000000   Code   RO          896    .ARM.Collect$$libshutdown$$0000000E  c_w.l(libshutdown2.o)
    0x080001ba   0x00000002   Code   RO          897    .ARM.Collect$$libshutdown$$0000000F  c_w.l(libshutdown2.o)
    0x080001bc   0x00000000   Code   RO          755    .ARM.Collect$$rtentry$$00000000  c_w.l(__rtentry.o)
    0x080001bc   0x00000000   Code   RO          775    .ARM.Collect$$rtentry$$00000002  c_w.l(__rtentry2.o)
    0x080001bc   0x00000006   Code   RO          787    .ARM.Collect$$rtentry$$00000004  c_w.l(__rtentry4.o)
    0x080001c2   0x00000000   Code   RO          777    .ARM.Collect$$rtentry$$00000009  c_w.l(__rtentry2.o)
    0x080001c2   0x00000004   Code   RO          778    .ARM.Collect$$rtentry$$0000000A  c_w.l(__rtentry2.o)
    0x080001c6   0x00000000   Code   RO          780    .ARM.Collect$$rtentry$$0000000C  c_w.l(__rtentry2.o)
    0x080001c6   0x00000008   Code   RO          781    .ARM.Collect$$rtentry$$0000000D  c_w.l(__rtentry2.o)
    0x080001ce   0x00000002   Code   RO          810    .ARM.Collect$$rtexit$$00000000  c_w.l(rtexit.o)
    0x080001d0   0x00000000   Code   RO          858    .ARM.Collect$$rtexit$$00000002  c_w.l(rtexit2.o)
    0x080001d0   0x00000004   Code   RO          859    .ARM.Collect$$rtexit$$00000003  c_w.l(rtexit2.o)
    0x080001d4   0x00000006   Code   RO          860    .ARM.Collect$$rtexit$$00000004  c_w.l(rtexit2.o)
    0x080001da   0x00000002   PAD
    0x080001dc   0x000001bc   Code   RO            1    .text               main.o
    0x08000398   0x0000001a   Code   RO          163    .text               stm32f10x_it.o
    0x080003b2   0x00000002   PAD
    0x080003b4   0x000001e0   Code   RO          205    .text               system_stm32f10x.o
    0x08000594   0x0000004c   Code   RO          223    .text               led.o
    0x080005e0   0x0000040c   Code   RO          235    .text               key.o
    0x080009ec   0x00004a56   Code   RO          254    .text               lcd.o
    0x08005442   0x00000002   PAD
    0x08005444   0x00000478   Code   RO          277    .text               rtc.o
    0x080058bc   0x0000015c   Code   RO          301    .text               qd.o
    0x08005a18   0x000001a4   Code   RO          321    .text               pwm.o
    0x08005bbc   0x000000ec   Code   RO          333    .text               adc.o
    0x08005ca8   0x0000052c   Code   RO          345    .text               control.o
    0x080061d4   0x0000030c   Code   RO          368    .text               timer.o
    0x080064e0   0x000000f4   Code   RO          381    .text               encoder.o
    0x080065d4   0x000000d4   Code   RO          394    .text               delay.o
    0x080066a8   0x00000140   Code   RO          425    .text               usart.o
    0x080067e8   0x00000040   Code   RO          461    .text               startup_stm32f10x_hd.o
    0x08006828   0x000000dc   Code   RO          465    .text               misc.o
    0x08006904   0x000000c4   Code   RO          477    .text               stm32f10x_bkp.o
    0x080069c8   0x0000060c   Code   RO          489    .text               stm32f10x_fsmc.o
    0x08006fd4   0x0000035c   Code   RO          501    .text               stm32f10x_gpio.o
    0x08007330   0x000000cc   Code   RO          513    .text               stm32f10x_pwr.o
    0x080073fc   0x000003a4   Code   RO          525    .text               stm32f10x_rcc.o
    0x080077a0   0x00000408   Code   RO          539    .text               stm32f10x_usart.o
    0x08007ba8   0x00000148   Code   RO          551    .text               stm32f10x_rtc.o
    0x08007cf0   0x00000e1a   Code   RO          563    .text               stm32f10x_tim.o
    0x08008b0a   0x00000002   PAD
    0x08008b0c   0x0000044e   Code   RO          575    .text               stm32f10x_adc.o
    0x08008f5a   0x00000002   PAD
    0x08008f5c   0x0000011c   Code   RO          587    .text               stm32f10x_exti.o
    0x08009078   0x00000002   Code   RO          642    .text               c_w.l(use_no_semi_2.o)
    0x0800907a   0x00000002   PAD
    0x0800907c   0x00000018   Code   RO          646    .text               c_w.l(noretval__2printf.o)
    0x08009094   0x00000078   Code   RO          654    .text               c_w.l(_printf_dec.o)
    0x0800910c   0x00000058   Code   RO          659    .text               c_w.l(_printf_hex_int.o)
    0x08009164   0x00000188   Code   RO          694    .text               c_w.l(__printf_flags_ss_wp.o)
    0x080092ec   0x00000006   Code   RO          703    .text               c_w.l(heapauxi.o)
    0x080092f2   0x00000002   Code   RO          753    .text               c_w.l(use_no_semi.o)
    0x080092f4   0x000000b2   Code   RO          756    .text               c_w.l(_printf_intcommon.o)
    0x080093a6   0x00000002   PAD
    0x080093a8   0x00000024   Code   RO          760    .text               c_w.l(_printf_char_file.o)
    0x080093cc   0x00000030   Code   RO          789    .text               c_w.l(_printf_char_common.o)
    0x080093fc   0x00000008   Code   RO          791    .text               c_w.l(ferror.o)
    0x08009404   0x0000004a   Code   RO          795    .text               c_w.l(sys_stackheap_outer.o)
    0x0800944e   0x0000000c   Code   RO          799    .text               c_w.l(exit.o)
    0x0800945a   0x00000002   PAD
    0x0800945c   0x00000008   Code   RO          807    .text               c_w.l(libspace.o)
    0x08009464   0x0000000e   Code   RO          687    i._is_digit         c_w.l(__printf_wp.o)
    0x08009472   0x00000002   PAD
    0x08009474   0x00000062   Code   RO          707    x$fpl$d2f           fz_ws.l(d2f.o)
    0x080094d6   0x00000002   PAD
    0x080094d8   0x000002b0   Code   RO          710    x$fpl$ddiv          fz_ws.l(ddiv.o)
    0x08009788   0x0000005a   Code   RO          713    x$fpl$dfixu         fz_ws.l(dfixu.o)
    0x080097e2   0x00000026   Code   RO          717    x$fpl$dfltu         fz_ws.l(dflt_clz.o)
    0x08009808   0x00000154   Code   RO          723    x$fpl$dmul          fz_ws.l(dmul.o)
    0x0800995c   0x0000009c   Code   RO          763    x$fpl$dnaninf       fz_ws.l(dnaninf.o)
    0x080099f8   0x0000000c   Code   RO          765    x$fpl$dretinf       fz_ws.l(dretinf.o)
    0x08009a04   0x00000056   Code   RO          725    x$fpl$f2d           fz_ws.l(f2d.o)
    0x08009a5a   0x00000002   PAD
    0x08009a5c   0x000000c4   Code   RO          727    x$fpl$fadd          fz_ws.l(faddsub_clz.o)
    0x08009b20   0x00000018   Code   RO          767    x$fpl$fcmpinf       fz_ws.l(fcmpi.o)
    0x08009b38   0x00000036   Code   RO          733    x$fpl$ffix          fz_ws.l(ffix.o)
    0x08009b6e   0x00000002   PAD
    0x08009b70   0x0000003e   Code   RO          737    x$fpl$ffixu         fz_ws.l(ffixu.o)
    0x08009bae   0x00000002   PAD
    0x08009bb0   0x00000030   Code   RO          742    x$fpl$fflt          fz_ws.l(fflt_clz.o)
    0x08009be0   0x00000026   Code   RO          741    x$fpl$ffltu         fz_ws.l(fflt_clz.o)
    0x08009c06   0x00000002   PAD
    0x08009c08   0x00000068   Code   RO          747    x$fpl$fleqf         fz_ws.l(fleqf.o)
    0x08009c70   0x00000102   Code   RO          749    x$fpl$fmul          fz_ws.l(fmul.o)
    0x08009d72   0x0000008c   Code   RO          769    x$fpl$fnaninf       fz_ws.l(fnaninf.o)
    0x08009dfe   0x0000000a   Code   RO          771    x$fpl$fretinf       fz_ws.l(fretinf.o)
    0x08009e08   0x00000062   Code   RO          751    x$fpl$frleqf        fz_ws.l(frleqf.o)
    0x08009e6a   0x00000002   PAD
    0x08009e6c   0x000000ea   Code   RO          729    x$fpl$fsub          fz_ws.l(faddsub_clz.o)
    0x08009f56   0x00000000   Code   RO          773    x$fpl$usenofp       fz_ws.l(usenofp.o)
    0x08009f56   0x000017c0   Data   RO          256    .constdata          lcd.o
    0x0800b716   0x00000018   Data   RO          279    .constdata          rtc.o
    0x0800b72e   0x00000028   Data   RO          660    .constdata          c_w.l(_printf_hex_int.o)
    0x0800b756   0x00000011   Data   RO          695    .constdata          c_w.l(__printf_flags_ss_wp.o)
    0x0800b767   0x00000001   PAD
    0x0800b768   0x00000020   Data   RO          929    Region$$Table       anon$$obj.o


    Execution Region RW_IRAM1 (Base: 0x20000000, Size: 0x00000850, Max: 0x00010000, ABSOLUTE)

    Base Addr    Size         Type   Attr      Idx    E Section Name        Object

    0x20000000   0x00000014   Data   RW          206    .data               system_stm32f10x.o
    0x20000014   0x00000015   Data   RW          236    .data               key.o
    0x20000029   0x00000001   PAD
    0x2000002a   0x00000004   Data   RW          257    .data               lcd.o
    0x2000002e   0x00000002   Data   RW          280    .data               rtc.o
    0x20000030   0x00000074   Data   RW          347    .data               control.o
    0x200000a4   0x00000004   Data   RW          395    .data               delay.o
    0x200000a8   0x00000006   Data   RW          427    .data               usart.o
    0x200000ae   0x00000014   Data   RW          526    .data               stm32f10x_rcc.o
    0x200000c2   0x00000002   PAD
    0x200000c4   0x0000000e   Zero   RW          255    .bss                lcd.o
    0x200000d2   0x0000000a   Zero   RW          278    .bss                rtc.o
    0x200000dc   0x00000048   Zero   RW          346    .bss                control.o
    0x20000124   0x000000c8   Zero   RW          426    .bss                usart.o
    0x200001ec   0x00000060   Zero   RW          808    .bss                c_w.l(libspace.o)
    0x2000024c   0x00000004   PAD
    0x20000250   0x00000200   Zero   RW          459    HEAP                startup_stm32f10x_hd.o
    0x20000450   0x00000400   Zero   RW          458    STACK               startup_stm32f10x_hd.o


==============================================================================

Image component sizes


      Code (inc. data)   RO Data    RW Data    ZI Data      Debug   Object Name

       236          8          0          0          0       1051   adc.o
      1324        208          0        116         72       3333   control.o
       212         18          0          4          0        975   delay.o
       244         10          0          0          0       1000   encoder.o
      1036         62          0         21          0       2845   key.o
     19030        162       6080          4         14      21558   lcd.o
        76          8          0          0          0        471   led.o
       444         56          0          0          0     272427   main.o
       220         22          0          0          0       1753   misc.o
       420         16          0          0          0       1468   pwm.o
       348         18          0          0          0        988   qd.o
      1144         62         24          2         10       4178   rtc.o
        64         26        304          0       1536        772   startup_stm32f10x_hd.o
      1102         26          0          0          0      10785   stm32f10x_adc.o
       196          8          0          0          0       3416   stm32f10x_bkp.o
       284         10          0          0          0       2183   stm32f10x_exti.o
      1548         18          0          0          0       5299   stm32f10x_fsmc.o
       860         38          0          0          0       5597   stm32f10x_gpio.o
        26          0          0          0          0       1158   stm32f10x_it.o
       204         14          0          0          0       1895   stm32f10x_pwr.o
       932         36          0         20          0       8744   stm32f10x_rcc.o
       328          4          0          0          0       2646   stm32f10x_rtc.o
      3610         88          0          0          0      22080   stm32f10x_tim.o
      1032         22          0          0          0       8324   stm32f10x_usart.o
         0          0          0          0          0         32   sys.o
       480         38          0         20          0       1671   system_stm32f10x.o
       780         50          0          0          0       1444   timer.o
       320         16          0          6        200       3062   usart.o

    ----------------------------------------------------------------------
     36508       1044       6440        196       1832     391155   Object Totals
         0          0         32          0          0          0   (incl. Generated)
         8          0          0          3          0          0   (incl. Padding)

    ----------------------------------------------------------------------

      Code (inc. data)   RO Data    RW Data    ZI Data      Debug   Library Member Name

         8          0          0          0          0         68   __main.o
       392          4         17          0          0         92   __printf_flags_ss_wp.o
        14          0          0          0          0         68   __printf_wp.o
         0          0          0          0          0          0   __rtentry.o
        12          0          0          0          0          0   __rtentry2.o
         6          0          0          0          0          0   __rtentry4.o
        52          8          0          0          0          0   __scatter.o
        26          0          0          0          0          0   __scatter_copy.o
        28          0          0          0          0          0   __scatter_zi.o
        48          6          0          0          0         96   _printf_char_common.o
        36          4          0          0          0         80   _printf_char_file.o
         6          0          0          0          0          0   _printf_d.o
       120         16          0          0          0         92   _printf_dec.o
        88          4         40          0          0         88   _printf_hex_int.o
       178          0          0          0          0         88   _printf_intcommon.o
         0          0          0          0          0          0   _printf_percent.o
         4          0          0          0          0          0   _printf_percent_end.o
         6          0          0          0          0          0   _printf_x.o
        12          0          0          0          0         72   exit.o
         8          0          0          0          0         68   ferror.o
         6          0          0          0          0        152   heapauxi.o
         2          0          0          0          0          0   libinit.o
         2          0          0          0          0          0   libinit2.o
         2          0          0          0          0          0   libshutdown.o
         2          0          0          0          0          0   libshutdown2.o
         8          4          0          0         96         68   libspace.o
        24          4          0          0          0         84   noretval__2printf.o
         2          0          0          0          0          0   rtexit.o
        10          0          0          0          0          0   rtexit2.o
        74          0          0          0          0         80   sys_stackheap_outer.o
         2          0          0          0          0         68   use_no_semi.o
         2          0          0          0          0         68   use_no_semi_2.o
        98          4          0          0          0         92   d2f.o
       688        140          0          0          0        208   ddiv.o
        90          4          0          0          0         92   dfixu.o
        38          0          0          0          0         68   dflt_clz.o
       340         12          0          0          0        104   dmul.o
       156          4          0          0          0         92   dnaninf.o
        12          0          0          0          0         68   dretinf.o
        86          4          0          0          0         84   f2d.o
       430          8          0          0          0        168   faddsub_clz.o
        24          0          0          0          0         68   fcmpi.o
        54          4          0          0          0         84   ffix.o
        62          4          0          0          0         84   ffixu.o
        86          0          0          0          0        136   fflt_clz.o
       104          4          0          0          0         84   fleqf.o
       258          4          0          0          0         84   fmul.o
       140          4          0          0          0         84   fnaninf.o
        10          0          0          0          0         68   fretinf.o
        98          0          0          0          0         68   frleqf.o
         0          0          0          0          0          0   usenofp.o

    ----------------------------------------------------------------------
      3978        246         58          0        100       3068   Library Totals
        24          0          1          0          4          0   (incl. Padding)

    ----------------------------------------------------------------------

      Code (inc. data)   RO Data    RW Data    ZI Data      Debug   Library Name

      1180         50         57          0         96       1332   c_w.l
      2774        196          0          0          0       1736   fz_ws.l

    ----------------------------------------------------------------------
      3978        246         58          0        100       3068   Library Totals

    ----------------------------------------------------------------------

==============================================================================


      Code (inc. data)   RO Data    RW Data    ZI Data      Debug   

     40486       1290       6498        196       1932     389799   Grand Totals
     40486       1290       6498        196       1932     389799   ELF Image Totals
     40486       1290       6498        196          0          0   ROM Totals

==============================================================================

    Total RO  Size (Code + RO Data)                46984 (  45.88kB)
    Total RW  Size (RW Data + ZI Data)              2128 (   2.08kB)
    Total ROM Size (Code + RO Data + RW Data)      47180 (  46.07kB)

==============================================================================

