Component: ARM Compiler 5.05 update 1 (build 106) Tool: armlink [4d0efa]

==============================================================================

Section Cross References

    main.o(i.main) refers to delay.o(i.delay_init) for delay_init
    main.o(i.main) refers to misc.o(i.NVIC_PriorityGroupConfig) for NVIC_PriorityGroupConfig
    main.o(i.main) refers to usart.o(i.uart_init) for uart_init
    main.o(i.main) refers to led.o(i.LED_Init) for LED_Init
    main.o(i.main) refers to lcd.o(i.LCD_Init) for LCD_Init
    main.o(i.main) refers to key.o(i.Init_Keyboard_Interrupt) for Init_Keyboard_Interrupt
    main.o(i.main) refers to pid.o(i.PID_Init) for PID_Init
    main.o(i.main) refers to lcd.o(i.LCD_ShowString) for LCD_ShowString
    main.o(i.main) refers to delay.o(i.delay_ms) for delay_ms
    main.o(i.main) refers to lcd.o(i.LCD_Fill) for LCD_Fill
    main.o(i.main) refers to ov7670.o(i.OV7670_Init) for OV7670_Init
    main.o(i.main) refers to usart3.o(i.usart3_init) for usart3_init
    main.o(i.main) refers to timer.o(i.TIM3_PWM_Init) for TIM3_PWM_Init
    main.o(i.main) refers to timer.o(i.TIM6_Int_Init) for TIM6_Int_Init
    main.o(i.main) refers to exti.o(i.EXTI8_Init) for EXTI8_Init
    main.o(i.main) refers to ov7670.o(i.OV7670_Window_Set) for OV7670_Window_Set
    main.o(i.main) refers to lcd.o(i.LCD_Clear) for LCD_Clear
    main.o(i.main) refers to usmart_config.o(.data) for usmart_dev
    main.o(i.main) refers to lcd.o(.data) for POINT_COLOR
    system_stm32f10x.o(i.SystemCoreClockUpdate) refers to system_stm32f10x.o(.data) for .data
    system_stm32f10x.o(i.SystemInit) refers to system_stm32f10x.o(i.SetSysClockTo72) for SetSysClockTo72
    led.o(i.LED_Init) refers to stm32f10x_rcc.o(i.RCC_APB2PeriphClockCmd) for RCC_APB2PeriphClockCmd
    led.o(i.LED_Init) refers to stm32f10x_gpio.o(i.GPIO_Init) for GPIO_Init
    led.o(i.LED_Init) refers to stm32f10x_gpio.o(i.GPIO_SetBits) for GPIO_SetBits
    key.o(i.EXTI15_10_IRQHandler) refers to key.o(i.Function) for Function
    key.o(i.EXTI15_10_IRQHandler) refers to stm32f10x_exti.o(i.EXTI_ClearFlag) for EXTI_ClearFlag
    key.o(i.EXTI15_10_IRQHandler) refers to key.o(.data) for .data
    key.o(i.Function) refers to key.o(i.Key_scan) for Key_scan
    key.o(i.Function) refers to key.o(.data) for .data
    key.o(i.Function) refers to pid.o(.data) for Aim_X
    key.o(i.Init_Keyboard_Interrupt) refers to key.o(i.KEY4x4_Init) for KEY4x4_Init
    key.o(i.Init_Keyboard_Interrupt) refers to stm32f10x_rcc.o(i.RCC_APB2PeriphClockCmd) for RCC_APB2PeriphClockCmd
    key.o(i.Init_Keyboard_Interrupt) refers to stm32f10x_exti.o(i.EXTI_ClearITPendingBit) for EXTI_ClearITPendingBit
    key.o(i.Init_Keyboard_Interrupt) refers to stm32f10x_gpio.o(i.GPIO_EXTILineConfig) for GPIO_EXTILineConfig
    key.o(i.Init_Keyboard_Interrupt) refers to stm32f10x_exti.o(i.EXTI_Init) for EXTI_Init
    key.o(i.Init_Keyboard_Interrupt) refers to misc.o(i.NVIC_Init) for NVIC_Init
    key.o(i.KEY4x4_Init) refers to stm32f10x_rcc.o(i.RCC_APB2PeriphClockCmd) for RCC_APB2PeriphClockCmd
    key.o(i.KEY4x4_Init) refers to stm32f10x_gpio.o(i.GPIO_Init) for GPIO_Init
    key.o(i.KEY4x4_Init) refers to stm32f10x_gpio.o(i.GPIO_SetBits) for GPIO_SetBits
    key.o(i.Key_scan) refers to stm32f10x_gpio.o(i.GPIO_ReadInputData) for GPIO_ReadInputData
    key.o(i.Key_scan) refers to stm32f10x_gpio.o(i.GPIO_ResetBits) for GPIO_ResetBits
    key.o(i.Key_scan) refers to stm32f10x_gpio.o(i.GPIO_SetBits) for GPIO_SetBits
    key.o(i.Key_scan) refers to stm32f10x_gpio.o(i.GPIO_ReadInputDataBit) for GPIO_ReadInputDataBit
    key.o(i.Key_scan) refers to key.o(i.Delay) for Delay
    key.o(i.Key_scan) refers to key.o(.data) for .data
    lcd.o(i.LCD_Clear) refers to lcd.o(i.LCD_SetCursor) for LCD_SetCursor
    lcd.o(i.LCD_Clear) refers to lcd.o(i.LCD_WriteRAM_Prepare) for LCD_WriteRAM_Prepare
    lcd.o(i.LCD_Clear) refers to lcd.o(.bss) for .bss
    lcd.o(i.LCD_Color_Fill) refers to lcd.o(i.LCD_SetCursor) for LCD_SetCursor
    lcd.o(i.LCD_Color_Fill) refers to lcd.o(i.LCD_WriteRAM_Prepare) for LCD_WriteRAM_Prepare
    lcd.o(i.LCD_DisplayOff) refers to lcd.o(i.LCD_WriteReg) for LCD_WriteReg
    lcd.o(i.LCD_DisplayOff) refers to lcd.o(.bss) for .bss
    lcd.o(i.LCD_DisplayOn) refers to lcd.o(i.LCD_WriteReg) for LCD_WriteReg
    lcd.o(i.LCD_DisplayOn) refers to lcd.o(.bss) for .bss
    lcd.o(i.LCD_Display_Dir) refers to lcd.o(i.LCD_Scan_Dir) for LCD_Scan_Dir
    lcd.o(i.LCD_Display_Dir) refers to lcd.o(.bss) for .bss
    lcd.o(i.LCD_DrawLine) refers to lcd.o(i.LCD_DrawPoint) for LCD_DrawPoint
    lcd.o(i.LCD_DrawPoint) refers to lcd.o(i.LCD_SetCursor) for LCD_SetCursor
    lcd.o(i.LCD_DrawPoint) refers to lcd.o(i.LCD_WriteRAM_Prepare) for LCD_WriteRAM_Prepare
    lcd.o(i.LCD_DrawPoint) refers to lcd.o(.data) for .data
    lcd.o(i.LCD_DrawRectangle) refers to lcd.o(i.LCD_DrawLine) for LCD_DrawLine
    lcd.o(i.LCD_Draw_Circle) refers to lcd.o(i.LCD_DrawPoint) for LCD_DrawPoint
[...]
    i.GPIO_SetBits                           0x08000bb8   Section        0  stm32f10x_gpio.o(i.GPIO_SetBits)
    i.HardFault_Handler                      0x08000bbc   Section        0  stm32f10x_it.o(i.HardFault_Handler)
    i.Init_Keyboard_Interrupt                0x08000bbe   Section        0  key.o(i.Init_Keyboard_Interrupt)
    i.KEY4x4_Init                            0x08000c48   Section        0  key.o(i.KEY4x4_Init)
    i.Key_scan                               0x08000c94   Section        0  key.o(i.Key_scan)
    i.LCD_Clear                              0x08000e0c   Section        0  lcd.o(i.LCD_Clear)
    i.LCD_Display_Dir                        0x08000e78   Section        0  lcd.o(i.LCD_Display_Dir)
    i.LCD_Fast_DrawPoint                     0x08000fa8   Section        0  lcd.o(i.LCD_Fast_DrawPoint)
    i.LCD_Fill                               0x080010c4   Section        0  lcd.o(i.LCD_Fill)
    i.LCD_Init                               0x08001150   Section        0  lcd.o(i.LCD_Init)
    i.LCD_Pow                                0x08003f64   Section        0  lcd.o(i.LCD_Pow)
    i.LCD_RD_DATA                            0x08003f74   Section        0  lcd.o(i.LCD_RD_DATA)
    i.LCD_ReadReg                            0x08003f88   Section        0  lcd.o(i.LCD_ReadReg)
    i.LCD_SSD_BackLightSet                   0x08003fa0   Section        0  lcd.o(i.LCD_SSD_BackLightSet)
    i.LCD_Scan_Dir                           0x08003fdc   Section        0  lcd.o(i.LCD_Scan_Dir)
    i.LCD_SetCursor                          0x08004184   Section        0  lcd.o(i.LCD_SetCursor)
    i.LCD_Set_Window                         0x080042cc   Section        0  lcd.o(i.LCD_Set_Window)
    i.LCD_ShowChar                           0x08004448   Section        0  lcd.o(i.LCD_ShowChar)
    i.LCD_ShowString                         0x08004514   Section        0  lcd.o(i.LCD_ShowString)
    i.LCD_ShowxNum                           0x08004568   Section        0  lcd.o(i.LCD_ShowxNum)
    i.LCD_WriteRAM_Prepare                   0x080045f0   Section        0  lcd.o(i.LCD_WriteRAM_Prepare)
    i.LCD_WriteReg                           0x08004604   Section        0  lcd.o(i.LCD_WriteReg)
    i.LED_Init                               0x08004614   Section        0  led.o(i.LED_Init)
    i.MemManage_Handler                      0x08004664   Section        0  stm32f10x_it.o(i.MemManage_Handler)
    i.NMI_Handler                            0x08004666   Section        0  stm32f10x_it.o(i.NMI_Handler)
    i.NVIC_Init                              0x08004668   Section        0  misc.o(i.NVIC_Init)
    i.NVIC_PriorityGroupConfig               0x080046cc   Section        0  misc.o(i.NVIC_PriorityGroupConfig)
    i.OV7670_Init                            0x080046e0   Section        0  ov7670.o(i.OV7670_Init)
    i.OV7670_Window_Set                      0x080047f0   Section        0  ov7670.o(i.OV7670_Window_Set)
    i.PID_Init                               0x08004860   Section        0  pid.o(i.PID_Init)
    i.PendSV_Handler                         0x08004878   Section        0  stm32f10x_it.o(i.PendSV_Handler)
    i.RCC_AHBPeriphClockCmd                  0x0800487c   Section        0  stm32f10x_rcc.o(i.RCC_AHBPeriphClockCmd)
    i.RCC_APB1PeriphClockCmd                 0x08004894   Section        0  stm32f10x_rcc.o(i.RCC_APB1PeriphClockCmd)
    i.RCC_APB2PeriphClockCmd                 0x080048ac   Section        0  stm32f10x_rcc.o(i.RCC_APB2PeriphClockCmd)
    i.RCC_GetClocksFreq                      0x080048c4   Section        0  stm32f10x_rcc.o(i.RCC_GetClocksFreq)
    i.Read_angle                             0x08004958   Section        0  usart3.o(i.Read_angle)
    i.SCCB_Init                              0x08004ab0   Section        0  sccb.o(i.SCCB_Init)
    i.SCCB_No_Ack                            0x08004b1c   Section        0  sccb.o(i.SCCB_No_Ack)
    i.SCCB_RD_Byte                           0x08004b60   Section        0  sccb.o(i.SCCB_RD_Byte)
    i.SCCB_RD_Reg                            0x08004bd4   Section        0  sccb.o(i.SCCB_RD_Reg)
    i.SCCB_Start                             0x08004c20   Section        0  sccb.o(i.SCCB_Start)
    i.SCCB_Stop                              0x08004c54   Section        0  sccb.o(i.SCCB_Stop)
    i.SCCB_WR_Byte                           0x08004c8c   Section        0  sccb.o(i.SCCB_WR_Byte)
    i.SCCB_WR_Reg                            0x08004d1c   Section        0  sccb.o(i.SCCB_WR_Reg)
    i.SVC_Handler                            0x08004d5a   Section        0  stm32f10x_it.o(i.SVC_Handler)
    i.SetSysClockTo72                        0x08004d5c   Section        0  system_stm32f10x.o(i.SetSysClockTo72)
    SetSysClockTo72                          0x08004d5d   Thumb Code   160  system_stm32f10x.o(i.SetSysClockTo72)
    i.SysTick_CLKSourceConfig                0x08004e04   Section        0  misc.o(i.SysTick_CLKSourceConfig)
    i.SysTick_Handler                        0x08004e1c   Section        0  stm32f10x_it.o(i.SysTick_Handler)
    i.SystemInit                             0x08004e20   Section        0  system_stm32f10x.o(i.SystemInit)
    i.TIM3_IRQHandler                        0x08004e70   Section        0  timer.o(i.TIM3_IRQHandler)
    i.TIM3_PWM_Init                          0x08004e9c   Section        0  timer.o(i.TIM3_PWM_Init)
    i.TIM4_IRQHandler                        0x08004f48   Section        0  usmart.o(i.TIM4_IRQHandler)
    i.TIM6_IRQHandler                        0x08004f84   Section        0  timer.o(i.TIM6_IRQHandler)
    i.TIM6_Int_Init                          0x08005134   Section        0  timer.o(i.TIM6_Int_Init)
    i.TIM_ARRPreloadConfig                   0x08005194   Section        0  stm32f10x_tim.o(i.TIM_ARRPreloadConfig)
    i.TIM_ClearFlag                          0x080051a8   Section        0  stm32f10x_tim.o(i.TIM_ClearFlag)
    i.TIM_ClearITPendingBit                  0x080051ae   Section        0  stm32f10x_tim.o(i.TIM_ClearITPendingBit)
    i.TIM_Cmd                                0x080051b4   Section        0  stm32f10x_tim.o(i.TIM_Cmd)
    i.TIM_GetCounter                         0x080051c8   Section        0  stm32f10x_tim.o(i.TIM_GetCounter)
    i.TIM_GetFlagStatus                      0x080051cc   Section        0  stm32f10x_tim.o(i.TIM_GetFlagStatus)
    i.TIM_GetITStatus                        0x080051da   Section        0  stm32f10x_tim.o(i.TIM_GetITStatus)
    i.TIM_ITConfig                           0x080051f2   Section        0  stm32f10x_tim.o(i.TIM_ITConfig)
    i.TIM_OC2Init                            0x08005204   Section        0  stm32f10x_tim.o(i.TIM_OC2Init)
    i.TIM_OC2PreloadConfig                   0x08005284   Section        0  stm32f10x_tim.o(i.TIM_OC2PreloadConfig)
    i.TIM_OC4Init                            0x08005298   Section        0  stm32f10x_tim.o(i.TIM_OC4Init)
    i.TIM_OC4PreloadConfig                   0x080052fc   Section        0  stm32f10x_tim.o(i.TIM_OC4PreloadConfig)
    i.TIM_SetAutoreload                      0x08005310   Section        0  stm32f10x_tim.o(i.TIM_SetAutoreload)
    i.TIM_SetCompare2                        0x08005314   Section        0  stm32f10x_tim.o(i.TIM_SetCompare2)
    i.TIM_SetCompare4                        0x08005318   Section        0  stm32f10x_tim.o(i.TIM_SetCompare4)
    i.TIM_SetCounter                         0x0800531e   Section        0  stm32f10x_tim.o(i.TIM_SetCounter)
    i.TIM_TimeBaseInit                       0x08005324   Section        0  stm32f10x_tim.o(i.TIM_TimeBaseInit)
    i.Timer4_Init                            0x080053c0   Section        0  usmart.o(i.Timer4_Init)
    i.USART1_IRQHandler                      0x08005420   Section        0  usart.o(i.USART1_IRQHandler)
    i.USART3_IRQHandler                      0x08005484   Section        0  usart3.o(i.USART3_IRQHandler)
    i.USART_Cmd                              0x080054d8   Section        0  stm32f10x_usart.o(i.USART_Cmd)
    i.USART_GetITStatus                      0x080054ec   Section        0  stm32f10x_usart.o(i.USART_GetITStatus)
    i.USART_ITConfig                         0x0800552a   Section        0  stm32f10x_usart.o(i.USART_ITConfig)
    i.USART_Init                             0x0800555c   Section        0  stm32f10x_usart.o(i.USART_Init)
    i.USART_ReceiveData                      0x08005608   Section        0  stm32f10x_usart.o(i.USART_ReceiveData)
    i.UsageFault_Handler                     0x08005610   Section        0  stm32f10x_it.o(i.UsageFault_Handler)
    i.X_distance_pwm                         0x08005614   Section        0  pid.o(i.X_distance_pwm)
    i.X_speed_pwm                            0x08005694   Section        0  pid.o(i.X_speed_pwm)
    i.Y_distance_pwm                         0x080056fc   Section        0  pid.o(i.Y_distance_pwm)
    i.Y_speed_pwm                            0x0800577c   Section        0  pid.o(i.Y_speed_pwm)
    i._is_digit                              0x080057e4   Section        0  __printf_wp.o(i._is_digit)
    i._sys_exit                              0x080057f2   Section        0  usart.o(i._sys_exit)
    i.camera_refresh                         0x080057f4   Section        0  timer.o(i.camera_refresh)
    i.delay_init                             0x08005950   Section        0  delay.o(i.delay_init)
    i.delay_ms                               0x0800598c   Section        0  delay.o(i.delay_ms)
    i.delay_us                               0x080059c0   Section        0  delay.o(i.delay_us)
    i.fputc                                  0x080059f4   Section        0  usart.o(i.fputc)
    i.get_speedx                             0x08005a0c   Section        0  location.o(i.get_speedx)
    i.get_speedy                             0x08005a34   Section        0  location.o(i.get_speedy)
    i.main                                   0x08005a60   Section        0  main.o(i.main)
    i.read_addr                              0x08005be8   Section        0  usmart.o(i.read_addr)
    i.uart_init                              0x08005bec   Section        0  usart.o(i.uart_init)
    i.usart3_init                            0x08005c8c   Section        0  usart3.o(i.usart3_init)
    i.usmart_cmd_rec                         0x08005d38   Section        0  usmart.o(i.usmart_cmd_rec)
    i.usmart_exe                             0x08005dcc   Section        0  usmart.o(i.usmart_exe)
    i.usmart_get_aparm                       0x0800602c   Section        0  usmart_str.o(i.usmart_get_aparm)
    i.usmart_get_cmdname                     0x080060c8   Section        0  usmart_str.o(i.usmart_get_cmdname)
    i.usmart_get_fname                       0x080060f8   Section        0  usmart_str.o(i.usmart_get_fname)
    i.usmart_get_fparam                      0x08006260   Section        0  usmart_str.o(i.usmart_get_fparam)
    i.usmart_get_parmpos                     0x08006330   Section        0  usmart_str.o(i.usmart_get_parmpos)
    i.usmart_get_runtime                     0x08006354   Section        0  usmart.o(i.usmart_get_runtime)
    i.usmart_init                            0x0800638c   Section        0  usmart.o(i.usmart_init)
    i.usmart_pow                             0x080063b4   Section        0  usmart_str.o(i.usmart_pow)
    i.usmart_reset_runtime                   0x080063c4   Section        0  usmart.o(i.usmart_reset_runtime)
    i.usmart_scan                            0x080063f4   Section        0  usmart.o(i.usmart_scan)
    i.usmart_search_nextc                    0x08006498   Section        0  usmart_str.o(i.usmart_search_nextc)
    i.usmart_str2num                         0x080064a8   Section        0  usmart_str.o(i.usmart_str2num)
    i.usmart_strcmp                          0x08006548   Section        0  usmart_str.o(i.usmart_strcmp)
    i.usmart_strcopy                         0x08006560   Section        0  usmart_str.o(i.usmart_strcopy)
    i.usmart_strlen                          0x08006572   Section        0  usmart_str.o(i.usmart_strlen)
    i.usmart_sys_cmd_exe                     0x08006584   Section        0  usmart.o(i.usmart_sys_cmd_exe)
    i.write_addr                             0x08006bf4   Section        0  usmart.o(i.write_addr)
    x$fpl$d2f                                0x08006bf8   Section       98  d2f.o(x$fpl$d2f)
    x$fpl$dadd                               0x08006c5c   Section      336  daddsub_clz.o(x$fpl$dadd)
    _dadd1                                   0x08006c6d   Thumb Code     0  daddsub_clz.o(x$fpl$dadd)
    x$fpl$dcheck1                            0x08006dac   Section       16  dcheck1.o(x$fpl$dcheck1)
    x$fpl$ddiv                               0x08006dbc   Section      688  ddiv.o(x$fpl$ddiv)
    ddiv_entry                               0x08006dc3   Thumb Code     0  ddiv.o(x$fpl$ddiv)
    x$fpl$dfixu                              0x0800706c   Section       90  dfixu.o(x$fpl$dfixu)
    x$fpl$dflt                               0x080070c6   Section       46  dflt_clz.o(x$fpl$dflt)
    x$fpl$dfltu                              0x080070f4   Section       38  dflt_clz.o(x$fpl$dfltu)
    x$fpl$dmul                               0x0800711c   Section      340  dmul.o(x$fpl$dmul)
    x$fpl$dnaninf                            0x08007270   Section      156  dnaninf.o(x$fpl$dnaninf)
    x$fpl$dretinf                            0x0800730c   Section       12  dretinf.o(x$fpl$dretinf)
    x$fpl$dsub                               0x08007318   Section      468  daddsub_clz.o(x$fpl$dsub)
    _dsub1                                   0x08007329   Thumb Code     0  daddsub_clz.o(x$fpl$dsub)
    x$fpl$fadd                               0x080074ec   Section      196  faddsub_clz.o(x$fpl$fadd)
    _fadd1                                   0x080074fb   Thumb Code     0  faddsub_clz.o(x$fpl$fadd)
    x$fpl$ffix                               0x080075b0   Section       54  ffix.o(x$fpl$ffix)
    x$fpl$ffixu                              0x080075e8   Section       62  ffixu.o(x$fpl$ffixu)
    x$fpl$fflt                               0x08007628   Section       48  fflt_clz.o(x$fpl$fflt)
    x$fpl$ffltu                              0x08007658   Section       38  fflt_clz.o(x$fpl$ffltu)
    x$fpl$fmul                               0x08007680   Section      258  fmul.o(x$fpl$fmul)
    x$fpl$fnaninf                            0x08007782   Section      140  fnaninf.o(x$fpl$fnaninf)
    x$fpl$fretinf                            0x0800780e   Section       10  fretinf.o(x$fpl$fretinf)
    x$fpl$fsub                               0x08007818   Section      234  faddsub_clz.o(x$fpl$fsub)
    _fsub1                                   0x08007827   Thumb Code     0  faddsub_clz.o(x$fpl$fsub)
    x$fpl$retnan                             0x08007902   Section      100  retnan.o(x$fpl$retnan)
    x$fpl$scalbn                             0x08007966   Section       92  scalbn.o(x$fpl$scalbn)
    x$fpl$trapveneer                         0x080079c2   Section       48  trapv.o(x$fpl$trapveneer)
    .constdata                               0x080079f2   Section     6080  lcd.o(.constdata)
    x$fpl$usenofp                            0x080079f2   Section        0  usenofp.o(x$fpl$usenofp)
    .constdata                               0x080091b2   Section      336  ov7670.o(.constdata)
    .constdata                               0x08009302   Section       40  _printf_hex_int.o(.constdata)
    uc_hextab                                0x08009302   Data          20  _printf_hex_int.o(.constdata)
    lc_hextab                                0x08009316   Data          20  _printf_hex_int.o(.constdata)
    .constdata                               0x0800932a   Section       17  __printf_flags_ss_wp.o(.constdata)
    maptable                                 0x0800932a   Data          17  __printf_flags_ss_wp.o(.constdata)
    .conststring                             0x0800933c   Section       40  usmart.o(.conststring)
    .conststring                             0x08009364   Section      223  usmart_config.o(.conststring)
    .data                                    0x20000000   Section       20  system_stm32f10x.o(.data)
    .data                                    0x20000014   Section       18  key.o(.data)
    .data                                    0x20000026   Section        1  key.o(.data)
    .data                                    0x20000028   Section        4  lcd.o(.data)
    .data                                    0x2000002c   Section        1  exti.o(.data)
    .data                                    0x2000002e   Section        4  location.o(.data)
    .data                                    0x20000034   Section        8  usart3.o(.data)
    .data                                    0x2000003c   Section       40  pid.o(.data)
    err                                      0x20000044   Data           4  pid.o(.data)
    sek                                      0x20000048   Data           4  pid.o(.data)
    err                                      0x2000004c   Data           4  pid.o(.data)
    sek                                      0x20000050   Data           4  pid.o(.data)
    err                                      0x20000054   Data           4  pid.o(.data)
    sek                                      0x20000058   Data           4  pid.o(.data)
    err                                      0x2000005c   Data           4  pid.o(.data)
    sek                                      0x20000060   Data           4  pid.o(.data)
    .data                                    0x20000064   Section        4  delay.o(.data)
    fac_us                                   0x20000064   Data           1  delay.o(.data)
    fac_ms                                   0x20000066   Data           2  delay.o(.data)
    .data                                    0x20000068   Section        2  usart.o(.data)
    .data                                    0x2000006c   Section        4  usart.o(.data)
    .data                                    0x20000070   Section       20  stm32f10x_rcc.o(.data)
    ADCPrescTable                            0x20000070   Data           4  stm32f10x_rcc.o(.data)
    APBAHBPrescTable                         0x20000074   Data          16  stm32f10x_rcc.o(.data)
    .data                                    0x20000084   Section       28  usmart.o(.data)
    .data                                    0x200000a0   Section       56  usmart_config.o(.data)
    .data                                    0x200000d8   Section      244  usmart_config.o(.data)
    .bss                                     0x200001cc   Section       14  lcd.o(.bss)
    .bss                                     0x200001da   Section    51200  timer.o(.bss)
    .bss                                     0x2000c9dc   Section       59  usart3.o(.bss)
    .bss                                     0x2000ca18   Section       84  pid.o(.bss)
    .bss                                     0x2000ca6c   Section      200  usart.o(.bss)
    .bss                                     0x2000cb34   Section       96  libspace.o(.bss)
    HEAP                                     0x2000cb98   Section        0  startup_stm32f10x_hd.o(HEAP)
    STACK                                    0x2000cb98   Section     1024  startup_stm32f10x_hd.o(STACK)
    Heap_Mem                                 0x2000cb98   Data           0  startup_stm32f10x_hd.o(HEAP)
    Stack_Mem                                0x2000cb98   Data        1024  startup_stm32f10x_hd.o(STACK)
    __initial_sp                             0x2000cf98   Data           0  startup_stm32f10x_hd.o(STACK)

    Global Symbols

    Symbol Name                              Value     Ov Type        Size  Object(Section)

    BuildAttributes$$THM_ISAv4$P$D$K$B$S$PE$A:L22UL41UL21$X:L11$S22US41US21$IEEE1$IW$USESV6$~STKCKD$USESV7$~SHL$OSPACE$ROPI$EBA8$UX$STANDARDLIB$REQ8$PRES8$EABIv2 0x00000000   Number         0  anon$$obj.o ABSOLUTE
    __ARM_use_no_argv                        0x00000000   Number         0  main.o ABSOLUTE
    _printf_flags                            0x00000000   Number         0  printf_stubs.o ABSOLUTE
    _printf_return_value                     0x00000000   Number         0  printf_stubs.o ABSOLUTE
    _printf_sizespec                         0x00000000   Number         0  printf_stubs.o ABSOLUTE
    _printf_widthprec                        0x00000000   Number         0  printf_stubs.o ABSOLUTE
    __ARM_exceptions_init                     - Undefined Weak Reference
    __alloca_initialize                       - Undefined Weak Reference
    __arm_preinit_                            - Undefined Weak Reference
    __cpp_initialize__aeabi_                  - Undefined Weak Reference
    __cxa_finalize                            - Undefined Weak Reference
    __rt_locale                               - Undefined Weak Reference
    __sigvec_lookup                           - Undefined Weak Reference
    _atexit_init                              - Undefined Weak Reference
    _call_atexit_fns                          - Undefined Weak Reference
    _clock_init                               - Undefined Weak Reference
    _fp_trap_init                             - Undefined Weak Reference
    _fp_trap_shutdown                         - Undefined Weak Reference
    _get_lc_collate                           - Undefined Weak Reference
    _get_lc_ctype                             - Undefined Weak Reference
    _get_lc_monetary                          - Undefined Weak Reference
    _get_lc_numeric                           - Undefined Weak Reference
    _get_lc_time                              - Undefined Weak Reference
    _getenv_init                              - Undefined Weak Reference
    _handle_redirection                       - Undefined Weak Reference
    _init_alloc                               - Undefined Weak Reference
    _init_user_alloc                          - Undefined Weak Reference
    _initio                                   - Undefined Weak Reference
    _mutex_acquire                            - Undefined Weak Reference
    _mutex_release                            - Undefined Weak Reference
    _printf_mbtowc                            - Undefined Weak Reference
    _printf_truncate_signed                   - Undefined Weak Reference
    _printf_truncate_unsigned                 - Undefined Weak Reference
    _rand_init                                - Undefined Weak Reference
    _signal_finish                            - Undefined Weak Reference
    _signal_init                              - Undefined Weak Reference
    _terminate_alloc                          - Undefined Weak Reference
    _terminate_user_alloc                     - Undefined Weak Reference
    _terminateio                              - Undefined Weak Reference
    __Vectors_Size                           0x00000130   Number         0  startup_stm32f10x_hd.o ABSOLUTE
    __Vectors                                0x08000000   Data           4  startup_stm32f10x_hd.o(RESET)
    __Vectors_End                            0x08000130   Data           0  startup_stm32f10x_hd.o(RESET)
    __main                                   0x08000131   Thumb Code     8  __main.o(!!!main)
    __scatterload                            0x08000139   Thumb Code     0  __scatter.o(!!!scatter)
    __scatterload_rt2                        0x08000139   Thumb Code    44  __scatter.o(!!!scatter)
    __scatterload_rt2_thumb_only             0x08000139   Thumb Code     0  __scatter.o(!!!scatter)
    __scatterload_null                       0x08000147   Thumb Code     0  __scatter.o(!!!scatter)
    __decompress                             0x0800016d   Thumb Code    90  __dczerorl2.o(!!dczerorl2)
    __decompress1                            0x0800016d   Thumb Code     0  __dczerorl2.o(!!dczerorl2)
    __scatterload_zeroinit                   0x080001c9   Thumb Code    28  __scatter_zi.o(!!handler_zi)
    _printf_d                                0x080001e5   Thumb Code     0  _printf_d.o(.ARM.Collect$$_printf_percent$$00000009)
    _printf_percent                          0x080001e5   Thumb Code     0  _printf_percent.o(.ARM.Collect$$_printf_percent$$00000000)
    _printf_u                                0x080001eb   Thumb Code     0  _printf_u.o(.ARM.Collect$$_printf_percent$$0000000A)
    _printf_x                                0x080001f1   Thumb Code     0  _printf_x.o(.ARM.Collect$$_printf_percent$$0000000C)
    _printf_c                                0x080001f7   Thumb Code     0  _printf_c.o(.ARM.Collect$$_printf_percent$$00000013)
    _printf_s                                0x080001fd   Thumb Code     0  _printf_s.o(.ARM.Collect$$_printf_percent$$00000014)
    _printf_percent_end                      0x08000203   Thumb Code     0  _printf_percent_end.o(.ARM.Collect$$_printf_percent$$00000017)
    __rt_lib_init                            0x08000207   Thumb Code     0  libinit.o(.ARM.Collect$$libinit$$00000000)
    __rt_lib_init_alloca_1                   0x08000209   Thumb Code     0  libinit2.o(.ARM.Collect$$libinit$$0000002E)
    __rt_lib_init_argv_1                     0x08000209   Thumb Code     0  libinit2.o(.ARM.Collect$$libinit$$0000002C)
    __rt_lib_init_atexit_1                   0x08000209   Thumb Code     0  libinit2.o(.ARM.Collect$$libinit$$0000001B)
    __rt_lib_init_clock_1                    0x08000209   Thumb Code     0  libinit2.o(.ARM.Collect$$libinit$$00000021)
    __rt_lib_init_cpp_1                      0x08000209   Thumb Code     0  libinit2.o(.ARM.Collect$$libinit$$00000032)
    __rt_lib_init_exceptions_1               0x08000209   Thumb Code     0  libinit2.o(.ARM.Collect$$libinit$$00000030)
    __rt_lib_init_fp_1                       0x08000209   Thumb Code     0  libinit2.o(.ARM.Collect$$libinit$$00000002)
    __rt_lib_init_fp_trap_1                  0x08000209   Thumb Code     0  libinit2.o(.ARM.Collect$$libinit$$0000001F)
    __rt_lib_init_getenv_1                   0x08000209   Thumb Code     0  libinit2.o(.ARM.Collect$$libinit$$00000023)
    __rt_lib_init_heap_1                     0x08000209   Thumb Code     0  libinit2.o(.ARM.Collect$$libinit$$0000000A)
    __rt_lib_init_lc_collate_1               0x08000209   Thumb Code     0  libinit2.o(.ARM.Collect$$libinit$$00000011)
    __rt_lib_init_lc_ctype_1                 0x08000209   Thumb Code     0  libinit2.o(.ARM.Collect$$libinit$$00000013)
    __rt_lib_init_lc_monetary_1              0x08000209   Thumb Code     0  libinit2.o(.ARM.Collect$$libinit$$00000015)
    __rt_lib_init_lc_numeric_1               0x08000209   Thumb Code     0  libinit2.o(.ARM.Collect$$libinit$$00000017)
    __rt_lib_init_lc_time_1                  0x08000209   Thumb Code     0  libinit2.o(.ARM.Collect$$libinit$$00000019)
    __rt_lib_init_preinit_1                  0x08000209   Thumb Code     0  libinit2.o(.ARM.Collect$$libinit$$00000004)
    __rt_lib_init_rand_1                     0x08000209   Thumb Code     0  libinit2.o(.ARM.Collect$$libinit$$0000000E)
    __rt_lib_init_return                     0x08000209   Thumb Code     0  libinit2.o(.ARM.Collect$$libinit$$00000033)
    __rt_lib_init_signal_1                   0x08000209   Thumb Code     0  libinit2.o(.ARM.Collect$$libinit$$0000001D)
    __rt_lib_init_stdio_1                    0x08000209   Thumb Code     0  libinit2.o(.ARM.Collect$$libinit$$00000025)
    __rt_lib_init_user_alloc_1               0x08000209   Thumb Code     0  libinit2.o(.ARM.Collect$$libinit$$0000000C)
    __rt_lib_shutdown                        0x0800020b   Thumb Code     0  libshutdown.o(.ARM.Collect$$libshutdown$$00000000)
    __rt_lib_shutdown_fp_trap_1              0x0800020d   Thumb Code     0  libshutdown2.o(.ARM.Collect$$libshutdown$$00000006)
    __rt_lib_shutdown_heap_1                 0x0800020d   Thumb Code     0  libshutdown2.o(.ARM.Collect$$libshutdown$$0000000E)
    __rt_lib_shutdown_return                 0x0800020d   Thumb Code     0  libshutdown2.o(.ARM.Collect$$libshutdown$$0000000F)
    __rt_lib_shutdown_signal_1               0x0800020d   Thumb Code     0  libshutdown2.o(.ARM.Collect$$libshutdown$$00000009)
    __rt_lib_shutdown_stdio_1                0x0800020d   Thumb Code     0  libshutdown2.o(.ARM.Collect$$libshutdown$$00000003)
    __rt_lib_shutdown_user_alloc_1           0x0800020d   Thumb Code     0  libshutdown2.o(.ARM.Collect$$libshutdown$$0000000B)
    __rt_entry                               0x0800020f   Thumb Code     0  __rtentry.o(.ARM.Collect$$rtentry$$00000000)
    __rt_entry_presh_1                       0x0800020f   Thumb Code     0  __rtentry2.o(.ARM.Collect$$rtentry$$00000002)
    __rt_entry_sh                            0x0800020f   Thumb Code     0  __rtentry4.o(.ARM.Collect$$rtentry$$00000004)
    __rt_entry_li                            0x08000215   Thumb Code     0  __rtentry2.o(.ARM.Collect$$rtentry$$0000000A)
    __rt_entry_postsh_1                      0x08000215   Thumb Code     0  __rtentry2.o(.ARM.Collect$$rtentry$$00000009)
    __rt_entry_main                          0x08000219   Thumb Code     0  __rtentry2.o(.ARM.Collect$$rtentry$$0000000D)
    __rt_entry_postli_1                      0x08000219   Thumb Code     0  __rtentry2.o(.ARM.Collect$$rtentry$$0000000C)
    __rt_exit                                0x08000221   Thumb Code     0  rtexit.o(.ARM.Collect$$rtexit$$00000000)
    __rt_exit_ls                             0x08000223   Thumb Code     0  rtexit2.o(.ARM.Collect$$rtexit$$00000003)
    __rt_exit_prels_1                        0x08000223   Thumb Code     0  rtexit2.o(.ARM.Collect$$rtexit$$00000002)
    __rt_exit_exit                           0x08000227   Thumb Code     0  rtexit2.o(.ARM.Collect$$rtexit$$00000004)
    Reset_Handler                            0x0800022d   Thumb Code     8  startup_stm32f10x_hd.o(.text)
    ADC1_2_IRQHandler                        0x08000247   Thumb Code     0  startup_stm32f10x_hd.o(.text)
    ADC3_IRQHandler                          0x08000247   Thumb Code     0  startup_stm32f10x_hd.o(.text)
    CAN1_RX1_IRQHandler                      0x08000247   Thumb Code     0  startup_stm32f10x_hd.o(.text)
    CAN1_SCE_IRQHandler                      0x08000247   Thumb Code     0  startup_stm32f10x_hd.o(.text)
    DMA1_Channel1_IRQHandler                 0x08000247   Thumb Code     0  startup_stm32f10x_hd.o(.text)
    DMA1_Channel2_IRQHandler                 0x08000247   Thumb Code     0  startup_stm32f10x_hd.o(.text)
    DMA1_Channel3_IRQHandler                 0x08000247   Thumb Code     0  startup_stm32f10x_hd.o(.text)
    DMA1_Channel4_IRQHandler                 0x08000247   Thumb Code     0  startup_stm32f10x_hd.o(.text)
    DMA1_Channel5_IRQHandler                 0x08000247   Thumb Code     0  startup_stm32f10x_hd.o(.text)
    DMA1_Channel6_IRQHandler                 0x08000247   Thumb Code     0  startup_stm32f10x_hd.o(.text)
    DMA1_Channel7_IRQHandler                 0x08000247   Thumb Code     0  startup_stm32f10x_hd.o(.text)
    DMA2_Channel1_IRQHandler                 0x08000247   Thumb Code     0  startup_stm32f10x_hd.o(.text)
    DMA2_Channel2_IRQHandler                 0x08000247   Thumb Code     0  startup_stm32f10x_hd.o(.text)
    DMA2_Channel3_IRQHandler                 0x08000247   Thumb Code     0  startup_stm32f10x_hd.o(.text)
    DMA2_Channel4_5_IRQHandler               0x08000247   Thumb Code     0  startup_stm32f10x_hd.o(.text)
    EXTI0_IRQHandler                         0x08000247   Thumb Code     0  startup_stm32f10x_hd.o(.text)
    EXTI1_IRQHandler                         0x08000247   Thumb Code     0  startup_stm32f10x_hd.o(.text)
    EXTI2_IRQHandler                         0x08000247   Thumb Code     0  startup_stm32f10x_hd.o(.text)
    EXTI3_IRQHandler                         0x08000247   Thumb Code     0  startup_stm32f10x_hd.o(.text)
    EXTI4_IRQHandler                         0x08000247   Thumb Code     0  startup_stm32f10x_hd.o(.text)
    FLASH_IRQHandler                         0x08000247   Thumb Code     0  startup_stm32f10x_hd.o(.text)
    FSMC_IRQHandler                          0x08000247   Thumb Code     0  startup_stm32f10x_hd.o(.text)
    I2C1_ER_IRQHandler                       0x08000247   Thumb Code     0  startup_stm32f10x_hd.o(.text)
    I2C1_EV_IRQHandler                       0x08000247   Thumb Code     0  startup_stm32f10x_hd.o(.text)
    I2C2_ER_IRQHandler                       0x08000247   Thumb Code     0  startup_stm32f10x_hd.o(.text)
    I2C2_EV_IRQHandler                       0x08000247   Thumb Code     0  startup_stm32f10x_hd.o(.text)
    PVD_IRQHandler                           0x08000247   Thumb Code     0  startup_stm32f10x_hd.o(.text)
    RCC_IRQHandler                           0x08000247   Thumb Code     0  startup_stm32f10x_hd.o(.text)
    RTCAlarm_IRQHandler                      0x08000247   Thumb Code     0  startup_stm32f10x_hd.o(.text)
    RTC_IRQHandler                           0x08000247   Thumb Code     0  startup_stm32f10x_hd.o(.text)
    SDIO_IRQHandler                          0x08000247   Thumb Code     0  startup_stm32f10x_hd.o(.text)
    SPI1_IRQHandler                          0x08000247   Thumb Code     0  startup_stm32f10x_hd.o(.text)
    SPI2_IRQHandler                          0x08000247   Thumb Code     0  startup_stm32f10x_hd.o(.text)
    SPI3_IRQHandler                          0x08000247   Thumb Code     0  startup_stm32f10x_hd.o(.text)
    TAMPER_IRQHandler                        0x08000247   Thumb Code     0  startup_stm32f10x_hd.o(.text)
    TIM1_BRK_IRQHandler                      0x08000247   Thumb Code     0  startup_stm32f10x_hd.o(.text)
    TIM1_CC_IRQHandler                       0x08000247   Thumb Code     0  startup_stm32f10x_hd.o(.text)
    TIM1_TRG_COM_IRQHandler                  0x08000247   Thumb Code     0  startup_stm32f10x_hd.o(.text)
    TIM1_UP_IRQHandler                       0x08000247   Thumb Code     0  startup_stm32f10x_hd.o(.text)
    TIM2_IRQHandler                          0x08000247   Thumb Code     0  startup_stm32f10x_hd.o(.text)
    TIM5_IRQHandler                          0x08000247   Thumb Code     0  startup_stm32f10x_hd.o(.text)
    TIM7_IRQHandler                          0x08000247   Thumb Code     0  startup_stm32f10x_hd.o(.text)
    TIM8_BRK_IRQHandler                      0x08000247   Thumb Code     0  startup_stm32f10x_hd.o(.text)
    TIM8_CC_IRQHandler                       0x08000247   Thumb Code     0  startup_stm32f10x_hd.o(.text)
    TIM8_TRG_COM_IRQHandler                  0x08000247   Thumb Code     0  startup_stm32f10x_hd.o(.text)
    TIM8_UP_IRQHandler                       0x08000247   Thumb Code     0  startup_stm32f10x_hd.o(.text)
    UART4_IRQHandler                         0x08000247   Thumb Code     0  startup_stm32f10x_hd.o(.text)
    UART5_IRQHandler                         0x08000247   Thumb Code     0  startup_stm32f10x_hd.o(.text)
    USART2_IRQHandler                        0x08000247   Thumb Code     0  startup_stm32f10x_hd.o(.text)
    USBWakeUp_IRQHandler                     0x08000247   Thumb Code     0  startup_stm32f10x_hd.o(.text)
    USB_HP_CAN1_TX_IRQHandler                0x08000247   Thumb Code     0  startup_stm32f10x_hd.o(.text)
    USB_LP_CAN1_RX0_IRQHandler               0x08000247   Thumb Code     0  startup_stm32f10x_hd.o(.text)
    WWDG_IRQHandler                          0x08000247   Thumb Code     0  startup_stm32f10x_hd.o(.text)
    __user_initial_stackheap                 0x08000249   Thumb Code     0  startup_stm32f10x_hd.o(.text)
    __use_no_semihosting                     0x08000269   Thumb Code     2  use_no_semi_2.o(.text)
    __2printf                                0x0800026d   Thumb Code    20  noretval__2printf.o(.text)
    _printf_pre_padding                      0x08000285   Thumb Code    44  _printf_pad.o(.text)
    _printf_post_padding                     0x080002b1   Thumb Code    34  _printf_pad.o(.text)
    _printf_str                              0x080002d3   Thumb Code    82  _printf_str.o(.text)
    _printf_int_dec                          0x08000325   Thumb Code   104  _printf_dec.o(.text)
    _printf_int_hex                          0x0800039d   Thumb Code    84  _printf_hex_int.o(.text)
    _printf_longlong_hex                     0x0800039d   Thumb Code     0  _printf_hex_int.o(.text)
    __printf                                 0x080003f5   Thumb Code   388  __printf_flags_ss_wp.o(.text)
    __aeabi_memcpy4                          0x0800057d   Thumb Code     0  rt_memcpy_w.o(.text)
    __aeabi_memcpy8                          0x0800057d   Thumb Code     0  rt_memcpy_w.o(.text)
    __rt_memcpy_w                            0x0800057d   Thumb Code   100  rt_memcpy_w.o(.text)
    _memcpy_lastbytes_aligned                0x080005c5   Thumb Code     0  rt_memcpy_w.o(.text)
    __use_two_region_memory                  0x080005e1   Thumb Code     2  heapauxi.o(.text)
    __rt_heap_escrow$2region                 0x080005e3   Thumb Code     2  heapauxi.o(.text)
    __rt_heap_expand$2region                 0x080005e5   Thumb Code     2  heapauxi.o(.text)
    __I$use$semihosting                      0x080005e7   Thumb Code     0  use_no_semi.o(.text)
    __use_no_semihosting_swi                 0x080005e7   Thumb Code     2  use_no_semi.o(.text)
    _printf_int_common                       0x080005e9   Thumb Code   178  _printf_intcommon.o(.text)
    _printf_cs_common                        0x0800069b   Thumb Code    20  _printf_char.o(.text)
    _printf_char                             0x080006af   Thumb Code    16  _printf_char.o(.text)
    _printf_string                           0x080006bf   Thumb Code     8  _printf_char.o(.text)
    _printf_char_file                        0x080006c9   Thumb Code    32  _printf_char_file.o(.text)
    _printf_char_common                      0x080006f7   Thumb Code    32  _printf_char_common.o(.text)
    ferror                                   0x0800071d   Thumb Code     8  ferror.o(.text)
    __user_setup_stackheap                   0x08000725   Thumb Code    74  sys_stackheap_outer.o(.text)
    exit                                     0x0800076f   Thumb Code    12  exit.o(.text)
    __user_libspace                          0x0800077d   Thumb Code     8  libspace.o(.text)
    __user_perproc_libspace                  0x0800077d   Thumb Code     0  libspace.o(.text)
    __user_perthread_libspace                0x0800077d   Thumb Code     0  libspace.o(.text)
    BusFault_Handler                         0x08000785   Thumb Code     2  stm32f10x_it.o(i.BusFault_Handler)
    DebugMon_Handler                         0x08000787   Thumb Code     2  stm32f10x_it.o(i.DebugMon_Handler)
    Delay                                    0x08000789   Thumb Code    16  key.o(i.Delay)
    EXTI15_10_IRQHandler                     0x08000799   Thumb Code    24  key.o(i.EXTI15_10_IRQHandler)
    EXTI8_Init                               0x080007b5   Thumb Code    66  exti.o(i.EXTI8_Init)
    EXTI9_5_IRQHandler                       0x080007f9   Thumb Code    54  exti.o(i.EXTI9_5_IRQHandler)
    EXTI_ClearFlag                           0x0800083d   Thumb Code     6  stm32f10x_exti.o(i.EXTI_ClearFlag)
    EXTI_ClearITPendingBit                   0x08000849   Thumb Code     6  stm32f10x_exti.o(i.EXTI_ClearITPendingBit)
    EXTI_GetITStatus                         0x08000855   Thumb Code    28  stm32f10x_exti.o(i.EXTI_GetITStatus)
    EXTI_Init                                0x08000875   Thumb Code   108  stm32f10x_exti.o(i.EXTI_Init)
    FSMC_NORSRAMCmd                          0x080008e5   Thumb Code    26  stm32f10x_fsmc.o(i.FSMC_NORSRAMCmd)
    FSMC_NORSRAMInit                         0x08000905   Thumb Code   200  stm32f10x_fsmc.o(i.FSMC_NORSRAMInit)
    Function                                 0x080009cd   Thumb Code   120  key.o(i.Function)
    GPIO_EXTILineConfig                      0x08000a85   Thumb Code    34  stm32f10x_gpio.o(i.GPIO_EXTILineConfig)
    GPIO_Init                                0x08000aad   Thumb Code   156  stm32f10x_gpio.o(i.GPIO_Init)
    GPIO_PinRemapConfig                      0x08000b49   Thumb Code    82  stm32f10x_gpio.o(i.GPIO_PinRemapConfig)
    GPIO_ReadInputData                       0x08000ba1   Thumb Code     6  stm32f10x_gpio.o(i.GPIO_ReadInputData)
    GPIO_ReadInputDataBit                    0x08000ba7   Thumb Code    14  stm32f10x_gpio.o(i.GPIO_ReadInputDataBit)
    GPIO_ResetBits                           0x08000bb5   Thumb Code     4  stm32f10x_gpio.o(i.GPIO_ResetBits)
    GPIO_SetBits                             0x08000bb9   Thumb Code     4  stm32f10x_gpio.o(i.GPIO_SetBits)
    HardFault_Handler                        0x08000bbd   Thumb Code     2  stm32f10x_it.o(i.HardFault_Handler)
    Init_Keyboard_Interrupt                  0x08000bbf   Thumb Code   138  key.o(i.Init_Keyboard_Interrupt)
    KEY4x4_Init                              0x08000c49   Thumb Code    70  key.o(i.KEY4x4_Init)
    Key_scan                                 0x08000c95   Thumb Code   368  key.o(i.Key_scan)
    LCD_Clear                                0x08000e0d   Thumb Code   100  lcd.o(i.LCD_Clear)
    LCD_Display_Dir                          0x08000e79   Thumb Code   298  lcd.o(i.LCD_Display_Dir)
    LCD_Fast_DrawPoint                       0x08000fa9   Thumb Code   276  lcd.o(i.LCD_Fast_DrawPoint)
    LCD_Fill                                 0x080010c5   Thumb Code   132  lcd.o(i.LCD_Fill)
    LCD_Init                                 0x08001151   Thumb Code 11792  lcd.o(i.LCD_Init)
    LCD_Pow                                  0x08003f65   Thumb Code    16  lcd.o(i.LCD_Pow)
    LCD_RD_DATA                              0x08003f75   Thumb Code    16  lcd.o(i.LCD_RD_DATA)
    LCD_ReadReg                              0x08003f89   Thumb Code    20  lcd.o(i.LCD_ReadReg)
    LCD_SSD_BackLightSet                     0x08003fa1   Thumb Code    50  lcd.o(i.LCD_SSD_BackLightSet)
    LCD_Scan_Dir                             0x08003fdd   Thumb Code   414  lcd.o(i.LCD_Scan_Dir)
    LCD_SetCursor                            0x08004185   Thumb Code   320  lcd.o(i.LCD_SetCursor)
    LCD_Set_Window                           0x080042cd   Thumb Code   370  lcd.o(i.LCD_Set_Window)
    LCD_ShowChar                             0x08004449   Thumb Code   182  lcd.o(i.LCD_ShowChar)
    LCD_ShowString                           0x08004515   Thumb Code    84  lcd.o(i.LCD_ShowString)
    LCD_ShowxNum                             0x08004569   Thumb Code   134  lcd.o(i.LCD_ShowxNum)
    LCD_WriteRAM_Prepare                     0x080045f1   Thumb Code    10  lcd.o(i.LCD_WriteRAM_Prepare)
    LCD_WriteReg                             0x08004605   Thumb Code    10  lcd.o(i.LCD_WriteReg)
    LED_Init                                 0x08004615   Thumb Code    70  led.o(i.LED_Init)
    MemManage_Handler                        0x08004665   Thumb Code     2  stm32f10x_it.o(i.MemManage_Handler)
    NMI_Handler                              0x08004667   Thumb Code     2  stm32f10x_it.o(i.NMI_Handler)
    NVIC_Init                                0x08004669   Thumb Code    94  misc.o(i.NVIC_Init)
    NVIC_PriorityGroupConfig                 0x080046cd   Thumb Code    10  misc.o(i.NVIC_PriorityGroupConfig)
    OV7670_Init                              0x080046e1   Thumb Code   242  ov7670.o(i.OV7670_Init)
    OV7670_Window_Set                        0x080047f1   Thumb Code   110  ov7670.o(i.OV7670_Window_Set)
    PID_Init                                 0x08004861   Thumb Code    20  pid.o(i.PID_Init)
    PendSV_Handler                           0x08004879   Thumb Code     2  stm32f10x_it.o(i.PendSV_Handler)
    RCC_AHBPeriphClockCmd                    0x0800487d   Thumb Code    18  stm32f10x_rcc.o(i.RCC_AHBPeriphClockCmd)
    RCC_APB1PeriphClockCmd                   0x08004895   Thumb Code    18  stm32f10x_rcc.o(i.RCC_APB1PeriphClockCmd)
    RCC_APB2PeriphClockCmd                   0x080048ad   Thumb Code    18  stm32f10x_rcc.o(i.RCC_APB2PeriphClockCmd)
    RCC_GetClocksFreq                        0x080048c5   Thumb Code   132  stm32f10x_rcc.o(i.RCC_GetClocksFreq)
    Read_angle                               0x08004959   Thumb Code   320  usart3.o(i.Read_angle)
    SCCB_Init                                0x08004ab1   Thumb Code    98  sccb.o(i.SCCB_Init)
    SCCB_No_Ack                              0x08004b1d   Thumb Code    58  sccb.o(i.SCCB_No_Ack)
    SCCB_RD_Byte                             0x08004b61   Thumb Code   102  sccb.o(i.SCCB_RD_Byte)
    SCCB_RD_Reg                              0x08004bd5   Thumb Code    76  sccb.o(i.SCCB_RD_Reg)
    SCCB_Start                               0x08004c21   Thumb Code    44  sccb.o(i.SCCB_Start)
    SCCB_Stop                                0x08004c55   Thumb Code    46  sccb.o(i.SCCB_Stop)
    SCCB_WR_Byte                             0x08004c8d   Thumb Code   130  sccb.o(i.SCCB_WR_Byte)
    SCCB_WR_Reg                              0x08004d1d   Thumb Code    62  sccb.o(i.SCCB_WR_Reg)
    SVC_Handler                              0x08004d5b   Thumb Code     2  stm32f10x_it.o(i.SVC_Handler)
    SysTick_CLKSourceConfig                  0x08004e05   Thumb Code    24  misc.o(i.SysTick_CLKSourceConfig)
    SysTick_Handler                          0x08004e1d   Thumb Code     2  stm32f10x_it.o(i.SysTick_Handler)
    SystemInit                               0x08004e21   Thumb Code    64  system_stm32f10x.o(i.SystemInit)
    TIM3_IRQHandler                          0x08004e71   Thumb Code    34  timer.o(i.TIM3_IRQHandler)
    TIM3_PWM_Init                            0x08004e9d   Thumb Code   160  timer.o(i.TIM3_PWM_Init)
    TIM4_IRQHandler                          0x08004f49   Thumb Code    50  usmart.o(i.TIM4_IRQHandler)
    TIM6_IRQHandler                          0x08004f85   Thumb Code   364  timer.o(i.TIM6_IRQHandler)
    TIM6_Int_Init                            0x08005135   Thumb Code    90  timer.o(i.TIM6_Int_Init)
    TIM_ARRPreloadConfig                     0x08005195   Thumb Code    20  stm32f10x_tim.o(i.TIM_ARRPreloadConfig)
    TIM_ClearFlag                            0x080051a9   Thumb Code     6  stm32f10x_tim.o(i.TIM_ClearFlag)
    TIM_ClearITPendingBit                    0x080051af   Thumb Code     6  stm32f10x_tim.o(i.TIM_ClearITPendingBit)
    TIM_Cmd                                  0x080051b5   Thumb Code    20  stm32f10x_tim.o(i.TIM_Cmd)
    TIM_GetCounter                           0x080051c9   Thumb Code     4  stm32f10x_tim.o(i.TIM_GetCounter)
    TIM_GetFlagStatus                        0x080051cd   Thumb Code    14  stm32f10x_tim.o(i.TIM_GetFlagStatus)
    TIM_GetITStatus                          0x080051db   Thumb Code    24  stm32f10x_tim.o(i.TIM_GetITStatus)
    TIM_ITConfig                             0x080051f3   Thumb Code    16  stm32f10x_tim.o(i.TIM_ITConfig)
    TIM_OC2Init                              0x08005205   Thumb Code   120  stm32f10x_tim.o(i.TIM_OC2Init)
    TIM_OC2PreloadConfig                     0x08005285   Thumb Code    20  stm32f10x_tim.o(i.TIM_OC2PreloadConfig)
    TIM_OC4Init                              0x08005299   Thumb Code    90  stm32f10x_tim.o(i.TIM_OC4Init)
    TIM_OC4PreloadConfig                     0x080052fd   Thumb Code    20  stm32f10x_tim.o(i.TIM_OC4PreloadConfig)
    TIM_SetAutoreload                        0x08005311   Thumb Code     4  stm32f10x_tim.o(i.TIM_SetAutoreload)
    TIM_SetCompare2                          0x08005315   Thumb Code     4  stm32f10x_tim.o(i.TIM_SetCompare2)
    TIM_SetCompare4                          0x08005319   Thumb Code     6  stm32f10x_tim.o(i.TIM_SetCompare4)
    TIM_SetCounter                           0x0800531f   Thumb Code     4  stm32f10x_tim.o(i.TIM_SetCounter)
    TIM_TimeBaseInit                         0x08005325   Thumb Code   114  stm32f10x_tim.o(i.TIM_TimeBaseInit)
    Timer4_Init                              0x080053c1   Thumb Code    90  usmart.o(i.Timer4_Init)
    USART1_IRQHandler                        0x08005421   Thumb Code    88  usart.o(i.USART1_IRQHandler)
    USART3_IRQHandler                        0x08005485   Thumb Code    72  usart3.o(i.USART3_IRQHandler)
    USART_Cmd                                0x080054d9   Thumb Code    20  stm32f10x_usart.o(i.USART_Cmd)
    USART_GetITStatus                        0x080054ed   Thumb Code    62  stm32f10x_usart.o(i.USART_GetITStatus)
    USART_ITConfig                           0x0800552b   Thumb Code    48  stm32f10x_usart.o(i.USART_ITConfig)
    USART_Init                               0x0800555d   Thumb Code   166  stm32f10x_usart.o(i.USART_Init)
    USART_ReceiveData                        0x08005609   Thumb Code     8  stm32f10x_usart.o(i.USART_ReceiveData)
    UsageFault_Handler                       0x08005611   Thumb Code     2  stm32f10x_it.o(i.UsageFault_Handler)
    X_distance_pwm                           0x08005615   Thumb Code   102  pid.o(i.X_distance_pwm)
    X_speed_pwm                              0x08005695   Thumb Code    92  pid.o(i.X_speed_pwm)
    Y_distance_pwm                           0x080056fd   Thumb Code   102  pid.o(i.Y_distance_pwm)
    Y_speed_pwm                              0x0800577d   Thumb Code    92  pid.o(i.Y_speed_pwm)
    _is_digit                                0x080057e5   Thumb Code    14  __printf_wp.o(i._is_digit)
    _sys_exit                                0x080057f3   Thumb Code     2  usart.o(i._sys_exit)
    camera_refresh                           0x080057f5   Thumb Code   320  timer.o(i.camera_refresh)
    delay_init                               0x08005951   Thumb Code    46  delay.o(i.delay_init)
    delay_ms                                 0x0800598d   Thumb Code    46  delay.o(i.delay_ms)
    delay_us                                 0x080059c1   Thumb Code    46  delay.o(i.delay_us)
    fputc                                    0x080059f5   Thumb Code    18  usart.o(i.fputc)
    get_speedx                               0x08005a0d   Thumb Code    28  location.o(i.get_speedx)
    get_speedy                               0x08005a35   Thumb Code    28  location.o(i.get_speedy)
    main                                     0x08005a61   Thumb Code   276  main.o(i.main)
    read_addr                                0x08005be9   Thumb Code     4  usmart.o(i.read_addr)
    uart_init                                0x08005bed   Thumb Code   152  usart.o(i.uart_init)
    usart3_init                              0x08005c8d   Thumb Code   162  usart3.o(i.usart3_init)
    usmart_cmd_rec                           0x08005d39   Thumb Code   144  usmart.o(i.usmart_cmd_rec)
    usmart_exe                               0x08005dcd   Thumb Code   510  usmart.o(i.usmart_exe)
    usmart_get_aparm                         0x0800602d   Thumb Code   156  usmart_str.o(i.usmart_get_aparm)
    usmart_get_cmdname                       0x080060c9   Thumb Code    46  usmart_str.o(i.usmart_get_cmdname)
    usmart_get_fname                         0x080060f9   Thumb Code   352  usmart_str.o(i.usmart_get_fname)
    usmart_get_fparam                        0x08006261   Thumb Code   202  usmart_str.o(i.usmart_get_fparam)
    usmart_get_parmpos                       0x08006331   Thumb Code    30  usmart_str.o(i.usmart_get_parmpos)
    usmart_get_runtime                       0x08006355   Thumb Code    48  usmart.o(i.usmart_get_runtime)
    usmart_init                              0x0800638d   Thumb Code    36  usmart.o(i.usmart_init)
    usmart_pow                               0x080063b5   Thumb Code    16  usmart_str.o(i.usmart_pow)
    usmart_reset_runtime                     0x080063c5   Thumb Code    40  usmart.o(i.usmart_reset_runtime)
    usmart_scan                              0x080063f5   Thumb Code    94  usmart.o(i.usmart_scan)
    usmart_search_nextc                      0x08006499   Thumb Code    16  usmart_str.o(i.usmart_search_nextc)
    usmart_str2num                           0x080064a9   Thumb Code   160  usmart_str.o(i.usmart_str2num)
    usmart_strcmp                            0x08006549   Thumb Code    24  usmart_str.o(i.usmart_strcmp)
    usmart_strcopy                           0x08006561   Thumb Code    18  usmart_str.o(i.usmart_strcopy)
    usmart_strlen                            0x08006573   Thumb Code    18  usmart_str.o(i.usmart_strlen)
    usmart_sys_cmd_exe                       0x08006585   Thumb Code  1442  usmart.o(i.usmart_sys_cmd_exe)
    write_addr                               0x08006bf5   Thumb Code     4  usmart.o(i.write_addr)
    __aeabi_d2f                              0x08006bf9   Thumb Code     0  d2f.o(x$fpl$d2f)
    _d2f                                     0x08006bf9   Thumb Code    98  d2f.o(x$fpl$d2f)
    __aeabi_dadd                             0x08006c5d   Thumb Code     0  daddsub_clz.o(x$fpl$dadd)
    _dadd                                    0x08006c5d   Thumb Code   332  daddsub_clz.o(x$fpl$dadd)
    __fpl_dcheck_NaN1                        0x08006dad   Thumb Code    10  dcheck1.o(x$fpl$dcheck1)
    __aeabi_ddiv                             0x08006dbd   Thumb Code     0  ddiv.o(x$fpl$ddiv)
    _ddiv                                    0x08006dbd   Thumb Code   552  ddiv.o(x$fpl$ddiv)
    __aeabi_d2uiz                            0x0800706d   Thumb Code     0  dfixu.o(x$fpl$dfixu)
    _dfixu                                   0x0800706d   Thumb Code    90  dfixu.o(x$fpl$dfixu)
    __aeabi_i2d                              0x080070c7   Thumb Code     0  dflt_clz.o(x$fpl$dflt)
    _dflt                                    0x080070c7   Thumb Code    46  dflt_clz.o(x$fpl$dflt)
    __aeabi_ui2d                             0x080070f5   Thumb Code     0  dflt_clz.o(x$fpl$dfltu)
    _dfltu                                   0x080070f5   Thumb Code    38  dflt_clz.o(x$fpl$dfltu)
    __aeabi_dmul                             0x0800711d   Thumb Code     0  dmul.o(x$fpl$dmul)
    _dmul                                    0x0800711d   Thumb Code   332  dmul.o(x$fpl$dmul)
    __fpl_dnaninf                            0x08007271   Thumb Code   156  dnaninf.o(x$fpl$dnaninf)
    __fpl_dretinf                            0x0800730d   Thumb Code    12  dretinf.o(x$fpl$dretinf)
    __aeabi_dsub                             0x08007319   Thumb Code     0  daddsub_clz.o(x$fpl$dsub)
    _dsub                                    0x08007319   Thumb Code   464  daddsub_clz.o(x$fpl$dsub)
    __aeabi_fadd                             0x080074ed   Thumb Code     0  faddsub_clz.o(x$fpl$fadd)
    _fadd                                    0x080074ed   Thumb Code   196  faddsub_clz.o(x$fpl$fadd)
    __aeabi_f2iz                             0x080075b1   Thumb Code     0  ffix.o(x$fpl$ffix)
    _ffix                                    0x080075b1   Thumb Code    54  ffix.o(x$fpl$ffix)
    __aeabi_f2uiz                            0x080075e9   Thumb Code     0  ffixu.o(x$fpl$ffixu)
    _ffixu                                   0x080075e9   Thumb Code    62  ffixu.o(x$fpl$ffixu)
    __aeabi_i2f                              0x08007629   Thumb Code     0  fflt_clz.o(x$fpl$fflt)
    _fflt                                    0x08007629   Thumb Code    48  fflt_clz.o(x$fpl$fflt)
    __aeabi_ui2f                             0x08007659   Thumb Code     0  fflt_clz.o(x$fpl$ffltu)
    _ffltu                                   0x08007659   Thumb Code    38  fflt_clz.o(x$fpl$ffltu)
    __aeabi_fmul                             0x08007681   Thumb Code     0  fmul.o(x$fpl$fmul)
    _fmul                                    0x08007681   Thumb Code   258  fmul.o(x$fpl$fmul)
    __fpl_fnaninf                            0x08007783   Thumb Code   140  fnaninf.o(x$fpl$fnaninf)
    __fpl_fretinf                            0x0800780f   Thumb Code    10  fretinf.o(x$fpl$fretinf)
    __aeabi_fsub                             0x08007819   Thumb Code     0  faddsub_clz.o(x$fpl$fsub)
    _fsub                                    0x08007819   Thumb Code   234  faddsub_clz.o(x$fpl$fsub)
    __fpl_return_NaN                         0x08007903   Thumb Code   100  retnan.o(x$fpl$retnan)
    __ARM_scalbn                             0x08007967   Thumb Code    92  scalbn.o(x$fpl$scalbn)
    __fpl_cmpreturn                          0x080079c3   Thumb Code    48  trapv.o(x$fpl$trapveneer)
    __I$use$fp                               0x080079f2   Number         0  usenofp.o(x$fpl$usenofp)
    asc2_1206                                0x080079f2   Data        1140  lcd.o(.constdata)
    asc2_1608                                0x08007e66   Data        1520  lcd.o(.constdata)
    asc2_2412                                0x08008456   Data        3420  lcd.o(.constdata)
    ov7670_init_reg_tbl                      0x080091b2   Data         336  ov7670.o(.constdata)
    Region$$Table$$Base                      0x08009444   Number         0  anon$$obj.o(Region$$Table)
    Region$$Table$$Limit                     0x08009464   Number         0  anon$$obj.o(Region$$Table)
    SystemCoreClock                          0x20000000   Data           4  system_stm32f10x.o(.data)
    AHBPrescTable                            0x20000004   Data          16  system_stm32f10x.o(.data)
    Keyboard_Change_Flag                     0x20000014   Data           1  key.o(.data)
    key_pressed_flag                         0x20000015   Data           1  key.o(.data)
    key_data                                 0x20000016   Data          16  key.o(.data)
    tim                                      0x20000026   Data           1  key.o(.data)
    POINT_COLOR                              0x20000028   Data           2  lcd.o(.data)
    BACK_COLOR                               0x2000002a   Data           2  lcd.o(.data)
    ov_sta                                   0x2000002c   Data           1  exti.o(.data)
    save_x                                   0x2000002e   Data           2  location.o(.data)
    save_y                                   0x20000030   Data           2  location.o(.data)
    counter                                  0x20000034   Data           1  usart3.o(.data)
    sign                                     0x20000035   Data           1  usart3.o(.data)
    t                                        0x20000038   Data           4  usart3.o(.data)
    Aim_X                                    0x2000003c   Data           4  pid.o(.data)
    Aim_Y                                    0x20000040   Data           4  pid.o(.data)
    USART_RX_STA                             0x20000068   Data           2  usart.o(.data)
    __stdout                                 0x2000006c   Data           4  usart.o(.data)
    sys_cmd_tab                              0x20000084   Data          28  usmart.o(.data)
    usmart_nametab                           0x200000a0   Data          56  usmart_config.o(.data)
    usmart_dev                               0x200000d8   Data         244  usmart_config.o(.data)
    lcddev                                   0x200001cc   Data          14  lcd.o(.bss)
    Pic_Buff                                 0x200001da   Data       51200  timer.o(.bss)
    Temp                                     0x2000c9dc   Data          11  usart3.o(.bss)
    angle                                    0x2000c9e8   Data          12  usart3.o(.bss)
    speed                                    0x2000c9f4   Data          12  usart3.o(.bss)
    accel                                    0x2000ca00   Data          12  usart3.o(.bss)
    Re_buf                                   0x2000ca0c   Data          11  usart3.o(.bss)
    pid                                      0x2000ca18   Data          84  pid.o(.bss)
    USART_RX_BUF                             0x2000ca6c   Data         200  usart.o(.bss)
    __libspace_start                         0x2000cb34   Data          96  libspace.o(.bss)
    __temporary_stack_top$libspace           0x2000cb94   Data           0  libspace.o(.bss)



==============================================================================

Memory Map of the image

  Image Entry point : 0x08000131

  Load Region LR_IROM1 (Base: 0x08000000, Size: 0x00009630, Max: 0x00080000, ABSOLUTE, COMPRESSED[0x000094ec])

    Execution Region ER_IROM1 (Base: 0x08000000, Size: 0x00009464, Max: 0x00080000, ABSOLUTE)

    Base Addr    Size         Type   Attr      Idx    E Section Name        Object

    0x08000000   0x00000130   Data   RO          853    RESET               startup_stm32f10x_hd.o
    0x08000130   0x00000008   Code   RO         2319  * !!!main             c_w.l(__main.o)
    0x08000138   0x00000034   Code   RO         2553    !!!scatter          c_w.l(__scatter.o)
    0x0800016c   0x0000005a   Code   RO         2551    !!dczerorl2         c_w.l(__dczerorl2.o)
    0x080001c6   0x00000002   PAD
    0x080001c8   0x0000001c   Code   RO         2555    !!handler_zi        c_w.l(__scatter_zi.o)
    0x080001e4   0x00000000   Code   RO         2314    .ARM.Collect$$_printf_percent$$00000000  c_w.l(_printf_percent.o)
    0x080001e4   0x00000006   Code   RO         2312    .ARM.Collect$$_printf_percent$$00000009  c_w.l(_printf_d.o)
    0x080001ea   0x00000006   Code   RO         2313    .ARM.Collect$$_printf_percent$$0000000A  c_w.l(_printf_u.o)
    0x080001f0   0x00000006   Code   RO         2311    .ARM.Collect$$_printf_percent$$0000000C  c_w.l(_printf_x.o)
    0x080001f6   0x00000006   Code   RO         2309    .ARM.Collect$$_printf_percent$$00000013  c_w.l(_printf_c.o)
    0x080001fc   0x00000006   Code   RO         2310    .ARM.Collect$$_printf_percent$$00000014  c_w.l(_printf_s.o)
    0x08000202   0x00000004   Code   RO         2378    .ARM.Collect$$_printf_percent$$00000017  c_w.l(_printf_percent_end.o)
    0x08000206   0x00000002   Code   RO         2424    .ARM.Collect$$libinit$$00000000  c_w.l(libinit.o)
    0x08000208   0x00000000   Code   RO         2433    .ARM.Collect$$libinit$$00000002  c_w.l(libinit2.o)
    0x08000208   0x00000000   Code   RO         2435    .ARM.Collect$$libinit$$00000004  c_w.l(libinit2.o)
    0x08000208   0x00000000   Code   RO         2438    .ARM.Collect$$libinit$$0000000A  c_w.l(libinit2.o)
    0x08000208   0x00000000   Code   RO         2440    .ARM.Collect$$libinit$$0000000C  c_w.l(libinit2.o)
    0x08000208   0x00000000   Code   RO         2442    .ARM.Collect$$libinit$$0000000E  c_w.l(libinit2.o)
    0x08000208   0x00000000   Code   RO         2445    .ARM.Collect$$libinit$$00000011  c_w.l(libinit2.o)
    0x08000208   0x00000000   Code   RO         2447    .ARM.Collect$$libinit$$00000013  c_w.l(libinit2.o)
    0x08000208   0x00000000   Code   RO         2449    .ARM.Collect$$libinit$$00000015  c_w.l(libinit2.o)
    0x08000208   0x00000000   Code   RO         2451    .ARM.Collect$$libinit$$00000017  c_w.l(libinit2.o)
    0x08000208   0x00000000   Code   RO         2453    .ARM.Collect$$libinit$$00000019  c_w.l(libinit2.o)
    0x08000208   0x00000000   Code   RO         2455    .ARM.Collect$$libinit$$0000001B  c_w.l(libinit2.o)
    0x08000208   0x00000000   Code   RO         2457    .ARM.Collect$$libinit$$0000001D  c_w.l(libinit2.o)
    0x08000208   0x00000000   Code   RO         2459    .ARM.Collect$$libinit$$0000001F  c_w.l(libinit2.o)
    0x08000208   0x00000000   Code   RO         2461    .ARM.Collect$$libinit$$00000021  c_w.l(libinit2.o)
    0x08000208   0x00000000   Code   RO         2463    .ARM.Collect$$libinit$$00000023  c_w.l(libinit2.o)
    0x08000208   0x00000000   Code   RO         2465    .ARM.Collect$$libinit$$00000025  c_w.l(libinit2.o)
    0x08000208   0x00000000   Code   RO         2469    .ARM.Collect$$libinit$$0000002C  c_w.l(libinit2.o)
    0x08000208   0x00000000   Code   RO         2471    .ARM.Collect$$libinit$$0000002E  c_w.l(libinit2.o)
    0x08000208   0x00000000   Code   RO         2473    .ARM.Collect$$libinit$$00000030  c_w.l(libinit2.o)
    0x08000208   0x00000000   Code   RO         2475    .ARM.Collect$$libinit$$00000032  c_w.l(libinit2.o)
    0x08000208   0x00000002   Code   RO         2476    .ARM.Collect$$libinit$$00000033  c_w.l(libinit2.o)
    0x0800020a   0x00000002   Code   RO         2494    .ARM.Collect$$libshutdown$$00000000  c_w.l(libshutdown.o)
    0x0800020c   0x00000000   Code   RO         2505    .ARM.Collect$$libshutdown$$00000003  c_w.l(libshutdown2.o)
    0x0800020c   0x00000000   Code   RO         2508    .ARM.Collect$$libshutdown$$00000006  c_w.l(libshutdown2.o)
    0x0800020c   0x00000000   Code   RO         2511    .ARM.Collect$$libshutdown$$00000009  c_w.l(libshutdown2.o)
    0x0800020c   0x00000000   Code   RO         2513    .ARM.Collect$$libshutdown$$0000000B  c_w.l(libshutdown2.o)
    0x0800020c   0x00000000   Code   RO         2516    .ARM.Collect$$libshutdown$$0000000E  c_w.l(libshutdown2.o)
    0x0800020c   0x00000002   Code   RO         2517    .ARM.Collect$$libshutdown$$0000000F  c_w.l(libshutdown2.o)
    0x0800020e   0x00000000   Code   RO         2371    .ARM.Collect$$rtentry$$00000000  c_w.l(__rtentry.o)
    0x0800020e   0x00000000   Code   RO         2391    .ARM.Collect$$rtentry$$00000002  c_w.l(__rtentry2.o)
    0x0800020e   0x00000006   Code   RO         2403    .ARM.Collect$$rtentry$$00000004  c_w.l(__rtentry4.o)
    0x08000214   0x00000000   Code   RO         2393    .ARM.Collect$$rtentry$$00000009  c_w.l(__rtentry2.o)
    0x08000214   0x00000004   Code   RO         2394    .ARM.Collect$$rtentry$$0000000A  c_w.l(__rtentry2.o)
    0x08000218   0x00000000   Code   RO         2396    .ARM.Collect$$rtentry$$0000000C  c_w.l(__rtentry2.o)
    0x08000218   0x00000008   Code   RO         2397    .ARM.Collect$$rtentry$$0000000D  c_w.l(__rtentry2.o)
    0x08000220   0x00000002   Code   RO         2430    .ARM.Collect$$rtexit$$00000000  c_w.l(rtexit.o)
    0x08000222   0x00000000   Code   RO         2478    .ARM.Collect$$rtexit$$00000002  c_w.l(rtexit2.o)
    0x08000222   0x00000004   Code   RO         2479    .ARM.Collect$$rtexit$$00000003  c_w.l(rtexit2.o)
    0x08000226   0x00000006   Code   RO         2480    .ARM.Collect$$rtexit$$00000004  c_w.l(rtexit2.o)
    0x0800022c   0x0000003c   Code   RO          854    .text               startup_stm32f10x_hd.o
    0x08000268   0x00000002   Code   RO         2254    .text               c_w.l(use_no_semi_2.o)
    0x0800026a   0x00000002   PAD
    0x0800026c   0x00000018   Code   RO         2258    .text               c_w.l(noretval__2printf.o)
    0x08000284   0x0000004e   Code   RO         2262    .text               c_w.l(_printf_pad.o)
    0x080002d2   0x00000052   Code   RO         2264    .text               c_w.l(_printf_str.o)
    0x08000324   0x00000078   Code   RO         2266    .text               c_w.l(_printf_dec.o)
    0x0800039c   0x00000058   Code   RO         2271    .text               c_w.l(_printf_hex_int.o)
    0x080003f4   0x00000188   Code   RO         2306    .text               c_w.l(__printf_flags_ss_wp.o)
    0x0800057c   0x00000064   Code   RO         2315    .text               c_w.l(rt_memcpy_w.o)
    0x080005e0   0x00000006   Code   RO         2317    .text               c_w.l(heapauxi.o)
    0x080005e6   0x00000002   Code   RO         2369    .text               c_w.l(use_no_semi.o)
    0x080005e8   0x000000b2   Code   RO         2372    .text               c_w.l(_printf_intcommon.o)
    0x0800069a   0x0000002c   Code   RO         2374    .text               c_w.l(_printf_char.o)
    0x080006c6   0x00000002   PAD
    0x080006c8   0x00000024   Code   RO         2376    .text               c_w.l(_printf_char_file.o)
    0x080006ec   0x00000030   Code   RO         2405    .text               c_w.l(_printf_char_common.o)
    0x0800071c   0x00000008   Code   RO         2407    .text               c_w.l(ferror.o)
    0x08000724   0x0000004a   Code   RO         2413    .text               c_w.l(sys_stackheap_outer.o)
    0x0800076e   0x0000000c   Code   RO         2417    .text               c_w.l(exit.o)
    0x0800077a   0x00000002   PAD
    0x0800077c   0x00000008   Code   RO         2427    .text               c_w.l(libspace.o)
    0x08000784   0x00000002   Code   RO          113    i.BusFault_Handler  stm32f10x_it.o
    0x08000786   0x00000002   Code   RO          114    i.DebugMon_Handler  stm32f10x_it.o
    0x08000788   0x00000010   Code   RO          237    i.Delay             key.o
    0x08000798   0x0000001c   Code   RO          238    i.EXTI15_10_IRQHandler  key.o
    0x080007b4   0x00000042   Code   RO          481    i.EXTI8_Init        exti.o
    0x080007f6   0x00000002   PAD
    0x080007f8   0x00000044   Code   RO          482    i.EXTI9_5_IRQHandler  exti.o
    0x0800083c   0x0000000c   Code   RO         1508    i.EXTI_ClearFlag    stm32f10x_exti.o
    0x08000848   0x0000000c   Code   RO         1509    i.EXTI_ClearITPendingBit  stm32f10x_exti.o
    0x08000854   0x00000020   Code   RO         1513    i.EXTI_GetITStatus  stm32f10x_exti.o
    0x08000874   0x00000070   Code   RO         1514    i.EXTI_Init         stm32f10x_exti.o
    0x080008e4   0x00000020   Code   RO          905    i.FSMC_NORSRAMCmd   stm32f10x_fsmc.o
    0x08000904   0x000000c8   Code   RO          907    i.FSMC_NORSRAMInit  stm32f10x_fsmc.o
    0x080009cc   0x000000b8   Code   RO          239    i.Function          key.o
    0x08000a84   0x00000028   Code   RO         1017    i.GPIO_EXTILineConfig  stm32f10x_gpio.o
    0x08000aac   0x0000009c   Code   RO         1020    i.GPIO_Init         stm32f10x_gpio.o
    0x08000b48   0x00000058   Code   RO         1022    i.GPIO_PinRemapConfig  stm32f10x_gpio.o
    0x08000ba0   0x00000006   Code   RO         1023    i.GPIO_ReadInputData  stm32f10x_gpio.o
    0x08000ba6   0x0000000e   Code   RO         1024    i.GPIO_ReadInputDataBit  stm32f10x_gpio.o
    0x08000bb4   0x00000004   Code   RO         1027    i.GPIO_ResetBits    stm32f10x_gpio.o
    0x08000bb8   0x00000004   Code   RO         1028    i.GPIO_SetBits      stm32f10x_gpio.o
    0x08000bbc   0x00000002   Code   RO          115    i.HardFault_Handler  stm32f10x_it.o
    0x08000bbe   0x0000008a   Code   RO          240    i.Init_Keyboard_Interrupt  key.o
    0x08000c48   0x0000004c   Code   RO          241    i.KEY4x4_Init       key.o
    0x08000c94   0x00000178   Code   RO          242    i.Key_scan          key.o
    0x08000e0c   0x0000006c   Code   RO          288    i.LCD_Clear         lcd.o
    0x08000e78   0x00000130   Code   RO          292    i.LCD_Display_Dir   lcd.o
    0x08000fa8   0x0000011c   Code   RO          297    i.LCD_Fast_DrawPoint  lcd.o
    0x080010c4   0x0000008c   Code   RO          298    i.LCD_Fill          lcd.o
    0x08001150   0x00002e14   Code   RO          299    i.LCD_Init          lcd.o
    0x08003f64   0x00000010   Code   RO          300    i.LCD_Pow           lcd.o
    0x08003f74   0x00000014   Code   RO          301    i.LCD_RD_DATA       lcd.o
    0x08003f88   0x00000018   Code   RO          303    i.LCD_ReadReg       lcd.o
    0x08003fa0   0x0000003c   Code   RO          304    i.LCD_SSD_BackLightSet  lcd.o
    0x08003fdc   0x000001a8   Code   RO          305    i.LCD_Scan_Dir      lcd.o
    0x08004184   0x00000148   Code   RO          306    i.LCD_SetCursor     lcd.o
    0x080042cc   0x0000017c   Code   RO          307    i.LCD_Set_Window    lcd.o
    0x08004448   0x000000cc   Code   RO          308    i.LCD_ShowChar      lcd.o
    0x08004514   0x00000054   Code   RO          310    i.LCD_ShowString    lcd.o
    0x08004568   0x00000086   Code   RO          311    i.LCD_ShowxNum      lcd.o
    0x080045ee   0x00000002   PAD
    0x080045f0   0x00000014   Code   RO          315    i.LCD_WriteRAM_Prepare  lcd.o
    0x08004604   0x00000010   Code   RO          316    i.LCD_WriteReg      lcd.o
    0x08004614   0x00000050   Code   RO          225    i.LED_Init          led.o
    0x08004664   0x00000002   Code   RO          116    i.MemManage_Handler  stm32f10x_it.o
    0x08004666   0x00000002   Code   RO          117    i.NMI_Handler       stm32f10x_it.o
    0x08004668   0x00000064   Code   RO          858    i.NVIC_Init         misc.o
    0x080046cc   0x00000014   Code   RO          859    i.NVIC_PriorityGroupConfig  misc.o
    0x080046e0   0x00000110   Code   RO          564    i.OV7670_Init       ov7670.o
    0x080047f0   0x0000006e   Code   RO          565    i.OV7670_Window_Set  ov7670.o
    0x0800485e   0x00000002   PAD
    0x08004860   0x00000018   Code   RO          700    i.PID_Init          pid.o
    0x08004878   0x00000002   Code   RO          118    i.PendSV_Handler    stm32f10x_it.o
    0x0800487a   0x00000002   PAD
    0x0800487c   0x00000018   Code   RO         1129    i.RCC_AHBPeriphClockCmd  stm32f10x_rcc.o
    0x08004894   0x00000018   Code   RO         1130    i.RCC_APB1PeriphClockCmd  stm32f10x_rcc.o
    0x080048ac   0x00000018   Code   RO         1132    i.RCC_APB2PeriphClockCmd  stm32f10x_rcc.o
    0x080048c4   0x00000094   Code   RO         1140    i.RCC_GetClocksFreq  stm32f10x_rcc.o
    0x08004958   0x00000158   Code   RO          662    i.Read_angle        usart3.o
    0x08004ab0   0x0000006c   Code   RO          588    i.SCCB_Init         sccb.o
    0x08004b1c   0x00000044   Code   RO          589    i.SCCB_No_Ack       sccb.o
    0x08004b60   0x00000074   Code   RO          590    i.SCCB_RD_Byte      sccb.o
    0x08004bd4   0x0000004c   Code   RO          591    i.SCCB_RD_Reg       sccb.o
    0x08004c20   0x00000034   Code   RO          592    i.SCCB_Start        sccb.o
    0x08004c54   0x00000038   Code   RO          593    i.SCCB_Stop         sccb.o
    0x08004c8c   0x00000090   Code   RO          594    i.SCCB_WR_Byte      sccb.o
    0x08004d1c   0x0000003e   Code   RO          595    i.SCCB_WR_Reg       sccb.o
    0x08004d5a   0x00000002   Code   RO          119    i.SVC_Handler       stm32f10x_it.o
    0x08004d5c   0x000000a8   Code   RO          196    i.SetSysClockTo72   system_stm32f10x.o
    0x08004e04   0x00000018   Code   RO          862    i.SysTick_CLKSourceConfig  misc.o
    0x08004e1c   0x00000002   Code   RO          120    i.SysTick_Handler   stm32f10x_it.o
    0x08004e1e   0x00000002   PAD
    0x08004e20   0x00000050   Code   RO          198    i.SystemInit        system_stm32f10x.o
    0x08004e70   0x0000002c   Code   RO          506    i.TIM3_IRQHandler   timer.o
    0x08004e9c   0x000000ac   Code   RO          508    i.TIM3_PWM_Init     timer.o
    0x08004f48   0x0000003c   Code   RO         2095    i.TIM4_IRQHandler   usmart.o
    0x08004f84   0x000001b0   Code   RO          509    i.TIM6_IRQHandler   timer.o
    0x08005134   0x00000060   Code   RO          510    i.TIM6_Int_Init     timer.o
    0x08005194   0x00000014   Code   RO         1564    i.TIM_ARRPreloadConfig  stm32f10x_tim.o
    0x080051a8   0x00000006   Code   RO         1570    i.TIM_ClearFlag     stm32f10x_tim.o
    0x080051ae   0x00000006   Code   RO         1571    i.TIM_ClearITPendingBit  stm32f10x_tim.o
    0x080051b4   0x00000014   Code   RO         1576    i.TIM_Cmd           stm32f10x_tim.o
    0x080051c8   0x00000004   Code   RO         1595    i.TIM_GetCounter    stm32f10x_tim.o
    0x080051cc   0x0000000e   Code   RO         1596    i.TIM_GetFlagStatus  stm32f10x_tim.o
    0x080051da   0x00000018   Code   RO         1597    i.TIM_GetITStatus   stm32f10x_tim.o
    0x080051f2   0x00000010   Code   RO         1601    i.TIM_ITConfig      stm32f10x_tim.o
    0x08005202   0x00000002   PAD
    0x08005204   0x00000080   Code   RO         1610    i.TIM_OC2Init       stm32f10x_tim.o
    0x08005284   0x00000014   Code   RO         1613    i.TIM_OC2PreloadConfig  stm32f10x_tim.o
    0x08005298   0x00000064   Code   RO         1620    i.TIM_OC4Init       stm32f10x_tim.o
    0x080052fc   0x00000014   Code   RO         1622    i.TIM_OC4PreloadConfig  stm32f10x_tim.o
    0x08005310   0x00000004   Code   RO         1635    i.TIM_SetAutoreload  stm32f10x_tim.o
    0x08005314   0x00000004   Code   RO         1638    i.TIM_SetCompare2   stm32f10x_tim.o
    0x08005318   0x00000006   Code   RO         1640    i.TIM_SetCompare4   stm32f10x_tim.o
    0x0800531e   0x00000004   Code   RO         1641    i.TIM_SetCounter    stm32f10x_tim.o
    0x08005322   0x00000002   PAD
    0x08005324   0x0000009c   Code   RO         1647    i.TIM_TimeBaseInit  stm32f10x_tim.o
    0x080053c0   0x00000060   Code   RO         2096    i.Timer4_Init       usmart.o
    0x08005420   0x00000064   Code   RO          799    i.USART1_IRQHandler  usart.o
    0x08005484   0x00000054   Code   RO          663    i.USART3_IRQHandler  usart3.o
    0x080054d8   0x00000014   Code   RO         1332    i.USART_Cmd         stm32f10x_usart.o
    0x080054ec   0x0000003e   Code   RO         1336    i.USART_GetITStatus  stm32f10x_usart.o
    0x0800552a   0x00000030   Code   RO         1338    i.USART_ITConfig    stm32f10x_usart.o
    0x0800555a   0x00000002   PAD
    0x0800555c   0x000000ac   Code   RO         1339    i.USART_Init        stm32f10x_usart.o
    0x08005608   0x00000008   Code   RO         1346    i.USART_ReceiveData  stm32f10x_usart.o
    0x08005610   0x00000002   Code   RO          121    i.UsageFault_Handler  stm32f10x_it.o
    0x08005612   0x00000002   PAD
    0x08005614   0x00000080   Code   RO          701    i.X_distance_pwm    pid.o
    0x08005694   0x00000068   Code   RO          702    i.X_speed_pwm       pid.o
    0x080056fc   0x00000080   Code   RO          703    i.Y_distance_pwm    pid.o
    0x0800577c   0x00000068   Code   RO          704    i.Y_speed_pwm       pid.o
    0x080057e4   0x0000000e   Code   RO         2299    i._is_digit         c_w.l(__printf_wp.o)
    0x080057f2   0x00000002   Code   RO          800    i._sys_exit         usart.o
    0x080057f4   0x0000015c   Code   RO          511    i.camera_refresh    timer.o
    0x08005950   0x0000003c   Code   RO          744    i.delay_init        delay.o
    0x0800598c   0x00000034   Code   RO          745    i.delay_ms          delay.o
    0x080059c0   0x00000034   Code   RO          746    i.delay_us          delay.o
    0x080059f4   0x00000018   Code   RO          801    i.fputc             usart.o
    0x08005a0c   0x00000028   Code   RO          641    i.get_speedx        location.o
    0x08005a34   0x0000002c   Code   RO          642    i.get_speedy        location.o
    0x08005a60   0x00000188   Code   RO            1    i.main              main.o
    0x08005be8   0x00000004   Code   RO         2097    i.read_addr         usmart.o
    0x08005bec   0x000000a0   Code   RO          802    i.uart_init         usart.o
    0x08005c8c   0x000000ac   Code   RO          664    i.usart3_init       usart3.o
    0x08005d38   0x00000094   Code   RO         2098    i.usmart_cmd_rec    usmart.o
    0x08005dcc   0x00000260   Code   RO         2099    i.usmart_exe        usmart.o
    0x0800602c   0x0000009c   Code   RO         2185    i.usmart_get_aparm  usmart_str.o
    0x080060c8   0x0000002e   Code   RO         2186    i.usmart_get_cmdname  usmart_str.o
    0x080060f6   0x00000002   PAD
    0x080060f8   0x00000168   Code   RO         2187    i.usmart_get_fname  usmart_str.o
    0x08006260   0x000000d0   Code   RO         2188    i.usmart_get_fparam  usmart_str.o
    0x08006330   0x00000024   Code   RO         2189    i.usmart_get_parmpos  usmart_str.o
    0x08006354   0x00000038   Code   RO         2100    i.usmart_get_runtime  usmart.o
    0x0800638c   0x00000028   Code   RO         2101    i.usmart_init       usmart.o
    0x080063b4   0x00000010   Code   RO         2190    i.usmart_pow        usmart_str.o
    0x080063c4   0x00000030   Code   RO         2102    i.usmart_reset_runtime  usmart.o
    0x080063f4   0x000000a4   Code   RO         2103    i.usmart_scan       usmart.o
    0x08006498   0x00000010   Code   RO         2191    i.usmart_search_nextc  usmart_str.o
    0x080064a8   0x000000a0   Code   RO         2192    i.usmart_str2num    usmart_str.o
    0x08006548   0x00000018   Code   RO         2193    i.usmart_strcmp     usmart_str.o
    0x08006560   0x00000012   Code   RO         2194    i.usmart_strcopy    usmart_str.o
    0x08006572   0x00000012   Code   RO         2195    i.usmart_strlen     usmart_str.o
    0x08006584   0x00000670   Code   RO         2104    i.usmart_sys_cmd_exe  usmart.o
    0x08006bf4   0x00000004   Code   RO         2105    i.write_addr        usmart.o
    0x08006bf8   0x00000062   Code   RO         2321    x$fpl$d2f           fz_ws.l(d2f.o)
    0x08006c5a   0x00000002   PAD
    0x08006c5c   0x00000150   Code   RO         2323    x$fpl$dadd          fz_ws.l(daddsub_clz.o)
    0x08006dac   0x00000010   Code   RO         2379    x$fpl$dcheck1       fz_ws.l(dcheck1.o)
    0x08006dbc   0x000002b0   Code   RO         2330    x$fpl$ddiv          fz_ws.l(ddiv.o)
    0x0800706c   0x0000005a   Code   RO         2333    x$fpl$dfixu         fz_ws.l(dfixu.o)
    0x080070c6   0x0000002e   Code   RO         2338    x$fpl$dflt          fz_ws.l(dflt_clz.o)
    0x080070f4   0x00000026   Code   RO         2337    x$fpl$dfltu         fz_ws.l(dflt_clz.o)
    0x0800711a   0x00000002   PAD
    0x0800711c   0x00000154   Code   RO         2343    x$fpl$dmul          fz_ws.l(dmul.o)
    0x08007270   0x0000009c   Code   RO         2381    x$fpl$dnaninf       fz_ws.l(dnaninf.o)
    0x0800730c   0x0000000c   Code   RO         2383    x$fpl$dretinf       fz_ws.l(dretinf.o)
    0x08007318   0x000001d4   Code   RO         2325    x$fpl$dsub          fz_ws.l(daddsub_clz.o)
    0x080074ec   0x000000c4   Code   RO         2345    x$fpl$fadd          fz_ws.l(faddsub_clz.o)
    0x080075b0   0x00000036   Code   RO         2351    x$fpl$ffix          fz_ws.l(ffix.o)
    0x080075e6   0x00000002   PAD
    0x080075e8   0x0000003e   Code   RO         2355    x$fpl$ffixu         fz_ws.l(ffixu.o)
    0x08007626   0x00000002   PAD
    0x08007628   0x00000030   Code   RO         2360    x$fpl$fflt          fz_ws.l(fflt_clz.o)
    0x08007658   0x00000026   Code   RO         2359    x$fpl$ffltu         fz_ws.l(fflt_clz.o)
    0x0800767e   0x00000002   PAD
    0x08007680   0x00000102   Code   RO         2365    x$fpl$fmul          fz_ws.l(fmul.o)
    0x08007782   0x0000008c   Code   RO         2385    x$fpl$fnaninf       fz_ws.l(fnaninf.o)
    0x0800780e   0x0000000a   Code   RO         2387    x$fpl$fretinf       fz_ws.l(fretinf.o)
    0x08007818   0x000000ea   Code   RO         2347    x$fpl$fsub          fz_ws.l(faddsub_clz.o)
    0x08007902   0x00000064   Code   RO         2411    x$fpl$retnan        fz_ws.l(retnan.o)
    0x08007966   0x0000005c   Code   RO         2367    x$fpl$scalbn        fz_ws.l(scalbn.o)
    0x080079c2   0x00000030   Code   RO         2425    x$fpl$trapveneer    fz_ws.l(trapv.o)
    0x080079f2   0x00000000   Code   RO         2389    x$fpl$usenofp       fz_ws.l(usenofp.o)
    0x080079f2   0x000017c0   Data   RO          319    .constdata          lcd.o
    0x080091b2   0x00000150   Data   RO          566    .constdata          ov7670.o
    0x08009302   0x00000028   Data   RO         2272    .constdata          c_w.l(_printf_hex_int.o)
    0x0800932a   0x00000011   Data   RO         2307    .constdata          c_w.l(__printf_flags_ss_wp.o)
    0x0800933b   0x00000001   PAD
    0x0800933c   0x00000028   Data   RO         2106    .conststring        usmart.o
    0x08009364   0x000000df   Data   RO         2171    .conststring        usmart_config.o
    0x08009443   0x00000001   PAD
    0x08009444   0x00000020   Data   RO         2549    Region$$Table       anon$$obj.o


    Execution Region RW_IRAM1 (Base: 0x20000000, Size: 0x0000cf98, Max: 0x00010000, ABSOLUTE, COMPRESSED[0x00000088])

    Base Addr    Size         Type   Attr      Idx    E Section Name        Object

    0x20000000   0x00000014   Data   RW          199    .data               system_stm32f10x.o
    0x20000014   0x00000012   Data   RW          243    .data               key.o
    0x20000026   0x00000001   Data   RW          244    .data               key.o
    0x20000027   0x00000001   PAD
    0x20000028   0x00000004   Data   RW          320    .data               lcd.o
    0x2000002c   0x00000001   Data   RW          483    .data               exti.o
    0x2000002d   0x00000001   PAD
    0x2000002e   0x00000004   Data   RW          643    .data               location.o
    0x20000032   0x00000002   PAD
    0x20000034   0x00000008   Data   RW          667    .data               usart3.o
    0x2000003c   0x00000028   Data   RW          706    .data               pid.o
    0x20000064   0x00000004   Data   RW          747    .data               delay.o
    0x20000068   0x00000002   Data   RW          804    .data               usart.o
    0x2000006a   0x00000002   PAD
    0x2000006c   0x00000004   Data   RW          805    .data               usart.o
    0x20000070   0x00000014   Data   RW         1160    .data               stm32f10x_rcc.o
    0x20000084   0x0000001c   Data   RW         2107    .data               usmart.o
    0x200000a0   0x00000038   Data   RW         2172    .data               usmart_config.o
    0x200000d8   0x000000f4   Data   RW         2173    .data               usmart_config.o
    0x200001cc   0x0000000e   Zero   RW          318    .bss                lcd.o
    0x200001da   0x0000c800   Zero   RW          512    .bss                timer.o
    0x2000c9da   0x00000002   PAD
    0x2000c9dc   0x0000003b   Zero   RW          665    .bss                usart3.o
    0x2000ca17   0x00000001   PAD
    0x2000ca18   0x00000054   Zero   RW          705    .bss                pid.o
    0x2000ca6c   0x000000c8   Zero   RW          803    .bss                usart.o
    0x2000cb34   0x00000060   Zero   RW         2428    .bss                c_w.l(libspace.o)
    0x2000cb94   0x00000004   PAD
    0x2000cb98   0x00000000   Zero   RW          852    HEAP                startup_stm32f10x_hd.o
    0x2000cb98   0x00000400   Zero   RW          851    STACK               startup_stm32f10x_hd.o


==============================================================================

Image component sizes


      Code (inc. data)   RO Data    RW Data    ZI Data      Debug   Object Name

       164         26          0          4          0       1663   delay.o
       134         14          0          1          0       1307   exti.o
       818        100          0         19          0       4598   key.o
     14342        182       6080          4         14      54008   lcd.o
        80         10          0          0          0        515   led.o
        84         28          0          4          0       1370   location.o
       392        116          0          0          0     263547   main.o
       144         16          0          0          0       1985   misc.o
       382         30        336          0          0       2056   ov7670.o
       488         80          0         40         84       4167   pid.o
       682         66          0          0          0       4803   sccb.o
        60         22        304          0       1024        796   startup_stm32f10x_hd.o
       168         20          0          0          0       2581   stm32f10x_exti.o
       232          6          0          0          0       1833   stm32f10x_fsmc.o
       312         12          0          0          0       5181   stm32f10x_gpio.o
        18          0          0          0          0       3766   stm32f10x_it.o
       220         34          0         20          0       4950   stm32f10x_rcc.o
       552         60          0          0          0      10676   stm32f10x_tim.o
       310          6          0          0          0       4658   stm32f10x_usart.o
         0          0          0          0          0         32   sys.o
       248         24          0         20          0       1761   system_stm32f10x.o
      1092        124          0          0      51200       4526   timer.o
       286         26          0          6        200       4088   usart.o
       600         46          0          8         59       2822   usart3.o
      2876       1332         40         28          0       7446   usmart.o
         0          0        223        300          0       1672   usmart_config.o
      1058         20          0          0          0       7683   usmart_str.o

    ----------------------------------------------------------------------
     25762       2400       7016        460      52584     404490   Object Totals
         0          0         32          0          0          0   (incl. Generated)
        20          0          1          6          3          0   (incl. Padding)

    ----------------------------------------------------------------------

      Code (inc. data)   RO Data    RW Data    ZI Data      Debug   Library Member Name

        90          0          0          0          0          0   __dczerorl2.o
         8          0          0          0          0         68   __main.o
       392          4         17          0          0         92   __printf_flags_ss_wp.o
        14          0          0          0          0         68   __printf_wp.o
         0          0          0          0          0          0   __rtentry.o
        12          0          0          0          0          0   __rtentry2.o
         6          0          0          0          0          0   __rtentry4.o
        52          8          0          0          0          0   __scatter.o
        28          0          0          0          0          0   __scatter_zi.o
         6          0          0          0          0          0   _printf_c.o
        44          0          0          0          0        108   _printf_char.o
        48          6          0          0          0         96   _printf_char_common.o
        36          4          0          0          0         80   _printf_char_file.o
         6          0          0          0          0          0   _printf_d.o
       120         16          0          0          0         92   _printf_dec.o
        88          4         40          0          0         88   _printf_hex_int.o
       178          0          0          0          0         88   _printf_intcommon.o
        78          0          0          0          0        108   _printf_pad.o
         0          0          0          0          0          0   _printf_percent.o
         4          0          0          0          0          0   _printf_percent_end.o
         6          0          0          0          0          0   _printf_s.o
        82          0          0          0          0         80   _printf_str.o
         6          0          0          0          0          0   _printf_u.o
         6          0          0          0          0          0   _printf_x.o
        12          0          0          0          0         72   exit.o
         8          0          0          0          0         68   ferror.o
         6          0          0          0          0        152   heapauxi.o
         2          0          0          0          0          0   libinit.o
         2          0          0          0          0          0   libinit2.o
         2          0          0          0          0          0   libshutdown.o
         2          0          0          0          0          0   libshutdown2.o
         8          4          0          0         96         68   libspace.o
        24          4          0          0          0         84   noretval__2printf.o
       100          0          0          0          0         80   rt_memcpy_w.o
         2          0          0          0          0          0   rtexit.o
        10          0          0          0          0          0   rtexit2.o
        74          0          0          0          0         80   sys_stackheap_outer.o
         2          0          0          0          0         68   use_no_semi.o
         2          0          0          0          0         68   use_no_semi_2.o
        98          4          0          0          0         92   d2f.o
       804         16          0          0          0        272   daddsub_clz.o
        16          4          0          0          0         68   dcheck1.o
       688        140          0          0          0        208   ddiv.o
        90          4          0          0          0         92   dfixu.o
        84          0          0          0          0        136   dflt_clz.o
       340         12          0          0          0        104   dmul.o
       156          4          0          0          0         92   dnaninf.o
        12          0          0          0          0         68   dretinf.o
       430          8          0          0          0        168   faddsub_clz.o
        54          4          0          0          0         84   ffix.o
        62          4          0          0          0         84   ffixu.o
        86          0          0          0          0        136   fflt_clz.o
       258          4          0          0          0         84   fmul.o
       140          4          0          0          0         84   fnaninf.o
        10          0          0          0          0         68   fretinf.o
       100          0          0          0          0         68   retnan.o
        92          0          0          0          0         68   scalbn.o
        48          0          0          0          0         68   trapv.o
         0          0          0          0          0          0   usenofp.o

    ----------------------------------------------------------------------
      5152        258         58          0        100       3752   Library Totals
        18          0          1          0          4          0   (incl. Padding)

    ----------------------------------------------------------------------

      Code (inc. data)   RO Data    RW Data    ZI Data      Debug   Library Name

      1566         50         57          0         96       1708   c_w.l
      3568        208          0          0          0       2044   fz_ws.l

    ----------------------------------------------------------------------
      5152        258         58          0        100       3752   Library Totals

    ----------------------------------------------------------------------

==============================================================================


      Code (inc. data)   RO Data    RW Data    ZI Data      Debug   

     30914       2658       7074        460      52684     399554   Grand Totals
     30914       2658       7074        136      52684     399554   ELF Image Totals (compressed)
     30914       2658       7074        136          0          0   ROM Totals

==============================================================================

    Total RO  Size (Code + RO Data)                37988 (  37.10kB)
    Total RW  Size (RW Data + ZI Data)             53144 (  51.90kB)
    Total ROM Size (Code + RO Data + RW Data)      38124 (  37.23kB)

==============================================================================

